Archive member included to satisfy reference by file (symbol)

C:/ST/STM32CubeIDE_1.18.0/STM32CubeIDE/plugins/com.st.stm32cube.ide.mcu.externaltools.gnu-tools-for-stm32.13.3.rel1.win32_1.0.0.202411081344/tools/bin/../lib/gcc/arm-none-eabi/13.3.1/../../../../arm-none-eabi/lib/thumb/v7e-m+fp/hard\libc_nano.a(libc_a-exit.o)
                              C:/ST/STM32CubeIDE_1.18.0/STM32CubeIDE/plugins/com.st.stm32cube.ide.mcu.externaltools.gnu-tools-for-stm32.13.3.rel1.win32_1.0.0.202411081344/tools/bin/../lib/gcc/arm-none-eabi/13.3.1/../../../../arm-none-eabi/lib/thumb/v7e-m+fp/hard/crt0.o (exit)
C:/ST/STM32CubeIDE_1.18.0/STM32CubeIDE/plugins/com.st.stm32cube.ide.mcu.externaltools.gnu-tools-for-stm32.13.3.rel1.win32_1.0.0.202411081344/tools/bin/../lib/gcc/arm-none-eabi/13.3.1/../../../../arm-none-eabi/lib/thumb/v7e-m+fp/hard\libc_nano.a(libc_a-findfp.o)
                              C:/ST/STM32CubeIDE_1.18.0/STM32CubeIDE/plugins/com.st.stm32cube.ide.mcu.externaltools.gnu-tools-for-stm32.13.3.rel1.win32_1.0.0.202411081344/tools/bin/../lib/gcc/arm-none-eabi/13.3.1/../../../../arm-none-eabi/lib/thumb/v7e-m+fp/hard\libc_nano.a(libc_a-exit.o) (__stdio_exit_handler)
C:/ST/STM32CubeIDE_1.18.0/STM32CubeIDE/plugins/com.st.stm32cube.ide.mcu.externaltools.gnu-tools-for-stm32.13.3.rel1.win32_1.0.0.202411081344/tools/bin/../lib/gcc/arm-none-eabi/13.3.1/../../../../arm-none-eabi/lib/thumb/v7e-m+fp/hard\libc_nano.a(libc_a-fwalk.o)
                              C:/ST/STM32CubeIDE_1.18.0/STM32CubeIDE/plugins/com.st.stm32cube.ide.mcu.externaltools.gnu-tools-for-stm32.13.3.rel1.win32_1.0.0.202411081344/tools/bin/../lib/gcc/arm-none-eabi/13.3.1/../../../../arm-none-eabi/lib/thumb/v7e-m+fp/hard\libc_nano.a(libc_a-findfp.o) (_fwalk_sglue)
C:/ST/STM32CubeIDE_1.18.0/STM32CubeIDE/plugins/com.st.stm32cube.ide.mcu.externaltools.gnu-tools-for-stm32.13.3.rel1.win32_1.0.0.202411081344/tools/bin/../lib/gcc/arm-none-eabi/13.3.1/../../../../arm-none-eabi/lib/thumb/v7e-m+fp/hard\libc_nano.a(libc_a-sprintf.o)
                              ./Core/Src/main.o (sprintf)
C:/ST/STM32CubeIDE_1.18.0/STM32CubeIDE/plugins/com.st.stm32cube.ide.mcu.externaltools.gnu-tools-for-stm32.13.3.rel1.win32_1.0.0.202411081344/tools/bin/../lib/gcc/arm-none-eabi/13.3.1/../../../../arm-none-eabi/lib/thumb/v7e-m+fp/hard\libc_nano.a(libc_a-stdio.o)
                              C:/ST/STM32CubeIDE_1.18.0/STM32CubeIDE/plugins/com.st.stm32cube.ide.mcu.externaltools.gnu-tools-for-stm32.13.3.rel1.win32_1.0.0.202411081344/tools/bin/../lib/gcc/arm-none-eabi/13.3.1/../../../../arm-none-eabi/lib/thumb/v7e-m+fp/hard\libc_nano.a(libc_a-findfp.o) (__sread)
C:/ST/STM32CubeIDE_1.18.0/STM32CubeIDE/plugins/com.st.stm32cube.ide.mcu.externaltools.gnu-tools-for-stm32.13.3.rel1.win32_1.0.0.202411081344/tools/bin/../lib/gcc/arm-none-eabi/13.3.1/../../../../arm-none-eabi/lib/thumb/v7e-m+fp/hard\libc_nano.a(libc_a-memset.o)
                              C:/ST/STM32CubeIDE_1.18.0/STM32CubeIDE/plugins/com.st.stm32cube.ide.mcu.externaltools.gnu-tools-for-stm32.13.3.rel1.win32_1.0.0.202411081344/tools/bin/../lib/gcc/arm-none-eabi/13.3.1/../../../../arm-none-eabi/lib/thumb/v7e-m+fp/hard/crt0.o (memset)
C:/ST/STM32CubeIDE_1.18.0/STM32CubeIDE/plugins/com.st.stm32cube.ide.mcu.externaltools.gnu-tools-for-stm32.13.3.rel1.win32_1.0.0.202411081344/tools/bin/../lib/gcc/arm-none-eabi/13.3.1/../../../../arm-none-eabi/lib/thumb/v7e-m+fp/hard\libc_nano.a(libc_a-closer.o)
                              C:/ST/STM32CubeIDE_1.18.0/STM32CubeIDE/plugins/com.st.stm32cube.ide.mcu.externaltools.gnu-tools-for-stm32.13.3.rel1.win32_1.0.0.202411081344/tools/bin/../lib/gcc/arm-none-eabi/13.3.1/../../../../arm-none-eabi/lib/thumb/v7e-m+fp/hard\libc_nano.a(libc_a-stdio.o) (_close_r)
C:/ST/STM32CubeIDE_1.18.0/STM32CubeIDE/plugins/com.st.stm32cube.ide.mcu.externaltools.gnu-tools-for-stm32.13.3.rel1.win32_1.0.0.202411081344/tools/bin/../lib/gcc/arm-none-eabi/13.3.1/../../../../arm-none-eabi/lib/thumb/v7e-m+fp/hard\libc_nano.a(libc_a-reent.o)
                              C:/ST/STM32CubeIDE_1.18.0/STM32CubeIDE/plugins/com.st.stm32cube.ide.mcu.externaltools.gnu-tools-for-stm32.13.3.rel1.win32_1.0.0.202411081344/tools/bin/../lib/gcc/arm-none-eabi/13.3.1/../../../../arm-none-eabi/lib/thumb/v7e-m+fp/hard\libc_nano.a(libc_a-closer.o) (errno)
C:/ST/STM32CubeIDE_1.18.0/STM32CubeIDE/plugins/com.st.stm32cube.ide.mcu.externaltools.gnu-tools-for-stm32.13.3.rel1.win32_1.0.0.202411081344/tools/bin/../lib/gcc/arm-none-eabi/13.3.1/../../../../arm-none-eabi/lib/thumb/v7e-m+fp/hard\libc_nano.a(libc_a-impure.o)
                              C:/ST/STM32CubeIDE_1.18.0/STM32CubeIDE/plugins/com.st.stm32cube.ide.mcu.externaltools.gnu-tools-for-stm32.13.3.rel1.win32_1.0.0.202411081344/tools/bin/../lib/gcc/arm-none-eabi/13.3.1/../../../../arm-none-eabi/lib/thumb/v7e-m+fp/hard\libc_nano.a(libc_a-sprintf.o) (_impure_ptr)
[...]
Memory Configuration

Name             Origin             Length             Attributes
RAM              0x20000000         0x00020000         xrw
FLASH            0x08000000         0x00080000         xr
*default*        0x00000000         0xffffffff

Linker script and memory map

LOAD C:/ST/STM32CubeIDE_1.18.0/STM32CubeIDE/plugins/com.st.stm32cube.ide.mcu.externaltools.gnu-tools-for-stm32.13.3.rel1.win32_1.0.0.202411081344/tools/bin/../lib/gcc/arm-none-eabi/13.3.1/thumb/v7e-m+fp/hard/crti.o
LOAD C:/ST/STM32CubeIDE_1.18.0/STM32CubeIDE/plugins/com.st.stm32cube.ide.mcu.externaltools.gnu-tools-for-stm32.13.3.rel1.win32_1.0.0.202411081344/tools/bin/../lib/gcc/arm-none-eabi/13.3.1/thumb/v7e-m+fp/hard/crtbegin.o
LOAD C:/ST/STM32CubeIDE_1.18.0/STM32CubeIDE/plugins/com.st.stm32cube.ide.mcu.externaltools.gnu-tools-for-stm32.13.3.rel1.win32_1.0.0.202411081344/tools/bin/../lib/gcc/arm-none-eabi/13.3.1/../../../../arm-none-eabi/lib/thumb/v7e-m+fp/hard/crt0.o
LOAD ./Core/Src/main.o
LOAD ./Core/Src/stm32g4xx_hal_msp.o
LOAD ./Core/Src/stm32g4xx_it.o
LOAD ./Core/Src/syscalls.o
LOAD ./Core/Src/sysmem.o
LOAD ./Core/Src/system_stm32g4xx.o
LOAD ./Core/Startup/startup_stm32g473qetx.o
LOAD ./Drivers/STM32G4xx_HAL_Driver/Src/stm32g4xx_hal.o
LOAD ./Drivers/STM32G4xx_HAL_Driver/Src/stm32g4xx_hal_adc.o
LOAD ./Drivers/STM32G4xx_HAL_Driver/Src/stm32g4xx_hal_adc_ex.o
LOAD ./Drivers/STM32G4xx_HAL_Driver/Src/stm32g4xx_hal_cortex.o
LOAD ./Drivers/STM32G4xx_HAL_Driver/Src/stm32g4xx_hal_dac.o
LOAD ./Drivers/STM32G4xx_HAL_Driver/Src/stm32g4xx_hal_dac_ex.o
LOAD ./Drivers/STM32G4xx_HAL_Driver/Src/stm32g4xx_hal_dma.o
LOAD ./Drivers/STM32G4xx_HAL_Driver/Src/stm32g4xx_hal_dma_ex.o
LOAD ./Drivers/STM32G4xx_HAL_Driver/Src/stm32g4xx_hal_exti.o
LOAD ./Drivers/STM32G4xx_HAL_Driver/Src/stm32g4xx_hal_flash.o
LOAD ./Drivers/STM32G4xx_HAL_Driver/Src/stm32g4xx_hal_flash_ex.o
LOAD ./Drivers/STM32G4xx_HAL_Driver/Src/stm32g4xx_hal_flash_ramfunc.o
LOAD ./Drivers/STM32G4xx_HAL_Driver/Src/stm32g4xx_hal_gpio.o
LOAD ./Drivers/STM32G4xx_HAL_Driver/Src/stm32g4xx_hal_opamp.o
LOAD ./Drivers/STM32G4xx_HAL_Driver/Src/stm32g4xx_hal_opamp_ex.o
LOAD ./Drivers/STM32G4xx_HAL_Driver/Src/stm32g4xx_hal_pwr.o
LOAD ./Drivers/STM32G4xx_HAL_Driver/Src/stm32g4xx_hal_pwr_ex.o
LOAD ./Drivers/STM32G4xx_HAL_Driver/Src/stm32g4xx_hal_rcc.o
LOAD ./Drivers/STM32G4xx_HAL_Driver/Src/stm32g4xx_hal_rcc_ex.o
LOAD ./Drivers/STM32G4xx_HAL_Driver/Src/stm32g4xx_hal_spi.o
LOAD ./Drivers/STM32G4xx_HAL_Driver/Src/stm32g4xx_hal_spi_ex.o
LOAD ./Drivers/STM32G4xx_HAL_Driver/Src/stm32g4xx_hal_tim.o
LOAD ./Drivers/STM32G4xx_HAL_Driver/Src/stm32g4xx_hal_tim_ex.o
LOAD ./Drivers/STM32G4xx_HAL_Driver/Src/stm32g4xx_hal_uart.o
LOAD ./Drivers/STM32G4xx_HAL_Driver/Src/stm32g4xx_hal_uart_ex.o
LOAD ./Drivers/STM32G4xx_HAL_Driver/Src/stm32g4xx_ll_adc.o
START GROUP
LOAD C:/ST/STM32CubeIDE_1.18.0/STM32CubeIDE/plugins/com.st.stm32cube.ide.mcu.externaltools.gnu-tools-for-stm32.13.3.rel1.win32_1.0.0.202411081344/tools/bin/../lib/gcc/arm-none-eabi/13.3.1/../../../../arm-none-eabi/lib/thumb/v7e-m+fp/hard\libc_nano.a
LOAD C:/ST/STM32CubeIDE_1.18.0/STM32CubeIDE/plugins/com.st.stm32cube.ide.mcu.externaltools.gnu-tools-for-stm32.13.3.rel1.win32_1.0.0.202411081344/tools/bin/../lib/gcc/arm-none-eabi/13.3.1/../../../../arm-none-eabi/lib/thumb/v7e-m+fp/hard\libm.a
END GROUP
START GROUP
LOAD C:/ST/STM32CubeIDE_1.18.0/STM32CubeIDE/plugins/com.st.stm32cube.ide.mcu.externaltools.gnu-tools-for-stm32.13.3.rel1.win32_1.0.0.202411081344/tools/bin/../lib/gcc/arm-none-eabi/13.3.1/thumb/v7e-m+fp/hard\libgcc.a
LOAD C:/ST/STM32CubeIDE_1.18.0/STM32CubeIDE/plugins/com.st.stm32cube.ide.mcu.externaltools.gnu-tools-for-stm32.13.3.rel1.win32_1.0.0.202411081344/tools/bin/../lib/gcc/arm-none-eabi/13.3.1/../../../../arm-none-eabi/lib/thumb/v7e-m+fp/hard\libc_nano.a
END GROUP
START GROUP
LOAD C:/ST/STM32CubeIDE_1.18.0/STM32CubeIDE/plugins/com.st.stm32cube.ide.mcu.externaltools.gnu-tools-for-stm32.13.3.rel1.win32_1.0.0.202411081344/tools/bin/../lib/gcc/arm-none-eabi/13.3.1/thumb/v7e-m+fp/hard\libgcc.a
LOAD C:/ST/STM32CubeIDE_1.18.0/STM32CubeIDE/plugins/com.st.stm32cube.ide.mcu.externaltools.gnu-tools-for-stm32.13.3.rel1.win32_1.0.0.202411081344/tools/bin/../lib/gcc/arm-none-eabi/13.3.1/../../../../arm-none-eabi/lib/thumb/v7e-m+fp/hard\libc_nano.a
LOAD C:/ST/STM32CubeIDE_1.18.0/STM32CubeIDE/plugins/com.st.stm32cube.ide.mcu.externaltools.gnu-tools-for-stm32.13.3.rel1.win32_1.0.0.202411081344/tools/bin/../lib/gcc/arm-none-eabi/13.3.1/../../../../arm-none-eabi/lib/thumb/v7e-m+fp/hard\libnosys.a
END GROUP
START GROUP
LOAD C:/ST/STM32CubeIDE_1.18.0/STM32CubeIDE/plugins/com.st.stm32cube.ide.mcu.externaltools.gnu-tools-for-stm32.13.3.rel1.win32_1.0.0.202411081344/tools/bin/../lib/gcc/arm-none-eabi/13.3.1/thumb/v7e-m+fp/hard\libgcc.a
LOAD C:/ST/STM32CubeIDE_1.18.0/STM32CubeIDE/plugins/com.st.stm32cube.ide.mcu.externaltools.gnu-tools-for-stm32.13.3.rel1.win32_1.0.0.202411081344/tools/bin/../lib/gcc/arm-none-eabi/13.3.1/../../../../arm-none-eabi/lib/thumb/v7e-m+fp/hard\libc_nano.a
LOAD C:/ST/STM32CubeIDE_1.18.0/STM32CubeIDE/plugins/com.st.stm32cube.ide.mcu.externaltools.gnu-tools-for-stm32.13.3.rel1.win32_1.0.0.202411081344/tools/bin/../lib/gcc/arm-none-eabi/13.3.1/../../../../arm-none-eabi/lib/thumb/v7e-m+fp/hard\libnosys.a
END GROUP
LOAD C:/ST/STM32CubeIDE_1.18.0/STM32CubeIDE/plugins/com.st.stm32cube.ide.mcu.externaltools.gnu-tools-for-stm32.13.3.rel1.win32_1.0.0.202411081344/tools/bin/../lib/gcc/arm-none-eabi/13.3.1/thumb/v7e-m+fp/hard/crtend.o
LOAD C:/ST/STM32CubeIDE_1.18.0/STM32CubeIDE/plugins/com.st.stm32cube.ide.mcu.externaltools.gnu-tools-for-stm32.13.3.rel1.win32_1.0.0.202411081344/tools/bin/../lib/gcc/arm-none-eabi/13.3.1/thumb/v7e-m+fp/hard/crtn.o
                0x20020000                        _estack = (ORIGIN (RAM) + LENGTH (RAM))
                0x00000200                        _Min_Heap_Size = 0x200
                0x00000400                        _Min_Stack_Size = 0x400

.isr_vector     0x08000000      0x1d8
                0x08000000                        . = ALIGN (0x4)
 *(.isr_vector)
 .isr_vector    0x08000000      0x1d8 ./Core/Startup/startup_stm32g473qetx.o
                0x08000000                g_pfnVectors
                0x080001d8                        . = ALIGN (0x4)

.text           0x080001e0     0x9d0c
                0x080001e0                        . = ALIGN (0x4)
 *(.text)
 .text          0x080001e0       0x40 C:/ST/STM32CubeIDE_1.18.0/STM32CubeIDE/plugins/com.st.stm32cube.ide.mcu.externaltools.gnu-tools-for-stm32.13.3.rel1.win32_1.0.0.202411081344/tools/bin/../lib/gcc/arm-none-eabi/13.3.1/thumb/v7e-m+fp/hard/crtbegin.o
 .text          0x08000220       0x10 C:/ST/STM32CubeIDE_1.18.0/STM32CubeIDE/plugins/com.st.stm32cube.ide.mcu.externaltools.gnu-tools-for-stm32.13.3.rel1.win32_1.0.0.202411081344/tools/bin/../lib/gcc/arm-none-eabi/13.3.1/../../../../arm-none-eabi/lib/thumb/v7e-m+fp/hard\libc_nano.a(libc_a-strlen.o)
                0x08000220                strlen
 .text          0x08000230       0xa0 C:/ST/STM32CubeIDE_1.18.0/STM32CubeIDE/plugins/com.st.stm32cube.ide.mcu.externaltools.gnu-tools-for-stm32.13.3.rel1.win32_1.0.0.202411081344/tools/bin/../lib/gcc/arm-none-eabi/13.3.1/../../../../arm-none-eabi/lib/thumb/v7e-m+fp/hard\libc_nano.a(libc_a-memchr.o)
                0x08000230                memchr
 .text          0x080002d0       0x30 C:/ST/STM32CubeIDE_1.18.0/STM32CubeIDE/plugins/com.st.stm32cube.ide.mcu.externaltools.gnu-tools-for-stm32.13.3.rel1.win32_1.0.0.202411081344/tools/bin/../lib/gcc/arm-none-eabi/13.3.1/thumb/v7e-m+fp/hard\libgcc.a(_aeabi_uldivmod.o)
                0x080002d0                __aeabi_uldivmod
 .text          0x08000300      0x2f8 C:/ST/STM32CubeIDE_1.18.0/STM32CubeIDE/plugins/com.st.stm32cube.ide.mcu.externaltools.gnu-tools-for-stm32.13.3.rel1.win32_1.0.0.202411081344/tools/bin/../lib/gcc/arm-none-eabi/13.3.1/thumb/v7e-m+fp/hard\libgcc.a(_udivmoddi4.o)
                0x08000300                __udivmoddi4
 .text          0x080005f8        0x4 C:/ST/STM32CubeIDE_1.18.0/STM32CubeIDE/plugins/com.st.stm32cube.ide.mcu.externaltools.gnu-tools-for-stm32.13.3.rel1.win32_1.0.0.202411081344/tools/bin/../lib/gcc/arm-none-eabi/13.3.1/thumb/v7e-m+fp/hard\libgcc.a(_dvmd_tls.o)
                0x080005f8                __aeabi_idiv0
                0x080005f8                __aeabi_ldiv0
 *(.text*)
 .text.HAL_ADC_ConvCpltCallback
                0x080005fc       0x20 ./Core/Src/main.o
                0x080005fc                HAL_ADC_ConvCpltCallback
 .text.main     0x0800061c      0x100 ./Core/Src/main.o
                0x0800061c                main
 .text.SystemClock_Config
                0x0800071c       0x80 ./Core/Src/main.o
                0x0800071c                SystemClock_Config
 .text.MX_ADC2_Init
                0x0800079c      0x12c ./Core/Src/main.o
 .text.MX_ADC3_Init
                0x080008c8       0xf0 ./Core/Src/main.o
 .text.MX_ADC4_Init
                0x080009b8       0xcc ./Core/Src/main.o
 .text.MX_DAC1_Init
                0x08000a84       0x88 ./Core/Src/main.o
 .text.MX_OPAMP3_Init
                0x08000b0c       0x50 ./Core/Src/main.o
 .text.MX_OPAMP4_Init
                0x08000b5c       0x50 ./Core/Src/main.o
 .text.MX_OPAMP5_Init
                0x08000bac       0x50 ./Core/Src/main.o
 .text.MX_SPI1_Init
                0x08000bfc       0x70 ./Core/Src/main.o
 .text.MX_TIM1_Init
                0x08000c6c      0x1b4 ./Core/Src/main.o
 .text.MX_TIM2_Init
                0x08000e20       0xf0 ./Core/Src/main.o
 .text.MX_TIM3_Init
                0x08000f10       0xd0 ./Core/Src/main.o
 .text.MX_TIM4_Init
                0x08000fe0       0xd0 ./Core/Src/main.o
 .text.MX_TIM5_Init
                0x080010b0       0xf0 ./Core/Src/main.o
 .text.MX_TIM8_Init
                0x080011a0      0x1f8 ./Core/Src/main.o
 .text.MX_TIM16_Init
                0x08001398      0x124 ./Core/Src/main.o
 .text.MX_TIM17_Init
                0x080014bc      0x124 ./Core/Src/main.o
 .text.MX_TIM20_Init
                0x080015e0      0x1e0 ./Core/Src/main.o
 .text.MX_USART1_UART_Init
                0x080017c0       0x98 ./Core/Src/main.o
 .text.MX_DMA_Init
                0x08001858       0x54 ./Core/Src/main.o
 .text.MX_GPIO_Init
                0x080018ac      0x244 ./Core/Src/main.o
 .text.Error_Handler
                0x08001af0        0xc ./Core/Src/main.o
                0x08001af0                Error_Handler
 .text.HAL_MspInit
                0x08001afc       0x48 ./Core/Src/stm32g4xx_hal_msp.o
                0x08001afc                HAL_MspInit
 .text.HAL_ADC_MspInit
                0x08001b44      0x3c0 ./Core/Src/stm32g4xx_hal_msp.o
                0x08001b44                HAL_ADC_MspInit
 .text.HAL_DAC_MspInit
                0x08001f04       0x7c ./Core/Src/stm32g4xx_hal_msp.o
                0x08001f04                HAL_DAC_MspInit
 .text.HAL_OPAMP_MspInit
                0x08001f80      0x120 ./Core/Src/stm32g4xx_hal_msp.o
                0x08001f80                HAL_OPAMP_MspInit
 .text.HAL_SPI_MspInit
                0x080020a0       0x88 ./Core/Src/stm32g4xx_hal_msp.o
                0x080020a0                HAL_SPI_MspInit
 .text.HAL_TIM_Base_MspInit
                0x08002128      0x414 ./Core/Src/stm32g4xx_hal_msp.o
                0x08002128                HAL_TIM_Base_MspInit
 .text.HAL_TIM_IC_MspInit
                0x0800253c       0xe8 ./Core/Src/stm32g4xx_hal_msp.o
                0x0800253c                HAL_TIM_IC_MspInit
 .text.HAL_TIM_MspPostInit
                0x08002624      0x250 ./Core/Src/stm32g4xx_hal_msp.o
                0x08002624                HAL_TIM_MspPostInit
 .text.HAL_UART_MspInit
                0x08002874       0xf0 ./Core/Src/stm32g4xx_hal_msp.o
                0x08002874                HAL_UART_MspInit
 .text.NMI_Handler
                0x08002964        0x8 ./Core/Src/stm32g4xx_it.o
                0x08002964                NMI_Handler
 .text.HardFault_Handler
                0x0800296c        0x8 ./Core/Src/stm32g4xx_it.o
                0x0800296c                HardFault_Handler
 .text.MemManage_Handler
                0x08002974        0x8 ./Core/Src/stm32g4xx_it.o
                0x08002974                MemManage_Handler
 .text.BusFault_Handler
                0x0800297c        0x8 ./Core/Src/stm32g4xx_it.o
                0x0800297c                BusFault_Handler
 .text.UsageFault_Handler
                0x08002984        0x8 ./Core/Src/stm32g4xx_it.o
                0x08002984                UsageFault_Handler
 .text.SVC_Handler
                0x0800298c        0xe ./Core/Src/stm32g4xx_it.o
                0x0800298c                SVC_Handler
 .text.DebugMon_Handler
                0x0800299a        0xe ./Core/Src/stm32g4xx_it.o
                0x0800299a                DebugMon_Handler
 .text.PendSV_Handler
                0x080029a8        0xe ./Core/Src/stm32g4xx_it.o
                0x080029a8                PendSV_Handler
 .text.SysTick_Handler
                0x080029b6        0xc ./Core/Src/stm32g4xx_it.o
                0x080029b6                SysTick_Handler
 *fill*         0x080029c2        0x2 
 .text.DMA1_Channel1_IRQHandler
                0x080029c4       0x14 ./Core/Src/stm32g4xx_it.o
                0x080029c4                DMA1_Channel1_IRQHandler
 .text.ADC1_2_IRQHandler
                0x080029d8       0x14 ./Core/Src/stm32g4xx_it.o
                0x080029d8                ADC1_2_IRQHandler
 .text._sbrk    0x080029ec       0x6c ./Core/Src/sysmem.o
                0x080029ec                _sbrk
 .text.SystemInit
                0x08002a58       0x24 ./Core/Src/system_stm32g4xx.o
                0x08002a58                SystemInit
 .text.Reset_Handler
                0x08002a7c       0x50 ./Core/Startup/startup_stm32g473qetx.o
                0x08002a7c                Reset_Handler
 .text.Default_Handler
                0x08002acc        0x2 ./Core/Startup/startup_stm32g473qetx.o
                0x08002acc                RTC_Alarm_IRQHandler
                0x08002acc                EXTI2_IRQHandler
                0x08002acc                TIM8_TRG_COM_IRQHandler
                0x08002acc                TIM8_CC_IRQHandler
                0x08002acc                SPI4_IRQHandler
                0x08002acc                FDCAN3_IT0_IRQHandler
                0x08002acc                TIM1_CC_IRQHandler
                0x08002acc                USB_HP_IRQHandler
                0x08002acc                CORDIC_IRQHandler
                0x08002acc                DMA2_Channel8_IRQHandler
                0x08002acc                EXTI3_IRQHandler
                0x08002acc                I2C3_ER_IRQHandler
                0x08002acc                EXTI0_IRQHandler
                0x08002acc                I2C2_EV_IRQHandler
                0x08002acc                FPU_IRQHandler
                0x08002acc                FDCAN1_IT1_IRQHandler
                0x08002acc                TIM1_UP_TIM16_IRQHandler
                0x08002acc                SPI1_IRQHandler
                0x08002acc                TIM6_DAC_IRQHandler
                0x08002acc                TIM8_UP_IRQHandler
                0x08002acc                DMA2_Channel2_IRQHandler
                0x08002acc                DMA1_Channel4_IRQHandler
                0x08002acc                TIM20_TRG_COM_IRQHandler
                0x08002acc                USART3_IRQHandler
                0x08002acc                DMA1_Channel7_IRQHandler
                0x08002acc                UART5_IRQHandler
                0x08002acc                ADC3_IRQHandler
                0x08002acc                TIM4_IRQHandler
                0x08002acc                DMA2_Channel1_IRQHandler
                0x08002acc                QUADSPI_IRQHandler
                0x08002acc                I2C1_EV_IRQHandler
                0x08002acc                DMA1_Channel6_IRQHandler
                0x08002acc                UART4_IRQHandler
                0x08002acc                DMA2_Channel4_IRQHandler
                0x08002acc                TIM3_IRQHandler
                0x08002acc                RCC_IRQHandler
                0x08002acc                TIM20_UP_IRQHandler
                0x08002acc                Default_Handler
                0x08002acc                DMA2_Channel7_IRQHandler
                0x08002acc                RTC_TAMP_LSECSS_IRQHandler
                0x08002acc                FMAC_IRQHandler
                0x08002acc                EXTI15_10_IRQHandler
                0x08002acc                DMA1_Channel8_IRQHandler
                0x08002acc                TIM7_DAC_IRQHandler
                0x08002acc                FDCAN3_IT1_IRQHandler
                0x08002acc                TIM5_IRQHandler
                0x08002acc                UCPD1_IRQHandler
                0x08002acc                I2C3_EV_IRQHandler
                0x08002acc                EXTI9_5_IRQHandler
                0x08002acc                RTC_WKUP_IRQHandler
                0x08002acc                PVD_PVM_IRQHandler
                0x08002acc                SPI2_IRQHandler
                0x08002acc                ADC5_IRQHandler
                0x08002acc                DMA2_Channel5_IRQHandler
                0x08002acc                CRS_IRQHandler
                0x08002acc                DMA1_Channel5_IRQHandler
                0x08002acc                USB_LP_IRQHandler
                0x08002acc                EXTI4_IRQHandler
                0x08002acc                RNG_IRQHandler
                0x08002acc                TIM1_TRG_COM_TIM17_IRQHandler
                0x08002acc                FDCAN2_IT1_IRQHandler
                0x08002acc                DMA1_Channel3_IRQHandler
                0x08002acc                ADC4_IRQHandler
                0x08002acc                WWDG_IRQHandler
                0x08002acc                I2C4_EV_IRQHandler
                0x08002acc                FDCAN2_IT0_IRQHandler
                0x08002acc                LPUART1_IRQHandler
                0x08002acc                DMA2_Channel6_IRQHandler
                0x08002acc                FDCAN1_IT0_IRQHandler
                0x08002acc                TIM2_IRQHandler
                0x08002acc                COMP7_IRQHandler
                0x08002acc                COMP1_2_3_IRQHandler
                0x08002acc                EXTI1_IRQHandler
                0x08002acc                USART2_IRQHandler
                0x08002acc                COMP4_5_6_IRQHandler
                0x08002acc                TIM20_BRK_IRQHandler
                0x08002acc                I2C2_ER_IRQHandler
                0x08002acc                DMA1_Channel2_IRQHandler
                0x08002acc                TIM8_BRK_IRQHandler
                0x08002acc                FLASH_IRQHandler
                0x08002acc                TIM20_CC_IRQHandler
                0x08002acc                USART1_IRQHandler
                0x08002acc                SPI3_IRQHandler
                0x08002acc                I2C1_ER_IRQHandler
                0x08002acc                FMC_IRQHandler
                0x08002acc                LPTIM1_IRQHandler
                0x08002acc                DMAMUX_OVR_IRQHandler
                0x08002acc                I2C4_ER_IRQHandler
                0x08002acc                USBWakeUp_IRQHandler
                0x08002acc                SAI1_IRQHandler
                0x08002acc                DMA2_Channel3_IRQHandler
                0x08002acc                TIM1_BRK_TIM15_IRQHandler
 .text.HAL_Init
                0x08002ace       0x30 ./Drivers/STM32G4xx_HAL_Driver/Src/stm32g4xx_hal.o
                0x08002ace                HAL_Init
 *fill*         0x08002afe        0x2 
 .text.HAL_InitTick
                0x08002b00       0x74 ./Drivers/STM32G4xx_HAL_Driver/Src/stm32g4xx_hal.o
                0x08002b00                HAL_InitTick
 .text.HAL_IncTick
                0x08002b74       0x24 ./Drivers/STM32G4xx_HAL_Driver/Src/stm32g4xx_hal.o
                0x08002b74                HAL_IncTick
 .text.HAL_GetTick
                0x08002b98       0x18 ./Drivers/STM32G4xx_HAL_Driver/Src/stm32g4xx_hal.o
                0x08002b98                HAL_GetTick
 .text.HAL_Delay
                0x08002bb0       0x44 ./Drivers/STM32G4xx_HAL_Driver/Src/stm32g4xx_hal.o
                0x08002bb0                HAL_Delay
 .text.LL_ADC_SetCommonClock
                0x08002bf4       0x26 ./Drivers/STM32G4xx_HAL_Driver/Src/stm32g4xx_hal_adc.o
 .text.LL_ADC_SetCommonPathInternalCh
                0x08002c1a       0x26 ./Drivers/STM32G4xx_HAL_Driver/Src/stm32g4xx_hal_adc.o
 .text.LL_ADC_GetCommonPathInternalCh
                0x08002c40       0x1c ./Drivers/STM32G4xx_HAL_Driver/Src/stm32g4xx_hal_adc.o
 .text.LL_ADC_SetOffset
                0x08002c5c       0x48 ./Drivers/STM32G4xx_HAL_Driver/Src/stm32g4xx_hal_adc.o
 .text.LL_ADC_GetOffsetChannel
                0x08002ca4       0x2c ./Drivers/STM32G4xx_HAL_Driver/Src/stm32g4xx_hal_adc.o
 .text.LL_ADC_SetOffsetState
                0x08002cd0       0x36 ./Drivers/STM32G4xx_HAL_Driver/Src/stm32g4xx_hal_adc.o
 .text.LL_ADC_SetOffsetSign
                0x08002d06       0x36 ./Drivers/STM32G4xx_HAL_Driver/Src/stm32g4xx_hal_adc.o
 .text.LL_ADC_SetOffsetSaturation
                0x08002d3c       0x36 ./Drivers/STM32G4xx_HAL_Driver/Src/stm32g4xx_hal_adc.o
 .text.LL_ADC_SetSamplingTimeCommonConfig
                0x08002d72       0x26 ./Drivers/STM32G4xx_HAL_Driver/Src/stm32g4xx_hal_adc.o
 .text.LL_ADC_REG_IsTriggerSourceSWStart
                0x08002d98       0x26 ./Drivers/STM32G4xx_HAL_Driver/Src/stm32g4xx_hal_adc.o
 .text.LL_ADC_REG_SetSequencerRanks
                0x08002dbe       0x58 ./Drivers/STM32G4xx_HAL_Driver/Src/stm32g4xx_hal_adc.o
 .text.LL_ADC_INJ_IsTriggerSourceSWStart
                0x08002e16       0x26 ./Drivers/STM32G4xx_HAL_Driver/Src/stm32g4xx_hal_adc.o
 .text.LL_ADC_SetChannelSamplingTime
                0x08002e3c       0x56 ./Drivers/STM32G4xx_HAL_Driver/Src/stm32g4xx_hal_adc.o
 *fill*         0x08002e92        0x2 
 .text.LL_ADC_SetChannelSingleDiff
                0x08002e94       0x48 ./Drivers/STM32G4xx_HAL_Driver/Src/stm32g4xx_hal_adc.o
 .text.LL_ADC_GetMultimode
                0x08002edc       0x1c ./Drivers/STM32G4xx_HAL_Driver/Src/stm32g4xx_hal_adc.o
 .text.LL_ADC_GetMultiDMATransfer
                0x08002ef8       0x1c ./Drivers/STM32G4xx_HAL_Driver/Src/stm32g4xx_hal_adc.o
 .text.LL_ADC_DisableDeepPowerDown
                0x08002f14       0x24 ./Drivers/STM32G4xx_HAL_Driver/Src/stm32g4xx_hal_adc.o
 .text.LL_ADC_IsDeepPowerDownEnabled
                0x08002f38       0x28 ./Drivers/STM32G4xx_HAL_Driver/Src/stm32g4xx_hal_adc.o
 .text.LL_ADC_EnableInternalRegulator
                0x08002f60       0x28 ./Drivers/STM32G4xx_HAL_Driver/Src/stm32g4xx_hal_adc.o
 .text.LL_ADC_IsInternalRegulatorEnabled
                0x08002f88       0x28 ./Drivers/STM32G4xx_HAL_Driver/Src/stm32g4xx_hal_adc.o
 .text.LL_ADC_Enable
                0x08002fb0       0x28 ./Drivers/STM32G4xx_HAL_Driver/Src/stm32g4xx_hal_adc.o
 .text.LL_ADC_IsEnabled
                0x08002fd8       0x26 ./Drivers/STM32G4xx_HAL_Driver/Src/stm32g4xx_hal_adc.o
 .text.LL_ADC_REG_StartConversion
                0x08002ffe       0x28 ./Drivers/STM32G4xx_HAL_Driver/Src/stm32g4xx_hal_adc.o
 .text.LL_ADC_REG_IsConversionOngoing
                0x08003026       0x26 ./Drivers/STM32G4xx_HAL_Driver/Src/stm32g4xx_hal_adc.o
 .text.LL_ADC_INJ_IsConversionOngoing
                0x0800304c       0x26 ./Drivers/STM32G4xx_HAL_Driver/Src/stm32g4xx_hal_adc.o
 *fill*         0x08003072        0x2 
 .text.HAL_ADC_Init
                0x08003074      0x378 ./Drivers/STM32G4xx_HAL_Driver/Src/stm32g4xx_hal_adc.o
                0x08003074                HAL_ADC_Init
 .text.HAL_ADC_Start_DMA
                0x080033ec      0x1a8 ./Drivers/STM32G4xx_HAL_Driver/Src/stm32g4xx_hal_adc.o
                0x080033ec                HAL_ADC_Start_DMA
 .text.HAL_ADC_IRQHandler
                0x08003594      0x4c0 ./Drivers/STM32G4xx_HAL_Driver/Src/stm32g4xx_hal_adc.o
                0x08003594                HAL_ADC_IRQHandler
 .text.HAL_ADC_ConvHalfCpltCallback
                0x08003a54       0x14 ./Drivers/STM32G4xx_HAL_Driver/Src/stm32g4xx_hal_adc.o
                0x08003a54                HAL_ADC_ConvHalfCpltCallback
 .text.HAL_ADC_LevelOutOfWindowCallback
                0x08003a68       0x14 ./Drivers/STM32G4xx_HAL_Driver/Src/stm32g4xx_hal_adc.o
                0x08003a68                HAL_ADC_LevelOutOfWindowCallback
 .text.HAL_ADC_ErrorCallback
                0x08003a7c       0x14 ./Drivers/STM32G4xx_HAL_Driver/Src/stm32g4xx_hal_adc.o
                0x08003a7c                HAL_ADC_ErrorCallback
 .text.HAL_ADC_ConfigChannel
                0x08003a90      0x880 ./Drivers/STM32G4xx_HAL_Driver/Src/stm32g4xx_hal_adc.o
                0x08003a90                HAL_ADC_ConfigChannel
 .text.ADC_Enable
                0x08004310      0x12c ./Drivers/STM32G4xx_HAL_Driver/Src/stm32g4xx_hal_adc.o
                0x08004310                ADC_Enable
 .text.ADC_DMAConvCplt
                0x0800443c       0xd8 ./Drivers/STM32G4xx_HAL_Driver/Src/stm32g4xx_hal_adc.o
                0x0800443c                ADC_DMAConvCplt
 .text.ADC_DMAHalfConvCplt
                0x08004514       0x1c ./Drivers/STM32G4xx_HAL_Driver/Src/stm32g4xx_hal_adc.o
                0x08004514                ADC_DMAHalfConvCplt
 .text.ADC_DMAError
                0x08004530       0x34 ./Drivers/STM32G4xx_HAL_Driver/Src/stm32g4xx_hal_adc.o
                0x08004530                ADC_DMAError
 .text.LL_ADC_IsEnabled
                0x08004564       0x26 ./Drivers/STM32G4xx_HAL_Driver/Src/stm32g4xx_hal_adc_ex.o
 .text.LL_ADC_REG_IsConversionOngoing
                0x0800458a       0x26 ./Drivers/STM32G4xx_HAL_Driver/Src/stm32g4xx_hal_adc_ex.o
 .text.HAL_ADCEx_InjectedConvCpltCallback
                0x080045b0       0x14 ./Drivers/STM32G4xx_HAL_Driver/Src/stm32g4xx_hal_adc_ex.o
                0x080045b0                HAL_ADCEx_InjectedConvCpltCallback
 .text.HAL_ADCEx_InjectedQueueOverflowCallback
                0x080045c4       0x14 ./Drivers/STM32G4xx_HAL_Driver/Src/stm32g4xx_hal_adc_ex.o
                0x080045c4                HAL_ADCEx_InjectedQueueOverflowCallback
 .text.HAL_ADCEx_LevelOutOfWindow2Callback
                0x080045d8       0x14 ./Drivers/STM32G4xx_HAL_Driver/Src/stm32g4xx_hal_adc_ex.o
                0x080045d8                HAL_ADCEx_LevelOutOfWindow2Callback
 .text.HAL_ADCEx_LevelOutOfWindow3Callback
                0x080045ec       0x14 ./Drivers/STM32G4xx_HAL_Driver/Src/stm32g4xx_hal_adc_ex.o
                0x080045ec                HAL_ADCEx_LevelOutOfWindow3Callback
 .text.HAL_ADCEx_EndOfSamplingCallback
                0x08004600       0x14 ./Drivers/STM32G4xx_HAL_Driver/Src/stm32g4xx_hal_adc_ex.o
                0x08004600                HAL_ADCEx_EndOfSamplingCallback
 .text.HAL_ADCEx_MultiModeConfigChannel
                0x08004614      0x210 ./Drivers/STM32G4xx_HAL_Driver/Src/stm32g4xx_hal_adc_ex.o
                0x08004614                HAL_ADCEx_MultiModeConfigChannel
 .text.__NVIC_SetPriorityGrouping
                0x08004824       0x48 ./Drivers/STM32G4xx_HAL_Driver/Src/stm32g4xx_hal_cortex.o
 .text.__NVIC_GetPriorityGrouping
                0x0800486c       0x1c ./Drivers/STM32G4xx_HAL_Driver/Src/stm32g4xx_hal_cortex.o
 .text.__NVIC_EnableIRQ
                0x08004888       0x3c ./Drivers/STM32G4xx_HAL_Driver/Src/stm32g4xx_hal_cortex.o
 .text.__NVIC_SetPriority
                0x080048c4       0x54 ./Drivers/STM32G4xx_HAL_Driver/Src/stm32g4xx_hal_cortex.o
 .text.NVIC_EncodePriority
                0x08004918       0x66 ./Drivers/STM32G4xx_HAL_Driver/Src/stm32g4xx_hal_cortex.o
 *fill*         0x0800497e        0x2 
 .text.SysTick_Config
                0x08004980       0x44 ./Drivers/STM32G4xx_HAL_Driver/Src/stm32g4xx_hal_cortex.o
 .text.HAL_NVIC_SetPriorityGrouping
                0x080049c4       0x16 ./Drivers/STM32G4xx_HAL_Driver/Src/stm32g4xx_hal_cortex.o
                0x080049c4                HAL_NVIC_SetPriorityGrouping
 .text.HAL_NVIC_SetPriority
                0x080049da       0x34 ./Drivers/STM32G4xx_HAL_Driver/Src/stm32g4xx_hal_cortex.o
                0x080049da                HAL_NVIC_SetPriority
 .text.HAL_NVIC_EnableIRQ
                0x08004a0e       0x1c ./Drivers/STM32G4xx_HAL_Driver/Src/stm32g4xx_hal_cortex.o
                0x08004a0e                HAL_NVIC_EnableIRQ
 .text.HAL_SYSTICK_Config
                0x08004a2a       0x18 ./Drivers/STM32G4xx_HAL_Driver/Src/stm32g4xx_hal_cortex.o
                0x08004a2a                HAL_SYSTICK_Config
 .text.HAL_DAC_Init
                0x08004a42       0x44 ./Drivers/STM32G4xx_HAL_Driver/Src/stm32g4xx_hal_dac.o
                0x08004a42                HAL_DAC_Init
 *fill*         0x08004a86        0x2 
 .text.HAL_DAC_ConfigChannel
                0x08004a88      0x374 ./Drivers/STM32G4xx_HAL_Driver/Src/stm32g4xx_hal_dac.o
                0x08004a88                HAL_DAC_ConfigChannel
 .text.HAL_DMA_Init
                0x08004dfc      0x150 ./Drivers/STM32G4xx_HAL_Driver/Src/stm32g4xx_hal_dma.o
                0x08004dfc                HAL_DMA_Init
 .text.HAL_DMA_Start_IT
                0x08004f4c       0xf6 ./Drivers/STM32G4xx_HAL_Driver/Src/stm32g4xx_hal_dma.o
                0x08004f4c                HAL_DMA_Start_IT
 .text.HAL_DMA_IRQHandler
                0x08005042      0x15e ./Drivers/STM32G4xx_HAL_Driver/Src/stm32g4xx_hal_dma.o
                0x08005042                HAL_DMA_IRQHandler
 .text.DMA_SetConfig
                0x080051a0       0x7c ./Drivers/STM32G4xx_HAL_Driver/Src/stm32g4xx_hal_dma.o
 .text.DMA_CalcDMAMUXChannelBaseAndMask
                0x0800521c       0x7c ./Drivers/STM32G4xx_HAL_Driver/Src/stm32g4xx_hal_dma.o
 .text.DMA_CalcDMAMUXRequestGenBaseAndMask
                0x08005298       0x48 ./Drivers/STM32G4xx_HAL_Driver/Src/stm32g4xx_hal_dma.o
 .text.HAL_GPIO_Init
                0x080052e0      0x304 ./Drivers/STM32G4xx_HAL_Driver/Src/stm32g4xx_hal_gpio.o
                0x080052e0                HAL_GPIO_Init
 .text.HAL_GPIO_WritePin
                0x080055e4       0x30 ./Drivers/STM32G4xx_HAL_Driver/Src/stm32g4xx_hal_gpio.o
                0x080055e4                HAL_GPIO_WritePin
 .text.HAL_OPAMP_Init
                0x08005614      0x1a0 ./Drivers/STM32G4xx_HAL_Driver/Src/stm32g4xx_hal_opamp.o
                0x08005614                HAL_OPAMP_Init
 .text.HAL_PWREx_ControlVoltageScaling
                0x080057b4      0x148 ./Drivers/STM32G4xx_HAL_Driver/Src/stm32g4xx_hal_pwr_ex.o
                0x080057b4                HAL_PWREx_ControlVoltageScaling
 .text.HAL_PWREx_DisableUCPDDeadBattery
                0x080058fc       0x20 ./Drivers/STM32G4xx_HAL_Driver/Src/stm32g4xx_hal_pwr_ex.o
                0x080058fc                HAL_PWREx_DisableUCPDDeadBattery
 .text.HAL_RCC_OscConfig
                0x0800591c      0x624 ./Drivers/STM32G4xx_HAL_Driver/Src/stm32g4xx_hal_rcc.o
                0x0800591c                HAL_RCC_OscConfig
 .text.HAL_RCC_ClockConfig
                0x08005f40      0x278 ./Drivers/STM32G4xx_HAL_Driver/Src/stm32g4xx_hal_rcc.o
                0x08005f40                HAL_RCC_ClockConfig
 .text.HAL_RCC_GetSysClockFreq
                0x080061b8       0xc4 ./Drivers/STM32G4xx_HAL_Driver/Src/stm32g4xx_hal_rcc.o
                0x080061b8                HAL_RCC_GetSysClockFreq
 .text.HAL_RCC_GetHCLKFreq
                0x0800627c       0x18 ./Drivers/STM32G4xx_HAL_Driver/Src/stm32g4xx_hal_rcc.o
                0x0800627c                HAL_RCC_GetHCLKFreq
 .text.HAL_RCC_GetPCLK1Freq
                0x08006294       0x2c ./Drivers/STM32G4xx_HAL_Driver/Src/stm32g4xx_hal_rcc.o
                0x08006294                HAL_RCC_GetPCLK1Freq
 .text.HAL_RCC_GetPCLK2Freq
                0x080062c0       0x2c ./Drivers/STM32G4xx_HAL_Driver/Src/stm32g4xx_hal_rcc.o
                0x080062c0                HAL_RCC_GetPCLK2Freq
 .text.RCC_GetSysClockFreqFromPLLSource
                0x080062ec       0x8c ./Drivers/STM32G4xx_HAL_Driver/Src/stm32g4xx_hal_rcc.o
 .text.HAL_RCCEx_PeriphCLKConfig
                0x08006378      0x49c ./Drivers/STM32G4xx_HAL_Driver/Src/stm32g4xx_hal_rcc_ex.o
                0x08006378                HAL_RCCEx_PeriphCLKConfig
 .text.HAL_SPI_Init
                0x08006814      0x156 ./Drivers/STM32G4xx_HAL_Driver/Src/stm32g4xx_hal_spi.o
                0x08006814                HAL_SPI_Init
 .text.HAL_TIM_Base_Init
                0x0800696a       0xae ./Drivers/STM32G4xx_HAL_Driver/Src/stm32g4xx_hal_tim.o
                0x0800696a                HAL_TIM_Base_Init
 .text.HAL_TIM_OC_Init
                0x08006a18       0xae ./Drivers/STM32G4xx_HAL_Driver/Src/stm32g4xx_hal_tim.o
                0x08006a18                HAL_TIM_OC_Init
 .text.HAL_TIM_OC_MspInit
                0x08006ac6       0x14 ./Drivers/STM32G4xx_HAL_Driver/Src/stm32g4xx_hal_tim.o
                0x08006ac6                HAL_TIM_OC_MspInit
 .text.HAL_TIM_PWM_Init
                0x08006ada       0xae ./Drivers/STM32G4xx_HAL_Driver/Src/stm32g4xx_hal_tim.o
                0x08006ada                HAL_TIM_PWM_Init
 .text.HAL_TIM_PWM_MspInit
                0x08006b88       0x14 ./Drivers/STM32G4xx_HAL_Driver/Src/stm32g4xx_hal_tim.o
                0x08006b88                HAL_TIM_PWM_MspInit
 .text.HAL_TIM_IC_Init
                0x08006b9c       0xae ./Drivers/STM32G4xx_HAL_Driver/Src/stm32g4xx_hal_tim.o
                0x08006b9c                HAL_TIM_IC_Init
 .text.HAL_TIM_Encoder_Init
                0x08006c4a      0x14c ./Drivers/STM32G4xx_HAL_Driver/Src/stm32g4xx_hal_tim.o
                0x08006c4a                HAL_TIM_Encoder_Init
 .text.HAL_TIM_Encoder_MspInit
                0x08006d96       0x14 ./Drivers/STM32G4xx_HAL_Driver/Src/stm32g4xx_hal_tim.o
                0x08006d96                HAL_TIM_Encoder_MspInit
 *fill*         0x08006daa        0x2 
 .text.HAL_TIM_OC_ConfigChannel
                0x08006dac       0xf4 ./Drivers/STM32G4xx_HAL_Driver/Src/stm32g4xx_hal_tim.o
                0x08006dac                HAL_TIM_OC_ConfigChannel
 .text.HAL_TIM_IC_ConfigChannel
                0x08006ea0      0x138 ./Drivers/STM32G4xx_HAL_Driver/Src/stm32g4xx_hal_tim.o
                0x08006ea0                HAL_TIM_IC_ConfigChannel
 .text.HAL_TIM_PWM_ConfigChannel
                0x08006fd8      0x228 ./Drivers/STM32G4xx_HAL_Driver/Src/stm32g4xx_hal_tim.o
                0x08006fd8                HAL_TIM_PWM_ConfigChannel
 .text.HAL_TIM_ConfigClockSource
                0x08007200      0x218 ./Drivers/STM32G4xx_HAL_Driver/Src/stm32g4xx_hal_tim.o
                0x08007200                HAL_TIM_ConfigClockSource
 .text.HAL_TIM_SlaveConfigSynchro
                0x08007418       0x84 ./Drivers/STM32G4xx_HAL_Driver/Src/stm32g4xx_hal_tim.o
                0x08007418                HAL_TIM_SlaveConfigSynchro
 .text.TIM_Base_SetConfig
                0x0800749c      0x168 ./Drivers/STM32G4xx_HAL_Driver/Src/stm32g4xx_hal_tim.o
                0x0800749c                TIM_Base_SetConfig
 .text.TIM_OC1_SetConfig
                0x08007604      0x134 ./Drivers/STM32G4xx_HAL_Driver/Src/stm32g4xx_hal_tim.o
 .text.TIM_OC2_SetConfig
                0x08007738      0x128 ./Drivers/STM32G4xx_HAL_Driver/Src/stm32g4xx_hal_tim.o
                0x08007738                TIM_OC2_SetConfig
 .text.TIM_OC3_SetConfig
                0x08007860      0x124 ./Drivers/STM32G4xx_HAL_Driver/Src/stm32g4xx_hal_tim.o
 .text.TIM_OC4_SetConfig
                0x08007984      0x128 ./Drivers/STM32G4xx_HAL_Driver/Src/stm32g4xx_hal_tim.o
 .text.TIM_OC5_SetConfig
                0x08007aac       0xd4 ./Drivers/STM32G4xx_HAL_Driver/Src/stm32g4xx_hal_tim.o
 .text.TIM_OC6_SetConfig
                0x08007b80       0xd8 ./Drivers/STM32G4xx_HAL_Driver/Src/stm32g4xx_hal_tim.o
 .text.TIM_SlaveTimer_SetConfig
                0x08007c58      0x1ac ./Drivers/STM32G4xx_HAL_Driver/Src/stm32g4xx_hal_tim.o
 .text.TIM_TI1_SetConfig
                0x08007e04       0xe8 ./Drivers/STM32G4xx_HAL_Driver/Src/stm32g4xx_hal_tim.o
                0x08007e04                TIM_TI1_SetConfig
 .text.TIM_TI1_ConfigInputStage
                0x08007eec       0x5e ./Drivers/STM32G4xx_HAL_Driver/Src/stm32g4xx_hal_tim.o
 .text.TIM_TI2_SetConfig
                0x08007f4a       0x7a ./Drivers/STM32G4xx_HAL_Driver/Src/stm32g4xx_hal_tim.o
 .text.TIM_TI2_ConfigInputStage
                0x08007fc4       0x60 ./Drivers/STM32G4xx_HAL_Driver/Src/stm32g4xx_hal_tim.o
 .text.TIM_TI3_SetConfig
                0x08008024       0x78 ./Drivers/STM32G4xx_HAL_Driver/Src/stm32g4xx_hal_tim.o
 .text.TIM_TI4_SetConfig
                0x0800809c       0x7a ./Drivers/STM32G4xx_HAL_Driver/Src/stm32g4xx_hal_tim.o
 .text.TIM_ITRx_SetConfig
                0x08008116       0x3a ./Drivers/STM32G4xx_HAL_Driver/Src/stm32g4xx_hal_tim.o
 .text.TIM_ETR_SetConfig
                0x08008150       0x40 ./Drivers/STM32G4xx_HAL_Driver/Src/stm32g4xx_hal_tim.o
                0x08008150                TIM_ETR_SetConfig
 .text.HAL_TIMEx_HallSensor_Init
                0x08008190      0x15e ./Drivers/STM32G4xx_HAL_Driver/Src/stm32g4xx_hal_tim_ex.o
                0x08008190                HAL_TIMEx_HallSensor_Init
 .text.HAL_TIMEx_HallSensor_MspInit
                0x080082ee       0x14 ./Drivers/STM32G4xx_HAL_Driver/Src/stm32g4xx_hal_tim_ex.o
                0x080082ee                HAL_TIMEx_HallSensor_MspInit
 *fill*         0x08008302        0x2 
 .text.HAL_TIMEx_MasterConfigSynchronization
                0x08008304      0x12c ./Drivers/STM32G4xx_HAL_Driver/Src/stm32g4xx_hal_tim_ex.o
                0x08008304                HAL_TIMEx_MasterConfigSynchronization
 .text.HAL_TIMEx_ConfigBreakDeadTime
                0x08008430      0x128 ./Drivers/STM32G4xx_HAL_Driver/Src/stm32g4xx_hal_tim_ex.o
                0x08008430                HAL_TIMEx_ConfigBreakDeadTime
 .text.HAL_TIMEx_ConfigBreakInput
                0x08008558      0x244 ./Drivers/STM32G4xx_HAL_Driver/Src/stm32g4xx_hal_tim_ex.o
                0x08008558                HAL_TIMEx_ConfigBreakInput
 .text.HAL_UART_Init
                0x0800879c       0xa0 ./Drivers/STM32G4xx_HAL_Driver/Src/stm32g4xx_hal_uart.o
                0x0800879c                HAL_UART_Init
 .text.HAL_UART_Transmit
                0x0800883c      0x11c ./Drivers/STM32G4xx_HAL_Driver/Src/stm32g4xx_hal_uart.o
                0x0800883c                HAL_UART_Transmit
 .text.UART_SetConfig
                0x08008958      0x5f8 ./Drivers/STM32G4xx_HAL_Driver/Src/stm32g4xx_hal_uart.o
                0x08008958                UART_SetConfig
 .text.UART_AdvFeatureConfig
                0x08008f50      0x144 ./Drivers/STM32G4xx_HAL_Driver/Src/stm32g4xx_hal_uart.o
                0x08008f50                UART_AdvFeatureConfig
 .text.UART_CheckIdleState
                0x08009094      0x154 ./Drivers/STM32G4xx_HAL_Driver/Src/stm32g4xx_hal_uart.o
                0x08009094                UART_CheckIdleState
 .text.UART_WaitOnFlagUntilTimeout
                0x080091e8       0xda ./Drivers/STM32G4xx_HAL_Driver/Src/stm32g4xx_hal_uart.o
                0x080091e8                UART_WaitOnFlagUntilTimeout
 .text.UART_EndRxTransfer
                0x080092c2       0xcc ./Drivers/STM32G4xx_HAL_Driver/Src/stm32g4xx_hal_uart.o
 .text.HAL_UARTEx_DisableFifoMode
                0x0800938e       0x72 ./Drivers/STM32G4xx_HAL_Driver/Src/stm32g4xx_hal_uart_ex.o
                0x0800938e                HAL_UARTEx_DisableFifoMode
 .text.HAL_UARTEx_SetTxFifoThreshold
                0x08009400       0x7c ./Drivers/STM32G4xx_HAL_Driver/Src/stm32g4xx_hal_uart_ex.o
                0x08009400                HAL_UARTEx_SetTxFifoThreshold
 .text.HAL_UARTEx_SetRxFifoThreshold
                0x0800947c       0x7c ./Drivers/STM32G4xx_HAL_Driver/Src/stm32g4xx_hal_uart_ex.o
                0x0800947c                HAL_UARTEx_SetRxFifoThreshold
 .text.UARTEx_SetNbDataToProcess
                0x080094f8       0x9c ./Drivers/STM32G4xx_HAL_Driver/Src/stm32g4xx_hal_uart_ex.o
 .text.sprintf  0x08009594       0x44 C:/ST/STM32CubeIDE_1.18.0/STM32CubeIDE/plugins/com.st.stm32cube.ide.mcu.externaltools.gnu-tools-for-stm32.13.3.rel1.win32_1.0.0.202411081344/tools/bin/../lib/gcc/arm-none-eabi/13.3.1/../../../../arm-none-eabi/lib/thumb/v7e-m+fp/hard\libc_nano.a(libc_a-sprintf.o)
                0x08009594                siprintf
                0x08009594                sprintf
 .text.memset   0x080095d8       0x10 C:/ST/STM32CubeIDE_1.18.0/STM32CubeIDE/plugins/com.st.stm32cube.ide.mcu.externaltools.gnu-tools-for-stm32.13.3.rel1.win32_1.0.0.202411081344/tools/bin/../lib/gcc/arm-none-eabi/13.3.1/../../../../arm-none-eabi/lib/thumb/v7e-m+fp/hard\libc_nano.a(libc_a-memset.o)
                0x080095d8                memset
 .text.__errno  0x080095e8        0xc C:/ST/STM32CubeIDE_1.18.0/STM32CubeIDE/plugins/com.st.stm32cube.ide.mcu.externaltools.gnu-tools-for-stm32.13.3.rel1.win32_1.0.0.202411081344/tools/bin/../lib/gcc/arm-none-eabi/13.3.1/../../../../arm-none-eabi/lib/thumb/v7e-m+fp/hard\libc_nano.a(libc_a-errno.o)
                0x080095e8                __errno
 .text.__libc_init_array
                0x080095f4       0x48 C:/ST/STM32CubeIDE_1.18.0/STM32CubeIDE/plugins/com.st.stm32cube.ide.mcu.externaltools.gnu-tools-for-stm32.13.3.rel1.win32_1.0.0.202411081344/tools/bin/../lib/gcc/arm-none-eabi/13.3.1/../../../../arm-none-eabi/lib/thumb/v7e-m+fp/hard\libc_nano.a(libc_a-init.o)
                0x080095f4                __libc_init_array
 .text.__retarget_lock_acquire_recursive
                0x0800963c        0x2 C:/ST/STM32CubeIDE_1.18.0/STM32CubeIDE/plugins/com.st.stm32cube.ide.mcu.externaltools.gnu-tools-for-stm32.13.3.rel1.win32_1.0.0.202411081344/tools/bin/../lib/gcc/arm-none-eabi/13.3.1/../../../../arm-none-eabi/lib/thumb/v7e-m+fp/hard\libc_nano.a(libc_a-lock.o)
                0x0800963c                __retarget_lock_acquire_recursive
 .text.__retarget_lock_release_recursive
                0x0800963e        0x2 C:/ST/STM32CubeIDE_1.18.0/STM32CubeIDE/plugins/com.st.stm32cube.ide.mcu.externaltools.gnu-tools-for-stm32.13.3.rel1.win32_1.0.0.202411081344/tools/bin/../lib/gcc/arm-none-eabi/13.3.1/../../../../arm-none-eabi/lib/thumb/v7e-m+fp/hard\libc_nano.a(libc_a-lock.o)
                0x0800963e                __retarget_lock_release_recursive
 .text._free_r  0x08009640       0x94 C:/ST/STM32CubeIDE_1.18.0/STM32CubeIDE/plugins/com.st.stm32cube.ide.mcu.externaltools.gnu-tools-for-stm32.13.3.rel1.win32_1.0.0.202411081344/tools/bin/../lib/gcc/arm-none-eabi/13.3.1/../../../../arm-none-eabi/lib/thumb/v7e-m+fp/hard\libc_nano.a(libc_a-freer.o)
                0x08009640                _free_r
 .text.sbrk_aligned
                0x080096d4       0x44 C:/ST/STM32CubeIDE_1.18.0/STM32CubeIDE/plugins/com.st.stm32cube.ide.mcu.externaltools.gnu-tools-for-stm32.13.3.rel1.win32_1.0.0.202411081344/tools/bin/../lib/gcc/arm-none-eabi/13.3.1/../../../../arm-none-eabi/lib/thumb/v7e-m+fp/hard\libc_nano.a(libc_a-mallocr.o)
 .text._malloc_r
                0x08009718      0x100 C:/ST/STM32CubeIDE_1.18.0/STM32CubeIDE/plugins/com.st.stm32cube.ide.mcu.externaltools.gnu-tools-for-stm32.13.3.rel1.win32_1.0.0.202411081344/tools/bin/../lib/gcc/arm-none-eabi/13.3.1/../../../../arm-none-eabi/lib/thumb/v7e-m+fp/hard\libc_nano.a(libc_a-mallocr.o)
                0x08009718                _malloc_r
 .text.__malloc_lock
                0x08009818        0xc C:/ST/STM32CubeIDE_1.18.0/STM32CubeIDE/plugins/com.st.stm32cube.ide.mcu.externaltools.gnu-tools-for-stm32.13.3.rel1.win32_1.0.0.202411081344/tools/bin/../lib/gcc/arm-none-eabi/13.3.1/../../../../arm-none-eabi/lib/thumb/v7e-m+fp/hard\libc_nano.a(libc_a-mlock.o)
                0x08009818                __malloc_lock
 .text.__malloc_unlock
                0x08009824        0xc C:/ST/STM32CubeIDE_1.18.0/STM32CubeIDE/plugins/com.st.stm32cube.ide.mcu.externaltools.gnu-tools-for-stm32.13.3.rel1.win32_1.0.0.202411081344/tools/bin/../lib/gcc/arm-none-eabi/13.3.1/../../../../arm-none-eabi/lib/thumb/v7e-m+fp/hard\libc_nano.a(libc_a-mlock.o)
                0x08009824                __malloc_unlock
 .text.__ssputs_r
                0x08009830       0xb6 C:/ST/STM32CubeIDE_1.18.0/STM32CubeIDE/plugins/com.st.stm32cube.ide.mcu.externaltools.gnu-tools-for-stm32.13.3.rel1.win32_1.0.0.202411081344/tools/bin/../lib/gcc/arm-none-eabi/13.3.1/../../../../arm-none-eabi/lib/thumb/v7e-m+fp/hard\libc_nano.a(libc_a-nano-svfprintf.o)
                0x08009830                __ssputs_r
 *fill*         0x080098e6        0x2 
 .text._svfprintf_r
                0x080098e8      0x1f8 C:/ST/STM32CubeIDE_1.18.0/STM32CubeIDE/plugins/com.st.stm32cube.ide.mcu.externaltools.gnu-tools-for-stm32.13.3.rel1.win32_1.0.0.202411081344/tools/bin/../lib/gcc/arm-none-eabi/13.3.1/../../../../arm-none-eabi/lib/thumb/v7e-m+fp/hard\libc_nano.a(libc_a-nano-svfprintf.o)
                0x080098e8                _svfiprintf_r
                0x080098e8                _svfprintf_r
 .text._printf_common
                0x08009ae0       0xda C:/ST/STM32CubeIDE_1.18.0/STM32CubeIDE/plugins/com.st.stm32cube.ide.mcu.externaltools.gnu-tools-for-stm32.13.3.rel1.win32_1.0.0.202411081344/tools/bin/../lib/gcc/arm-none-eabi/13.3.1/../../../../arm-none-eabi/lib/thumb/v7e-m+fp/hard\libc_nano.a(libc_a-nano-vfprintf_i.o)
                0x08009ae0                _printf_common
 *fill*         0x08009bba        0x2 
 .text._printf_i
                0x08009bbc      0x23c C:/ST/STM32CubeIDE_1.18.0/STM32CubeIDE/plugins/com.st.stm32cube.ide.mcu.externaltools.gnu-tools-for-stm32.13.3.rel1.win32_1.0.0.202411081344/tools/bin/../lib/gcc/arm-none-eabi/13.3.1/../../../../arm-none-eabi/lib/thumb/v7e-m+fp/hard\libc_nano.a(libc_a-nano-vfprintf_i.o)
                0x08009bbc                _printf_i
 .text.memmove  0x08009df8       0x34 C:/ST/STM32CubeIDE_1.18.0/STM32CubeIDE/plugins/com.st.stm32cube.ide.mcu.externaltools.gnu-tools-for-stm32.13.3.rel1.win32_1.0.0.202411081344/tools/bin/../lib/gcc/arm-none-eabi/13.3.1/../../../../arm-none-eabi/lib/thumb/v7e-m+fp/hard\libc_nano.a(libc_a-memmove.o)
                0x08009df8                memmove
 .text._sbrk_r  0x08009e2c       0x20 C:/ST/STM32CubeIDE_1.18.0/STM32CubeIDE/plugins/com.st.stm32cube.ide.mcu.externaltools.gnu-tools-for-stm32.13.3.rel1.win32_1.0.0.202411081344/tools/bin/../lib/gcc/arm-none-eabi/13.3.1/../../../../arm-none-eabi/lib/thumb/v7e-m+fp/hard\libc_nano.a(libc_a-sbrkr.o)
                0x08009e2c                _sbrk_r
 .text.memcpy   0x08009e4c       0x1c C:/ST/STM32CubeIDE_1.18.0/STM32CubeIDE/plugins/com.st.stm32cube.ide.mcu.externaltools.gnu-tools-for-stm32.13.3.rel1.win32_1.0.0.202411081344/tools/bin/../lib/gcc/arm-none-eabi/13.3.1/../../../../arm-none-eabi/lib/thumb/v7e-m+fp/hard\libc_nano.a(libc_a-memcpy-stub.o)
                0x08009e4c                memcpy
 .text._realloc_r
                0x08009e68       0x5c C:/ST/STM32CubeIDE_1.18.0/STM32CubeIDE/plugins/com.st.stm32cube.ide.mcu.externaltools.gnu-tools-for-stm32.13.3.rel1.win32_1.0.0.202411081344/tools/bin/../lib/gcc/arm-none-eabi/13.3.1/../../../../arm-none-eabi/lib/thumb/v7e-m+fp/hard\libc_nano.a(libc_a-reallocr.o)
                0x08009e68                _realloc_r
 .text._malloc_usable_size_r
                0x08009ec4       0x10 C:/ST/STM32CubeIDE_1.18.0/STM32CubeIDE/plugins/com.st.stm32cube.ide.mcu.externaltools.gnu-tools-for-stm32.13.3.rel1.win32_1.0.0.202411081344/tools/bin/../lib/gcc/arm-none-eabi/13.3.1/../../../../arm-none-eabi/lib/thumb/v7e-m+fp/hard\libc_nano.a(libc_a-msizer.o)
                0x08009ec4                _malloc_usable_size_r
 *(.glue_7)
 .glue_7        0x08009ed4        0x0 linker stubs
 *(.glue_7t)
 .glue_7t       0x08009ed4        0x0 linker stubs
 *(.eh_frame)
 .eh_frame      0x08009ed4        0x0 C:/ST/STM32CubeIDE_1.18.0/STM32CubeIDE/plugins/com.st.stm32cube.ide.mcu.externaltools.gnu-tools-for-stm32.13.3.rel1.win32_1.0.0.202411081344/tools/bin/../lib/gcc/arm-none-eabi/13.3.1/thumb/v7e-m+fp/hard/crtbegin.o
 *(.init)
 .init          0x08009ed4        0x4 C:/ST/STM32CubeIDE_1.18.0/STM32CubeIDE/plugins/com.st.stm32cube.ide.mcu.externaltools.gnu-tools-for-stm32.13.3.rel1.win32_1.0.0.202411081344/tools/bin/../lib/gcc/arm-none-eabi/13.3.1/thumb/v7e-m+fp/hard/crti.o
                0x08009ed4                _init
 .init          0x08009ed8        0x8 C:/ST/STM32CubeIDE_1.18.0/STM32CubeIDE/plugins/com.st.stm32cube.ide.mcu.externaltools.gnu-tools-for-stm32.13.3.rel1.win32_1.0.0.202411081344/tools/bin/../lib/gcc/arm-none-eabi/13.3.1/thumb/v7e-m+fp/hard/crtn.o
 *(.fini)
 .fini          0x08009ee0        0x4 C:/ST/STM32CubeIDE_1.18.0/STM32CubeIDE/plugins/com.st.stm32cube.ide.mcu.externaltools.gnu-tools-for-stm32.13.3.rel1.win32_1.0.0.202411081344/tools/bin/../lib/gcc/arm-none-eabi/13.3.1/thumb/v7e-m+fp/hard/crti.o
                0x08009ee0                _fini
 .fini          0x08009ee4        0x8 C:/ST/STM32CubeIDE_1.18.0/STM32CubeIDE/plugins/com.st.stm32cube.ide.mcu.externaltools.gnu-tools-for-stm32.13.3.rel1.win32_1.0.0.202411081344/tools/bin/../lib/gcc/arm-none-eabi/13.3.1/thumb/v7e-m+fp/hard/crtn.o
                0x08009eec                        . = ALIGN (0x4)
                0x08009eec                        _etext = .

.vfp11_veneer   0x08009eec        0x0
 .vfp11_veneer  0x08009eec        0x0 linker stubs

.v4_bx          0x08009eec        0x0
 .v4_bx         0x08009eec        0x0 linker stubs

.iplt           0x08009eec        0x0
 .iplt          0x08009eec        0x0 C:/ST/STM32CubeIDE_1.18.0/STM32CubeIDE/plugins/com.st.stm32cube.ide.mcu.externaltools.gnu-tools-for-stm32.13.3.rel1.win32_1.0.0.202411081344/tools/bin/../lib/gcc/arm-none-eabi/13.3.1/thumb/v7e-m+fp/hard/crtbegin.o

.rodata         0x08009eec       0x7c
                0x08009eec                        . = ALIGN (0x4)
 *(.rodata)
 .rodata        0x08009eec        0x7 ./Core/Src/main.o
 *(.rodata*)
 *fill*         0x08009ef3        0x1 
 .rodata.AHBPrescTable
                0x08009ef4       0x10 ./Core/Src/system_stm32g4xx.o
                0x08009ef4                AHBPrescTable
 .rodata.APBPrescTable
                0x08009f04        0x8 ./Core/Src/system_stm32g4xx.o
                0x08009f04                APBPrescTable
 .rodata.UARTPrescTable
                0x08009f0c       0x18 ./Drivers/STM32G4xx_HAL_Driver/Src/stm32g4xx_hal_uart.o
                0x08009f0c                UARTPrescTable
 .rodata.numerator.1
                0x08009f24        0x8 ./Drivers/STM32G4xx_HAL_Driver/Src/stm32g4xx_hal_uart_ex.o
 .rodata.denominator.0
                0x08009f2c        0x8 ./Drivers/STM32G4xx_HAL_Driver/Src/stm32g4xx_hal_uart_ex.o
 .rodata._svfprintf_r.str1.1
                0x08009f34       0x33 C:/ST/STM32CubeIDE_1.18.0/STM32CubeIDE/plugins/com.st.stm32cube.ide.mcu.externaltools.gnu-tools-for-stm32.13.3.rel1.win32_1.0.0.202411081344/tools/bin/../lib/gcc/arm-none-eabi/13.3.1/../../../../arm-none-eabi/lib/thumb/v7e-m+fp/hard\libc_nano.a(libc_a-nano-svfprintf.o)
                                 0x11 (size before relaxing)
 .rodata._printf_i.str1.1
                0x08009f67       0x22 C:/ST/STM32CubeIDE_1.18.0/STM32CubeIDE/plugins/com.st.stm32cube.ide.mcu.externaltools.gnu-tools-for-stm32.13.3.rel1.win32_1.0.0.202411081344/tools/bin/../lib/gcc/arm-none-eabi/13.3.1/../../../../arm-none-eabi/lib/thumb/v7e-m+fp/hard\libc_nano.a(libc_a-nano-vfprintf_i.o)
                0x08009f8c                        . = ALIGN (0x4)
 *fill*         0x08009f67        0x1 

.ARM.extab      0x08009f68        0x0
                0x08009f68                        . = ALIGN (0x4)
 *(.ARM.extab* .gnu.linkonce.armextab.*)
                0x08009f68                        . = ALIGN (0x4)

.ARM            0x08009f68        0x8
                0x08009f68                        . = ALIGN (0x4)
                0x08009f68                        __exidx_start = .
 *(.ARM.exidx*)
 .ARM.exidx     0x08009f68        0x8 C:/ST/STM32CubeIDE_1.18.0/STM32CubeIDE/plugins/com.st.stm32cube.ide.mcu.externaltools.gnu-tools-for-stm32.13.3.rel1.win32_1.0.0.202411081344/tools/bin/../lib/gcc/arm-none-eabi/13.3.1/../../../../arm-none-eabi/lib/thumb/v7e-m+fp/hard\libc_nano.a(libc_a-strlen.o)
 .ARM.exidx     0x08009f70        0x0 C:/ST/STM32CubeIDE_1.18.0/STM32CubeIDE/plugins/com.st.stm32cube.ide.mcu.externaltools.gnu-tools-for-stm32.13.3.rel1.win32_1.0.0.202411081344/tools/bin/../lib/gcc/arm-none-eabi/13.3.1/../../../../arm-none-eabi/lib/thumb/v7e-m+fp/hard\libc_nano.a(libc_a-memchr.o)
                                  0x8 (size before relaxing)
 .ARM.exidx     0x08009f70        0x0 C:/ST/STM32CubeIDE_1.18.0/STM32CubeIDE/plugins/com.st.stm32cube.ide.mcu.externaltools.gnu-tools-for-stm32.13.3.rel1.win32_1.0.0.202411081344/tools/bin/../lib/gcc/arm-none-eabi/13.3.1/thumb/v7e-m+fp/hard\libgcc.a(_udivmoddi4.o)
                                  0x8 (size before relaxing)
                0x08009f70                        __exidx_end = .
                0x08009f70                        . = ALIGN (0x4)

.preinit_array  0x08009f70        0x0
                0x08009f70                        . = ALIGN (0x4)
                0x08009f70                        PROVIDE (__preinit_array_start = .)
 *(.preinit_array*)
                0x08009f70                        PROVIDE (__preinit_array_end = .)
                0x08009f70                        . = ALIGN (0x4)

.init_array     0x08009f70        0x4
                0x08009f70                        . = ALIGN (0x4)
                0x08009f70                        PROVIDE (__init_array_start = .)
 *(SORT_BY_NAME(.init_array.*))
 *(.init_array*)
 .init_array    0x08009f70        0x4 C:/ST/STM32CubeIDE_1.18.0/STM32CubeIDE/plugins/com.st.stm32cube.ide.mcu.externaltools.gnu-tools-for-stm32.13.3.rel1.win32_1.0.0.202411081344/tools/bin/../lib/gcc/arm-none-eabi/13.3.1/thumb/v7e-m+fp/hard/crtbegin.o
                0x08009f74                        PROVIDE (__init_array_end = .)
                0x08009f74                        . = ALIGN (0x4)

.fini_array     0x08009f74        0x4
                0x08009f74                        . = ALIGN (0x4)
                [!provide]                        PROVIDE (__fini_array_start = .)
 *(SORT_BY_NAME(.fini_array.*))
 *(.fini_array*)
 .fini_array    0x08009f74        0x4 C:/ST/STM32CubeIDE_1.18.0/STM32CubeIDE/plugins/com.st.stm32cube.ide.mcu.externaltools.gnu-tools-for-stm32.13.3.rel1.win32_1.0.0.202411081344/tools/bin/../lib/gcc/arm-none-eabi/13.3.1/thumb/v7e-m+fp/hard/crtbegin.o
                [!provide]                        PROVIDE (__fini_array_end = .)
                0x08009f78                        . = ALIGN (0x4)
                0x08009f78                        _sidata = LOADADDR (.data)

.rel.dyn        0x08009f78        0x0
 .rel.iplt      0x08009f78        0x0 C:/ST/STM32CubeIDE_1.18.0/STM32CubeIDE/plugins/com.st.stm32cube.ide.mcu.externaltools.gnu-tools-for-stm32.13.3.rel1.win32_1.0.0.202411081344/tools/bin/../lib/gcc/arm-none-eabi/13.3.1/thumb/v7e-m+fp/hard/crtbegin.o

.data           0x20000000       0x5c load address 0x08009f78
                0x20000000                        . = ALIGN (0x4)
                0x20000000                        _sdata = .
 *(.data)
 *(.data*)
 .data.SystemCoreClock
                0x20000000        0x4 ./Core/Src/system_stm32g4xx.o
                0x20000000                SystemCoreClock
 .data.uwTickPrio
                0x20000004        0x4 ./Drivers/STM32G4xx_HAL_Driver/Src/stm32g4xx_hal.o
                0x20000004                uwTickPrio
 .data.uwTickFreq
                0x20000008        0x4 ./Drivers/STM32G4xx_HAL_Driver/Src/stm32g4xx_hal.o
                0x20000008                uwTickFreq
 .data._impure_ptr
                0x2000000c        0x4 C:/ST/STM32CubeIDE_1.18.0/STM32CubeIDE/plugins/com.st.stm32cube.ide.mcu.externaltools.gnu-tools-for-stm32.13.3.rel1.win32_1.0.0.202411081344/tools/bin/../lib/gcc/arm-none-eabi/13.3.1/../../../../arm-none-eabi/lib/thumb/v7e-m+fp/hard\libc_nano.a(libc_a-impure.o)
                0x2000000c                _impure_ptr
 .data._impure_data
                0x20000010       0x4c C:/ST/STM32CubeIDE_1.18.0/STM32CubeIDE/plugins/com.st.stm32cube.ide.mcu.externaltools.gnu-tools-for-stm32.13.3.rel1.win32_1.0.0.202411081344/tools/bin/../lib/gcc/arm-none-eabi/13.3.1/../../../../arm-none-eabi/lib/thumb/v7e-m+fp/hard\libc_nano.a(libc_a-impure.o)
                0x20000010                _impure_data
 *(.RamFunc)
 *(.RamFunc*)
                0x2000005c                        . = ALIGN (0x4)
                0x2000005c                        _edata = .

.igot.plt       0x2000005c        0x0 load address 0x08009fd4
 .igot.plt      0x2000005c        0x0 C:/ST/STM32CubeIDE_1.18.0/STM32CubeIDE/plugins/com.st.stm32cube.ide.mcu.externaltools.gnu-tools-for-stm32.13.3.rel1.win32_1.0.0.202411081344/tools/bin/../lib/gcc/arm-none-eabi/13.3.1/thumb/v7e-m+fp/hard/crtbegin.o
                0x2000005c                        . = ALIGN (0x4)

.bss            0x2000005c      0x7a8 load address 0x08009fd4
                0x2000005c                        _sbss = .
                0x2000005c                        __bss_start__ = _sbss
 *(.bss)
 .bss           0x2000005c       0x1c C:/ST/STM32CubeIDE_1.18.0/STM32CubeIDE/plugins/com.st.stm32cube.ide.mcu.externaltools.gnu-tools-for-stm32.13.3.rel1.win32_1.0.0.202411081344/tools/bin/../lib/gcc/arm-none-eabi/13.3.1/thumb/v7e-m+fp/hard/crtbegin.o
 *(.bss*)
 .bss.hadc2     0x20000078       0x6c ./Core/Src/main.o
                0x20000078                hadc2
 .bss.hadc3     0x200000e4       0x6c ./Core/Src/main.o
                0x200000e4                hadc3
 .bss.hadc4     0x20000150       0x6c ./Core/Src/main.o
                0x20000150                hadc4
 .bss.hdma_adc2
                0x200001bc       0x60 ./Core/Src/main.o
                0x200001bc                hdma_adc2
 .bss.hdac1     0x2000021c       0x14 ./Core/Src/main.o
                0x2000021c                hdac1
 .bss.hopamp3   0x20000230       0x3c ./Core/Src/main.o
                0x20000230                hopamp3
 .bss.hopamp4   0x2000026c       0x3c ./Core/Src/main.o
                0x2000026c                hopamp4
 .bss.hopamp5   0x200002a8       0x3c ./Core/Src/main.o
                0x200002a8                hopamp5
 .bss.hspi1     0x200002e4       0x64 ./Core/Src/main.o
                0x200002e4                hspi1
 .bss.htim1     0x20000348       0x4c ./Core/Src/main.o
                0x20000348                htim1
 .bss.htim2     0x20000394       0x4c ./Core/Src/main.o
                0x20000394                htim2
 .bss.htim3     0x200003e0       0x4c ./Core/Src/main.o
                0x200003e0                htim3
 .bss.htim4     0x2000042c       0x4c ./Core/Src/main.o
                0x2000042c                htim4
 .bss.htim5     0x20000478       0x4c ./Core/Src/main.o
                0x20000478                htim5
 .bss.htim8     0x200004c4       0x4c ./Core/Src/main.o
                0x200004c4                htim8
 .bss.htim16    0x20000510       0x4c ./Core/Src/main.o
                0x20000510                htim16
 .bss.htim17    0x2000055c       0x4c ./Core/Src/main.o
                0x2000055c                htim17
 .bss.htim20    0x200005a8       0x4c ./Core/Src/main.o
                0x200005a8                htim20
 .bss.huart1    0x200005f4       0x94 ./Core/Src/main.o
                0x200005f4                huart1
 .bss.adc       0x20000688        0x8 ./Core/Src/main.o
                0x20000688                adc
 .bss.val1      0x20000690        0x2 ./Core/Src/main.o
                0x20000690                val1
 .bss.val2      0x20000692        0x2 ./Core/Src/main.o
                0x20000692                val2
 .bss.val3      0x20000694        0x2 ./Core/Src/main.o
                0x20000694                val3
 .bss.val4      0x20000696        0x2 ./Core/Src/main.o
                0x20000696                val4
 .bss.msg       0x20000698       0x14 ./Core/Src/main.o
                0x20000698                msg
 .bss.convCompleted
                0x200006ac        0x1 ./Core/Src/main.o
                0x200006ac                convCompleted
 *fill*         0x200006ad        0x3 
 .bss.HAL_RCC_ADC345_CLK_ENABLED
                0x200006b0        0x4 ./Core/Src/stm32g4xx_hal_msp.o
 .bss.__sbrk_heap_end
                0x200006b4        0x4 ./Core/Src/sysmem.o
 .bss.uwTick    0x200006b8        0x4 ./Drivers/STM32G4xx_HAL_Driver/Src/stm32g4xx_hal.o
                0x200006b8                uwTick
 .bss.__sf      0x200006bc      0x138 C:/ST/STM32CubeIDE_1.18.0/STM32CubeIDE/plugins/com.st.stm32cube.ide.mcu.externaltools.gnu-tools-for-stm32.13.3.rel1.win32_1.0.0.202411081344/tools/bin/../lib/gcc/arm-none-eabi/13.3.1/../../../../arm-none-eabi/lib/thumb/v7e-m+fp/hard\libc_nano.a(libc_a-findfp.o)
                0x200006bc                __sf
 .bss.errno     0x200007f4        0x4 C:/ST/STM32CubeIDE_1.18.0/STM32CubeIDE/plugins/com.st.stm32cube.ide.mcu.externaltools.gnu-tools-for-stm32.13.3.rel1.win32_1.0.0.202411081344/tools/bin/../lib/gcc/arm-none-eabi/13.3.1/../../../../arm-none-eabi/lib/thumb/v7e-m+fp/hard\libc_nano.a(libc_a-reent.o)
                0x200007f4                errno
 .bss.__lock___malloc_recursive_mutex
                0x200007f8        0x1 C:/ST/STM32CubeIDE_1.18.0/STM32CubeIDE/plugins/com.st.stm32cube.ide.mcu.externaltools.gnu-tools-for-stm32.13.3.rel1.win32_1.0.0.202411081344/tools/bin/../lib/gcc/arm-none-eabi/13.3.1/../../../../arm-none-eabi/lib/thumb/v7e-m+fp/hard\libc_nano.a(libc_a-lock.o)
                0x200007f8                __lock___malloc_recursive_mutex
 *fill*         0x200007f9        0x3 
 .bss.__malloc_sbrk_start
                0x200007fc        0x4 C:/ST/STM32CubeIDE_1.18.0/STM32CubeIDE/plugins/com.st.stm32cube.ide.mcu.externaltools.gnu-tools-for-stm32.13.3.rel1.win32_1.0.0.202411081344/tools/bin/../lib/gcc/arm-none-eabi/13.3.1/../../../../arm-none-eabi/lib/thumb/v7e-m+fp/hard\libc_nano.a(libc_a-mallocr.o)
                0x200007fc                __malloc_sbrk_start
 .bss.__malloc_free_list
                0x20000800        0x4 C:/ST/STM32CubeIDE_1.18.0/STM32CubeIDE/plugins/com.st.stm32cube.ide.mcu.externaltools.gnu-tools-for-stm32.13.3.rel1.win32_1.0.0.202411081344/tools/bin/../lib/gcc/arm-none-eabi/13.3.1/../../../../arm-none-eabi/lib/thumb/v7e-m+fp/hard\libc_nano.a(libc_a-mallocr.o)
                0x20000800                __malloc_free_list
 *(COMMON)
                0x20000804                        . = ALIGN (0x4)
                0x20000804                        _ebss = .
                0x20000804                        __bss_end__ = _ebss

._user_heap_stack
                0x20000804      0x604 load address 0x08009fd4
                0x20000808                        . = ALIGN (0x8)
 *fill*         0x20000804        0x4 
                [!provide]                        PROVIDE (end = .)
                0x20000808                        PROVIDE (_end = .)
                0x20000a08                        . = (. + _Min_Heap_Size)
 *fill*         0x20000808      0x200 
                0x20000e08                        . = (. + _Min_Stack_Size)
 *fill*         0x20000a08      0x400 
                0x20000e08                        . = ALIGN (0x8)

/DISCARD/
 libc.a(*)
 libm.a(*)
 libgcc.a(*)

.ARM.attributes
                0x00000000       0x30
 *(.ARM.attributes)
 .ARM.attributes
                0x00000000       0x22 C:/ST/STM32CubeIDE_1.18.0/STM32CubeIDE/plugins/com.st.stm32cube.ide.mcu.externaltools.gnu-tools-for-stm32.13.3.rel1.win32_1.0.0.202411081344/tools/bin/../lib/gcc/arm-none-eabi/13.3.1/thumb/v7e-m+fp/hard/crti.o
 .ARM.attributes
                0x00000022       0x34 C:/ST/STM32CubeIDE_1.18.0/STM32CubeIDE/plugins/com.st.stm32cube.ide.mcu.externaltools.gnu-tools-for-stm32.13.3.rel1.win32_1.0.0.202411081344/tools/bin/../lib/gcc/arm-none-eabi/13.3.1/thumb/v7e-m+fp/hard/crtbegin.o
 .ARM.attributes
                0x00000056       0x34 ./Core/Src/main.o
 .ARM.attributes
                0x0000008a       0x34 ./Core/Src/stm32g4xx_hal_msp.o
 .ARM.attributes
                0x000000be       0x34 ./Core/Src/stm32g4xx_it.o
 .ARM.attributes
                0x000000f2       0x34 ./Core/Src/sysmem.o
 .ARM.attributes
                0x00000126       0x34 ./Core/Src/system_stm32g4xx.o
 .ARM.attributes
                0x0000015a       0x21 ./Core/Startup/startup_stm32g473qetx.o
 .ARM.attributes
                0x0000017b       0x34 ./Drivers/STM32G4xx_HAL_Driver/Src/stm32g4xx_hal.o
 .ARM.attributes
                0x000001af       0x34 ./Drivers/STM32G4xx_HAL_Driver/Src/stm32g4xx_hal_adc.o
 .ARM.attributes
                0x000001e3       0x34 ./Drivers/STM32G4xx_HAL_Driver/Src/stm32g4xx_hal_adc_ex.o
 .ARM.attributes
                0x00000217       0x34 ./Drivers/STM32G4xx_HAL_Driver/Src/stm32g4xx_hal_cortex.o
 .ARM.attributes
                0x0000024b       0x34 ./Drivers/STM32G4xx_HAL_Driver/Src/stm32g4xx_hal_dac.o
 .ARM.attributes
                0x0000027f       0x34 ./Drivers/STM32G4xx_HAL_Driver/Src/stm32g4xx_hal_dma.o
 .ARM.attributes
                0x000002b3       0x34 ./Drivers/STM32G4xx_HAL_Driver/Src/stm32g4xx_hal_gpio.o
 .ARM.attributes
                0x000002e7       0x34 ./Drivers/STM32G4xx_HAL_Driver/Src/stm32g4xx_hal_opamp.o
 .ARM.attributes
                0x0000031b       0x34 ./Drivers/STM32G4xx_HAL_Driver/Src/stm32g4xx_hal_pwr_ex.o
 .ARM.attributes
                0x0000034f       0x34 ./Drivers/STM32G4xx_HAL_Driver/Src/stm32g4xx_hal_rcc.o
 .ARM.attributes
                0x00000383       0x34 ./Drivers/STM32G4xx_HAL_Driver/Src/stm32g4xx_hal_rcc_ex.o
 .ARM.attributes
                0x000003b7       0x34 ./Drivers/STM32G4xx_HAL_Driver/Src/stm32g4xx_hal_spi.o
 .ARM.attributes
                0x000003eb       0x34 ./Drivers/STM32G4xx_HAL_Driver/Src/stm32g4xx_hal_tim.o
 .ARM.attributes
                0x0000041f       0x34 ./Drivers/STM32G4xx_HAL_Driver/Src/stm32g4xx_hal_tim_ex.o
 .ARM.attributes
                0x00000453       0x34 ./Drivers/STM32G4xx_HAL_Driver/Src/stm32g4xx_hal_uart.o
 .ARM.attributes
                0x00000487       0x34 ./Drivers/STM32G4xx_HAL_Driver/Src/stm32g4xx_hal_uart_ex.o
 .ARM.attributes
                0x000004bb       0x34 C:/ST/STM32CubeIDE_1.18.0/STM32CubeIDE/plugins/com.st.stm32cube.ide.mcu.externaltools.gnu-tools-for-stm32.13.3.rel1.win32_1.0.0.202411081344/tools/bin/../lib/gcc/arm-none-eabi/13.3.1/../../../../arm-none-eabi/lib/thumb/v7e-m+fp/hard\libc_nano.a(libc_a-findfp.o)
 .ARM.attributes
                0x000004ef       0x34 C:/ST/STM32CubeIDE_1.18.0/STM32CubeIDE/plugins/com.st.stm32cube.ide.mcu.externaltools.gnu-tools-for-stm32.13.3.rel1.win32_1.0.0.202411081344/tools/bin/../lib/gcc/arm-none-eabi/13.3.1/../../../../arm-none-eabi/lib/thumb/v7e-m+fp/hard\libc_nano.a(libc_a-sprintf.o)
 .ARM.attributes
                0x00000523       0x34 C:/ST/STM32CubeIDE_1.18.0/STM32CubeIDE/plugins/com.st.stm32cube.ide.mcu.externaltools.gnu-tools-for-stm32.13.3.rel1.win32_1.0.0.202411081344/tools/bin/../lib/gcc/arm-none-eabi/13.3.1/../../../../arm-none-eabi/lib/thumb/v7e-m+fp/hard\libc_nano.a(libc_a-memset.o)
 .ARM.attributes
                0x00000557       0x34 C:/ST/STM32CubeIDE_1.18.0/STM32CubeIDE/plugins/com.st.stm32cube.ide.mcu.externaltools.gnu-tools-for-stm32.13.3.rel1.win32_1.0.0.202411081344/tools/bin/../lib/gcc/arm-none-eabi/13.3.1/../../../../arm-none-eabi/lib/thumb/v7e-m+fp/hard\libc_nano.a(libc_a-reent.o)
 .ARM.attributes
                0x0000058b       0x34 C:/ST/STM32CubeIDE_1.18.0/STM32CubeIDE/plugins/com.st.stm32cube.ide.mcu.externaltools.gnu-tools-for-stm32.13.3.rel1.win32_1.0.0.202411081344/tools/bin/../lib/gcc/arm-none-eabi/13.3.1/../../../../arm-none-eabi/lib/thumb/v7e-m+fp/hard\libc_nano.a(libc_a-impure.o)
 .ARM.attributes
                0x000005bf       0x34 C:/ST/STM32CubeIDE_1.18.0/STM32CubeIDE/plugins/com.st.stm32cube.ide.mcu.externaltools.gnu-tools-for-stm32.13.3.rel1.win32_1.0.0.202411081344/tools/bin/../lib/gcc/arm-none-eabi/13.3.1/../../../../arm-none-eabi/lib/thumb/v7e-m+fp/hard\libc_nano.a(libc_a-errno.o)
 .ARM.attributes
                0x000005f3       0x34 C:/ST/STM32CubeIDE_1.18.0/STM32CubeIDE/plugins/com.st.stm32cube.ide.mcu.externaltools.gnu-tools-for-stm32.13.3.rel1.win32_1.0.0.202411081344/tools/bin/../lib/gcc/arm-none-eabi/13.3.1/../../../../arm-none-eabi/lib/thumb/v7e-m+fp/hard\libc_nano.a(libc_a-init.o)
 .ARM.attributes
                0x00000627       0x34 C:/ST/STM32CubeIDE_1.18.0/STM32CubeIDE/plugins/com.st.stm32cube.ide.mcu.externaltools.gnu-tools-for-stm32.13.3.rel1.win32_1.0.0.202411081344/tools/bin/../lib/gcc/arm-none-eabi/13.3.1/../../../../arm-none-eabi/lib/thumb/v7e-m+fp/hard\libc_nano.a(libc_a-lock.o)
 .ARM.attributes
                0x0000065b       0x17 C:/ST/STM32CubeIDE_1.18.0/STM32CubeIDE/plugins/com.st.stm32cube.ide.mcu.externaltools.gnu-tools-for-stm32.13.3.rel1.win32_1.0.0.202411081344/tools/bin/../lib/gcc/arm-none-eabi/13.3.1/../../../../arm-none-eabi/lib/thumb/v7e-m+fp/hard\libc_nano.a(libc_a-strlen.o)
 .ARM.attributes
                0x00000672       0x34 C:/ST/STM32CubeIDE_1.18.0/STM32CubeIDE/plugins/com.st.stm32cube.ide.mcu.externaltools.gnu-tools-for-stm32.13.3.rel1.win32_1.0.0.202411081344/tools/bin/../lib/gcc/arm-none-eabi/13.3.1/../../../../arm-none-eabi/lib/thumb/v7e-m+fp/hard\libc_nano.a(libc_a-freer.o)
 .ARM.attributes
                0x000006a6       0x34 C:/ST/STM32CubeIDE_1.18.0/STM32CubeIDE/plugins/com.st.stm32cube.ide.mcu.externaltools.gnu-tools-for-stm32.13.3.rel1.win32_1.0.0.202411081344/tools/bin/../lib/gcc/arm-none-eabi/13.3.1/../../../../arm-none-eabi/lib/thumb/v7e-m+fp/hard\libc_nano.a(libc_a-mallocr.o)
 .ARM.attributes
                0x000006da       0x34 C:/ST/STM32CubeIDE_1.18.0/STM32CubeIDE/plugins/com.st.stm32cube.ide.mcu.externaltools.gnu-tools-for-stm32.13.3.rel1.win32_1.0.0.202411081344/tools/bin/../lib/gcc/arm-none-eabi/13.3.1/../../../../arm-none-eabi/lib/thumb/v7e-m+fp/hard\libc_nano.a(libc_a-mlock.o)
 .ARM.attributes
                0x0000070e       0x34 C:/ST/STM32CubeIDE_1.18.0/STM32CubeIDE/plugins/com.st.stm32cube.ide.mcu.externaltools.gnu-tools-for-stm32.13.3.rel1.win32_1.0.0.202411081344/tools/bin/../lib/gcc/arm-none-eabi/13.3.1/../../../../arm-none-eabi/lib/thumb/v7e-m+fp/hard\libc_nano.a(libc_a-nano-svfprintf.o)
 .ARM.attributes
                0x00000742       0x34 C:/ST/STM32CubeIDE_1.18.0/STM32CubeIDE/plugins/com.st.stm32cube.ide.mcu.externaltools.gnu-tools-for-stm32.13.3.rel1.win32_1.0.0.202411081344/tools/bin/../lib/gcc/arm-none-eabi/13.3.1/../../../../arm-none-eabi/lib/thumb/v7e-m+fp/hard\libc_nano.a(libc_a-nano-vfprintf_i.o)
 .ARM.attributes
                0x00000776       0x34 C:/ST/STM32CubeIDE_1.18.0/STM32CubeIDE/plugins/com.st.stm32cube.ide.mcu.externaltools.gnu-tools-for-stm32.13.3.rel1.win32_1.0.0.202411081344/tools/bin/../lib/gcc/arm-none-eabi/13.3.1/../../../../arm-none-eabi/lib/thumb/v7e-m+fp/hard\libc_nano.a(libc_a-memmove.o)
 .ARM.attributes
                0x000007aa       0x34 C:/ST/STM32CubeIDE_1.18.0/STM32CubeIDE/plugins/com.st.stm32cube.ide.mcu.externaltools.gnu-tools-for-stm32.13.3.rel1.win32_1.0.0.202411081344/tools/bin/../lib/gcc/arm-none-eabi/13.3.1/../../../../arm-none-eabi/lib/thumb/v7e-m+fp/hard\libc_nano.a(libc_a-sbrkr.o)
 .ARM.attributes
                0x000007de       0x1c C:/ST/STM32CubeIDE_1.18.0/STM32CubeIDE/plugins/com.st.stm32cube.ide.mcu.externaltools.gnu-tools-for-stm32.13.3.rel1.win32_1.0.0.202411081344/tools/bin/../lib/gcc/arm-none-eabi/13.3.1/../../../../arm-none-eabi/lib/thumb/v7e-m+fp/hard\libc_nano.a(libc_a-memchr.o)
 .ARM.attributes
                0x000007fa       0x34 C:/ST/STM32CubeIDE_1.18.0/STM32CubeIDE/plugins/com.st.stm32cube.ide.mcu.externaltools.gnu-tools-for-stm32.13.3.rel1.win32_1.0.0.202411081344/tools/bin/../lib/gcc/arm-none-eabi/13.3.1/../../../../arm-none-eabi/lib/thumb/v7e-m+fp/hard\libc_nano.a(libc_a-memcpy-stub.o)
 .ARM.attributes
                0x0000082e       0x34 C:/ST/STM32CubeIDE_1.18.0/STM32CubeIDE/plugins/com.st.stm32cube.ide.mcu.externaltools.gnu-tools-for-stm32.13.3.rel1.win32_1.0.0.202411081344/tools/bin/../lib/gcc/arm-none-eabi/13.3.1/../../../../arm-none-eabi/lib/thumb/v7e-m+fp/hard\libc_nano.a(libc_a-reallocr.o)
 .ARM.attributes
                0x00000862       0x34 C:/ST/STM32CubeIDE_1.18.0/STM32CubeIDE/plugins/com.st.stm32cube.ide.mcu.externaltools.gnu-tools-for-stm32.13.3.rel1.win32_1.0.0.202411081344/tools/bin/../lib/gcc/arm-none-eabi/13.3.1/../../../../arm-none-eabi/lib/thumb/v7e-m+fp/hard\libc_nano.a(libc_a-msizer.o)
 .ARM.attributes
                0x00000896       0x22 C:/ST/STM32CubeIDE_1.18.0/STM32CubeIDE/plugins/com.st.stm32cube.ide.mcu.externaltools.gnu-tools-for-stm32.13.3.rel1.win32_1.0.0.202411081344/tools/bin/../lib/gcc/arm-none-eabi/13.3.1/thumb/v7e-m+fp/hard\libgcc.a(_aeabi_uldivmod.o)
 .ARM.attributes
                0x000008b8       0x34 C:/ST/STM32CubeIDE_1.18.0/STM32CubeIDE/plugins/com.st.stm32cube.ide.mcu.externaltools.gnu-tools-for-stm32.13.3.rel1.win32_1.0.0.202411081344/tools/bin/../lib/gcc/arm-none-eabi/13.3.1/thumb/v7e-m+fp/hard\libgcc.a(_udivmoddi4.o)
 .ARM.attributes
                0x000008ec       0x22 C:/ST/STM32CubeIDE_1.18.0/STM32CubeIDE/plugins/com.st.stm32cube.ide.mcu.externaltools.gnu-tools-for-stm32.13.3.rel1.win32_1.0.0.202411081344/tools/bin/../lib/gcc/arm-none-eabi/13.3.1/thumb/v7e-m+fp/hard\libgcc.a(_dvmd_tls.o)
 .ARM.attributes
                0x0000090e       0x22 C:/ST/STM32CubeIDE_1.18.0/STM32CubeIDE/plugins/com.st.stm32cube.ide.mcu.externaltools.gnu-tools-for-stm32.13.3.rel1.win32_1.0.0.202411081344/tools/bin/../lib/gcc/arm-none-eabi/13.3.1/thumb/v7e-m+fp/hard/crtn.o
OUTPUT(test.elf elf32-littlearm)
LOAD linker stubs
LOAD C:/ST/STM32CubeIDE_1.18.0/STM32CubeIDE/plugins/com.st.stm32cube.ide.mcu.externaltools.gnu-tools-for-stm32.13.3.rel1.win32_1.0.0.202411081344/tools/bin/../lib/gcc/arm-none-eabi/13.3.1/../../../../arm-none-eabi/lib/thumb/v7e-m+fp/hard\libc.a
LOAD C:/ST/STM32CubeIDE_1.18.0/STM32CubeIDE/plugins/com.st.stm32cube.ide.mcu.externaltools.gnu-tools-for-stm32.13.3.rel1.win32_1.0.0.202411081344/tools/bin/../lib/gcc/arm-none-eabi/13.3.1/../../../../arm-none-eabi/lib/thumb/v7e-m+fp/hard\libm.a
LOAD C:/ST/STM32CubeIDE_1.18.0/STM32CubeIDE/plugins/com.st.stm32cube.ide.mcu.externaltools.gnu-tools-for-stm32.13.3.rel1.win32_1.0.0.202411081344/tools/bin/../lib/gcc/arm-none-eabi/13.3.1/thumb/v7e-m+fp/hard\libgcc.a

.debug_info     0x00000000    0x1badb
 .debug_info    0x00000000     0x2ece ./Core/Src/main.o
 .debug_info    0x00002ece     0x2726 ./Core/Src/stm32g4xx_hal_msp.o
 .debug_info    0x000055f4      0x90b ./Core/Src/stm32g4xx_it.o
 .debug_info    0x00005eff      0x168 ./Core/Src/sysmem.o
 .debug_info    0x00006067      0x58e ./Core/Src/system_stm32g4xx.o
 .debug_info    0x000065f5       0x30 ./Core/Startup/startup_stm32g473qetx.o
 .debug_info    0x00006625      0xb65 ./Drivers/STM32G4xx_HAL_Driver/Src/stm32g4xx_hal.o
 .debug_info    0x0000718a     0x2063 ./Drivers/STM32G4xx_HAL_Driver/Src/stm32g4xx_hal_adc.o
 .debug_info    0x000091ed     0x1d80 ./Drivers/STM32G4xx_HAL_Driver/Src/stm32g4xx_hal_adc_ex.o
 .debug_info    0x0000af6d      0xdc9 ./Drivers/STM32G4xx_HAL_Driver/Src/stm32g4xx_hal_cortex.o
 .debug_info    0x0000bd36      0xcbc ./Drivers/STM32G4xx_HAL_Driver/Src/stm32g4xx_hal_dac.o
 .debug_info    0x0000c9f2      0x85f ./Drivers/STM32G4xx_HAL_Driver/Src/stm32g4xx_hal_dma.o
 .debug_info    0x0000d251      0x763 ./Drivers/STM32G4xx_HAL_Driver/Src/stm32g4xx_hal_gpio.o
 .debug_info    0x0000d9b4      0x76a ./Drivers/STM32G4xx_HAL_Driver/Src/stm32g4xx_hal_opamp.o
 .debug_info    0x0000e11e      0x93f ./Drivers/STM32G4xx_HAL_Driver/Src/stm32g4xx_hal_pwr_ex.o
 .debug_info    0x0000ea5d      0xbe0 ./Drivers/STM32G4xx_HAL_Driver/Src/stm32g4xx_hal_rcc.o
 .debug_info    0x0000f63d      0xc45 ./Drivers/STM32G4xx_HAL_Driver/Src/stm32g4xx_hal_rcc_ex.o
 .debug_info    0x00010282     0x1677 ./Drivers/STM32G4xx_HAL_Driver/Src/stm32g4xx_hal_spi.o
 .debug_info    0x000118f9     0x2c52 ./Drivers/STM32G4xx_HAL_Driver/Src/stm32g4xx_hal_tim.o
 .debug_info    0x0001454b     0x1d95 ./Drivers/STM32G4xx_HAL_Driver/Src/stm32g4xx_hal_tim_ex.o
 .debug_info    0x000162e0     0x481e ./Drivers/STM32G4xx_HAL_Driver/Src/stm32g4xx_hal_uart.o
 .debug_info    0x0001aafe      0xfdd ./Drivers/STM32G4xx_HAL_Driver/Src/stm32g4xx_hal_uart_ex.o

.debug_abbrev   0x00000000     0x30f3
 .debug_abbrev  0x00000000      0x32a ./Core/Src/main.o
 .debug_abbrev  0x0000032a      0x283 ./Core/Src/stm32g4xx_hal_msp.o
 .debug_abbrev  0x000005ad      0x18e ./Core/Src/stm32g4xx_it.o
 .debug_abbrev  0x0000073b       0xbc ./Core/Src/sysmem.o
 .debug_abbrev  0x000007f7      0x11a ./Core/Src/system_stm32g4xx.o
 .debug_abbrev  0x00000911       0x24 ./Core/Startup/startup_stm32g473qetx.o
 .debug_abbrev  0x00000935      0x271 ./Drivers/STM32G4xx_HAL_Driver/Src/stm32g4xx_hal.o
 .debug_abbrev  0x00000ba6      0x2d3 ./Drivers/STM32G4xx_HAL_Driver/Src/stm32g4xx_hal_adc.o
 .debug_abbrev  0x00000e79      0x2ee ./Drivers/STM32G4xx_HAL_Driver/Src/stm32g4xx_hal_adc_ex.o
 .debug_abbrev  0x00001167      0x31c ./Drivers/STM32G4xx_HAL_Driver/Src/stm32g4xx_hal_cortex.o
 .debug_abbrev  0x00001483      0x231 ./Drivers/STM32G4xx_HAL_Driver/Src/stm32g4xx_hal_dac.o
 .debug_abbrev  0x000016b4      0x1e2 ./Drivers/STM32G4xx_HAL_Driver/Src/stm32g4xx_hal_dma.o
 .debug_abbrev  0x00001896      0x1cb ./Drivers/STM32G4xx_HAL_Driver/Src/stm32g4xx_hal_gpio.o
 .debug_abbrev  0x00001a61      0x1a6 ./Drivers/STM32G4xx_HAL_Driver/Src/stm32g4xx_hal_opamp.o
 .debug_abbrev  0x00001c07      0x22c ./Drivers/STM32G4xx_HAL_Driver/Src/stm32g4xx_hal_pwr_ex.o
 .debug_abbrev  0x00001e33      0x2c9 ./Drivers/STM32G4xx_HAL_Driver/Src/stm32g4xx_hal_rcc.o
 .debug_abbrev  0x000020fc      0x258 ./Drivers/STM32G4xx_HAL_Driver/Src/stm32g4xx_hal_rcc_ex.o
 .debug_abbrev  0x00002354      0x25d ./Drivers/STM32G4xx_HAL_Driver/Src/stm32g4xx_hal_spi.o
 .debug_abbrev  0x000025b1      0x2a7 ./Drivers/STM32G4xx_HAL_Driver/Src/stm32g4xx_hal_tim.o
 .debug_abbrev  0x00002858      0x2c5 ./Drivers/STM32G4xx_HAL_Driver/Src/stm32g4xx_hal_tim_ex.o
 .debug_abbrev  0x00002b1d      0x304 ./Drivers/STM32G4xx_HAL_Driver/Src/stm32g4xx_hal_uart.o
 .debug_abbrev  0x00002e21      0x2d2 ./Drivers/STM32G4xx_HAL_Driver/Src/stm32g4xx_hal_uart_ex.o

.debug_aranges  0x00000000     0x1850
 .debug_aranges
                0x00000000       0xd8 ./Core/Src/main.o
 .debug_aranges
                0x000000d8       0x98 ./Core/Src/stm32g4xx_hal_msp.o
 .debug_aranges
                0x00000170       0x70 ./Core/Src/stm32g4xx_it.o
 .debug_aranges
                0x000001e0       0x20 ./Core/Src/sysmem.o
 .debug_aranges
                0x00000200       0x28 ./Core/Src/system_stm32g4xx.o
 .debug_aranges
                0x00000228       0x28 ./Core/Startup/startup_stm32g473qetx.o
 .debug_aranges
                0x00000250      0x148 ./Drivers/STM32G4xx_HAL_Driver/Src/stm32g4xx_hal.o
 .debug_aranges
                0x00000398      0x248 ./Drivers/STM32G4xx_HAL_Driver/Src/stm32g4xx_hal_adc.o
 .debug_aranges
                0x000005e0      0x1c0 ./Drivers/STM32G4xx_HAL_Driver/Src/stm32g4xx_hal_adc_ex.o
 .debug_aranges
                0x000007a0      0x128 ./Drivers/STM32G4xx_HAL_Driver/Src/stm32g4xx_hal_cortex.o
 .debug_aranges
                0x000008c8       0xc0 ./Drivers/STM32G4xx_HAL_Driver/Src/stm32g4xx_hal_dac.o
 .debug_aranges
                0x00000988       0x90 ./Drivers/STM32G4xx_HAL_Driver/Src/stm32g4xx_hal_dma.o
 .debug_aranges
                0x00000a18       0x58 ./Drivers/STM32G4xx_HAL_Driver/Src/stm32g4xx_hal_gpio.o
 .debug_aranges
                0x00000a70       0x70 ./Drivers/STM32G4xx_HAL_Driver/Src/stm32g4xx_hal_opamp.o
 .debug_aranges
                0x00000ae0      0x140 ./Drivers/STM32G4xx_HAL_Driver/Src/stm32g4xx_hal_pwr_ex.o
 .debug_aranges
                0x00000c20       0x98 ./Drivers/STM32G4xx_HAL_Driver/Src/stm32g4xx_hal_rcc.o
 .debug_aranges
                0x00000cb8       0xb0 ./Drivers/STM32G4xx_HAL_Driver/Src/stm32g4xx_hal_rcc_ex.o
 .debug_aranges
                0x00000d68      0x1d8 ./Drivers/STM32G4xx_HAL_Driver/Src/stm32g4xx_hal_spi.o
 .debug_aranges
                0x00000f40      0x3e0 ./Drivers/STM32G4xx_HAL_Driver/Src/stm32g4xx_hal_tim.o
 .debug_aranges
                0x00001320      0x240 ./Drivers/STM32G4xx_HAL_Driver/Src/stm32g4xx_hal_tim_ex.o
 .debug_aranges
                0x00001560      0x248 ./Drivers/STM32G4xx_HAL_Driver/Src/stm32g4xx_hal_uart.o
 .debug_aranges
                0x000017a8       0xa8 ./Drivers/STM32G4xx_HAL_Driver/Src/stm32g4xx_hal_uart_ex.o

.debug_rnglists
                0x00000000     0x1301
 .debug_rnglists
                0x00000000       0xae ./Core/Src/main.o
 .debug_rnglists
                0x000000ae       0x76 ./Core/Src/stm32g4xx_hal_msp.o
 .debug_rnglists
                0x00000124       0x4f ./Core/Src/stm32g4xx_it.o
 .debug_rnglists
                0x00000173       0x13 ./Core/Src/sysmem.o
 .debug_rnglists
                0x00000186       0x1a ./Core/Src/system_stm32g4xx.o
 .debug_rnglists
                0x000001a0       0x19 ./Core/Startup/startup_stm32g473qetx.o
 .debug_rnglists
                0x000001b9       0xf1 ./Drivers/STM32G4xx_HAL_Driver/Src/stm32g4xx_hal.o
 .debug_rnglists
                0x000002aa      0x1c0 ./Drivers/STM32G4xx_HAL_Driver/Src/stm32g4xx_hal_adc.o
 .debug_rnglists
                0x0000046a      0x15a ./Drivers/STM32G4xx_HAL_Driver/Src/stm32g4xx_hal_adc_ex.o
 .debug_rnglists
                0x000005c4       0xda ./Drivers/STM32G4xx_HAL_Driver/Src/stm32g4xx_hal_cortex.o
 .debug_rnglists
                0x0000069e       0x90 ./Drivers/STM32G4xx_HAL_Driver/Src/stm32g4xx_hal_dac.o
 .debug_rnglists
                0x0000072e       0x71 ./Drivers/STM32G4xx_HAL_Driver/Src/stm32g4xx_hal_dma.o
 .debug_rnglists
                0x0000079f       0x3f ./Drivers/STM32G4xx_HAL_Driver/Src/stm32g4xx_hal_gpio.o
 .debug_rnglists
                0x000007de       0x52 ./Drivers/STM32G4xx_HAL_Driver/Src/stm32g4xx_hal_opamp.o
 .debug_rnglists
                0x00000830       0xf1 ./Drivers/STM32G4xx_HAL_Driver/Src/stm32g4xx_hal_pwr_ex.o
 .debug_rnglists
                0x00000921       0x74 ./Drivers/STM32G4xx_HAL_Driver/Src/stm32g4xx_hal_rcc.o
 .debug_rnglists
                0x00000995       0x87 ./Drivers/STM32G4xx_HAL_Driver/Src/stm32g4xx_hal_rcc_ex.o
 .debug_rnglists
                0x00000a1c      0x178 ./Drivers/STM32G4xx_HAL_Driver/Src/stm32g4xx_hal_spi.o
 .debug_rnglists
                0x00000b94      0x328 ./Drivers/STM32G4xx_HAL_Driver/Src/stm32g4xx_hal_tim.o
 .debug_rnglists
                0x00000ebc      0x1cc ./Drivers/STM32G4xx_HAL_Driver/Src/stm32g4xx_hal_tim_ex.o
 .debug_rnglists
                0x00001088      0x1fa ./Drivers/STM32G4xx_HAL_Driver/Src/stm32g4xx_hal_uart.o
 .debug_rnglists
                0x00001282       0x7f ./Drivers/STM32G4xx_HAL_Driver/Src/stm32g4xx_hal_uart_ex.o

.debug_macro    0x00000000    0x24391
 .debug_macro   0x00000000      0x346 ./Core/Src/main.o
 .debug_macro   0x00000346      0xad8 ./Core/Src/main.o
 .debug_macro   0x00000e1e      0x173 ./Core/Src/main.o
 .debug_macro   0x00000f91       0x2e ./Core/Src/main.o
 .debug_macro   0x00000fbf       0x28 ./Core/Src/main.o
 .debug_macro   0x00000fe7       0x22 ./Core/Src/main.o
 .debug_macro   0x00001009       0x8e ./Core/Src/main.o
 .debug_macro   0x00001097       0x51 ./Core/Src/main.o
 .debug_macro   0x000010e8      0x103 ./Core/Src/main.o
 .debug_macro   0x000011eb       0x6a ./Core/Src/main.o
 .debug_macro   0x00001255      0x1df ./Core/Src/main.o
 .debug_macro   0x00001434       0x1c ./Core/Src/main.o
 .debug_macro   0x00001450       0x22 ./Core/Src/main.o
 .debug_macro   0x00001472       0xfb ./Core/Src/main.o
 .debug_macro   0x0000156d     0x1011 ./Core/Src/main.o
 .debug_macro   0x0000257e      0x11f ./Core/Src/main.o
 .debug_macro   0x0000269d    0x130df ./Core/Src/main.o
 .debug_macro   0x0001577c       0x6d ./Core/Src/main.o
 .debug_macro   0x000157e9     0x3558 ./Core/Src/main.o
 .debug_macro   0x00018d41      0x190 ./Core/Src/main.o
 .debug_macro   0x00018ed1       0x5c ./Core/Src/main.o
 .debug_macro   0x00018f2d     0x16d9 ./Core/Src/main.o
 .debug_macro   0x0001a606      0x600 ./Core/Src/main.o
 .debug_macro   0x0001ac06      0x1b6 ./Core/Src/main.o
 .debug_macro   0x0001adbc      0x336 ./Core/Src/main.o
 .debug_macro   0x0001b0f2      0x50b ./Core/Src/main.o
 .debug_macro   0x0001b5fd      0x18b ./Core/Src/main.o
 .debug_macro   0x0001b788       0x43 ./Core/Src/main.o
 .debug_macro   0x0001b7cb      0x23d ./Core/Src/main.o
 .debug_macro   0x0001ba08     0x1112 ./Core/Src/main.o
 .debug_macro   0x0001cb1a      0x72e ./Core/Src/main.o
 .debug_macro   0x0001d248      0x391 ./Core/Src/main.o
 .debug_macro   0x0001d5d9      0x209 ./Core/Src/main.o
 .debug_macro   0x0001d7e2      0x108 ./Core/Src/main.o
 .debug_macro   0x0001d8ea      0x211 ./Core/Src/main.o
 .debug_macro   0x0001dafb      0x45c ./Core/Src/main.o
 .debug_macro   0x0001df57      0x11c ./Core/Src/main.o
 .debug_macro   0x0001e073      0x1b5 ./Core/Src/main.o
 .debug_macro   0x0001e228      0x122 ./Core/Src/main.o
 .debug_macro   0x0001e34a      0x3d1 ./Core/Src/main.o
 .debug_macro   0x0001e71b      0x2fe ./Core/Src/main.o
 .debug_macro   0x0001ea19      0xc0b ./Core/Src/main.o
 .debug_macro   0x0001f624      0x718 ./Core/Src/main.o
 .debug_macro   0x0001fd3c      0x693 ./Core/Src/main.o
 .debug_macro   0x000203cf       0xa6 ./Core/Src/main.o
 .debug_macro   0x00020475      0x34a ./Core/Src/main.o
 .debug_macro   0x000207bf      0x3a4 ./Core/Src/main.o
 .debug_macro   0x00020b63       0x61 ./Core/Src/main.o
 .debug_macro   0x00020bc4       0x2a ./Core/Src/main.o
 .debug_macro   0x00020bee       0x43 ./Core/Src/main.o
 .debug_macro   0x00020c31       0x34 ./Core/Src/main.o
 .debug_macro   0x00020c65       0x16 ./Core/Src/main.o
 .debug_macro   0x00020c7b       0x3c ./Core/Src/main.o
 .debug_macro   0x00020cb7      0x370 ./Core/Src/main.o
 .debug_macro   0x00021027       0x10 ./Core/Src/main.o
 .debug_macro   0x00021037       0x16 ./Core/Src/main.o
 .debug_macro   0x0002104d       0x4a ./Core/Src/main.o
 .debug_macro   0x00021097       0x34 ./Core/Src/main.o
 .debug_macro   0x000210cb       0x10 ./Core/Src/main.o
 .debug_macro   0x000210db       0x58 ./Core/Src/main.o
 .debug_macro   0x00021133       0x8e ./Core/Src/main.o
 .debug_macro   0x000211c1       0x1c ./Core/Src/main.o
 .debug_macro   0x000211dd      0x185 ./Core/Src/main.o
 .debug_macro   0x00021362       0x16 ./Core/Src/main.o
 .debug_macro   0x00021378       0x16 ./Core/Src/main.o
 .debug_macro   0x0002138e      0x146 ./Core/Src/main.o
 .debug_macro   0x000214d4       0x16 ./Core/Src/main.o
 .debug_macro   0x000214ea       0x20 ./Core/Src/main.o
 .debug_macro   0x0002150a      0x23e ./Core/Src/stm32g4xx_hal_msp.o
 .debug_macro   0x00021748      0x248 ./Core/Src/stm32g4xx_it.o
 .debug_macro   0x00021990      0x112 ./Core/Src/sysmem.o
 .debug_macro   0x00021aa2      0x23c ./Core/Src/sysmem.o
 .debug_macro   0x00021cde      0x22f ./Core/Src/system_stm32g4xx.o
 .debug_macro   0x00021f0d      0x27d ./Drivers/STM32G4xx_HAL_Driver/Src/stm32g4xx_hal.o
 .debug_macro   0x0002218a      0x24c ./Drivers/STM32G4xx_HAL_Driver/Src/stm32g4xx_hal_adc.o
 .debug_macro   0x000223d6      0x23b ./Drivers/STM32G4xx_HAL_Driver/Src/stm32g4xx_hal_adc_ex.o
 .debug_macro   0x00022611      0x22f ./Drivers/STM32G4xx_HAL_Driver/Src/stm32g4xx_hal_cortex.o
 .debug_macro   0x00022840      0x245 ./Drivers/STM32G4xx_HAL_Driver/Src/stm32g4xx_hal_dac.o
 .debug_macro   0x00022a85      0x22f ./Drivers/STM32G4xx_HAL_Driver/Src/stm32g4xx_hal_dma.o
 .debug_macro   0x00022cb4      0x236 ./Drivers/STM32G4xx_HAL_Driver/Src/stm32g4xx_hal_gpio.o
 .debug_macro   0x00022eea      0x24c ./Drivers/STM32G4xx_HAL_Driver/Src/stm32g4xx_hal_opamp.o
 .debug_macro   0x00023136      0x259 ./Drivers/STM32G4xx_HAL_Driver/Src/stm32g4xx_hal_pwr_ex.o
 .debug_macro   0x0002338f      0x271 ./Drivers/STM32G4xx_HAL_Driver/Src/stm32g4xx_hal_rcc.o
 .debug_macro   0x00023600      0x259 ./Drivers/STM32G4xx_HAL_Driver/Src/stm32g4xx_hal_rcc_ex.o
 .debug_macro   0x00023859      0x237 ./Drivers/STM32G4xx_HAL_Driver/Src/stm32g4xx_hal_spi.o
 .debug_macro   0x00023a90      0x237 ./Drivers/STM32G4xx_HAL_Driver/Src/stm32g4xx_hal_tim.o
 .debug_macro   0x00023cc7      0x235 ./Drivers/STM32G4xx_HAL_Driver/Src/stm32g4xx_hal_tim_ex.o
 .debug_macro   0x00023efc      0x25a ./Drivers/STM32G4xx_HAL_Driver/Src/stm32g4xx_hal_uart.o
 .debug_macro   0x00024156      0x23b ./Drivers/STM32G4xx_HAL_Driver/Src/stm32g4xx_hal_uart_ex.o

.debug_line     0x00000000    0x1c5b5
 .debug_line    0x00000000     0x1538 ./Core/Src/main.o
 .debug_line    0x00001538      0xedc ./Core/Src/stm32g4xx_hal_msp.o
 .debug_line    0x00002414      0x91e ./Core/Src/stm32g4xx_it.o
 .debug_line    0x00002d32      0x588 ./Core/Src/sysmem.o
 .debug_line    0x000032ba      0x8ac ./Core/Src/system_stm32g4xx.o
 .debug_line    0x00003b66       0x7b ./Core/Startup/startup_stm32g473qetx.o
 .debug_line    0x00003be1      0xc78 ./Drivers/STM32G4xx_HAL_Driver/Src/stm32g4xx_hal.o
 .debug_line    0x00004859     0x2347 ./Drivers/STM32G4xx_HAL_Driver/Src/stm32g4xx_hal_adc.o
 .debug_line    0x00006ba0     0x1c9f ./Drivers/STM32G4xx_HAL_Driver/Src/stm32g4xx_hal_adc_ex.o
 .debug_line    0x0000883f      0xddd ./Drivers/STM32G4xx_HAL_Driver/Src/stm32g4xx_hal_cortex.o
 .debug_line    0x0000961c      0xde8 ./Drivers/STM32G4xx_HAL_Driver/Src/stm32g4xx_hal_dac.o
 .debug_line    0x0000a404      0xf77 ./Drivers/STM32G4xx_HAL_Driver/Src/stm32g4xx_hal_dma.o
 .debug_line    0x0000b37b      0xc51 ./Drivers/STM32G4xx_HAL_Driver/Src/stm32g4xx_hal_gpio.o
 .debug_line    0x0000bfcc      0xb7b ./Drivers/STM32G4xx_HAL_Driver/Src/stm32g4xx_hal_opamp.o
 .debug_line    0x0000cb47      0xdd7 ./Drivers/STM32G4xx_HAL_Driver/Src/stm32g4xx_hal_pwr_ex.o
 .debug_line    0x0000d91e     0x10fb ./Drivers/STM32G4xx_HAL_Driver/Src/stm32g4xx_hal_rcc.o
 .debug_line    0x0000ea19     0x1371 ./Drivers/STM32G4xx_HAL_Driver/Src/stm32g4xx_hal_rcc_ex.o
 .debug_line    0x0000fd8a     0x2126 ./Drivers/STM32G4xx_HAL_Driver/Src/stm32g4xx_hal_spi.o
 .debug_line    0x00011eb0     0x4113 ./Drivers/STM32G4xx_HAL_Driver/Src/stm32g4xx_hal_tim.o
 .debug_line    0x00015fc3     0x217f ./Drivers/STM32G4xx_HAL_Driver/Src/stm32g4xx_hal_tim_ex.o
 .debug_line    0x00018142     0x36c6 ./Drivers/STM32G4xx_HAL_Driver/Src/stm32g4xx_hal_uart.o
 .debug_line    0x0001b808      0xdad ./Drivers/STM32G4xx_HAL_Driver/Src/stm32g4xx_hal_uart_ex.o

.debug_str      0x00000000    0xf6a21
 .debug_str     0x00000000    0xf6a21 ./Core/Src/main.o
                              0xf1045 (size before relaxing)
 .debug_str     0x000f6a21    0xed04f ./Core/Src/stm32g4xx_hal_msp.o
 .debug_str     0x000f6a21    0xebc0b ./Core/Src/stm32g4xx_it.o
 .debug_str     0x000f6a21     0x7772 ./Core/Src/sysmem.o
 .debug_str     0x000f6a21    0xea463 ./Core/Src/system_stm32g4xx.o
 .debug_str     0x000f6a21       0x74 ./Core/Startup/startup_stm32g473qetx.o
 .debug_str     0x000f6a21    0xeb0ec ./Drivers/STM32G4xx_HAL_Driver/Src/stm32g4xx_hal.o
 .debug_str     0x000f6a21    0xeb490 ./Drivers/STM32G4xx_HAL_Driver/Src/stm32g4xx_hal_adc.o
 .debug_str     0x000f6a21    0xeb436 ./Drivers/STM32G4xx_HAL_Driver/Src/stm32g4xx_hal_adc_ex.o
 .debug_str     0x000f6a21    0xeada8 ./Drivers/STM32G4xx_HAL_Driver/Src/stm32g4xx_hal_cortex.o
 .debug_str     0x000f6a21    0xeab38 ./Drivers/STM32G4xx_HAL_Driver/Src/stm32g4xx_hal_dac.o
 .debug_str     0x000f6a21    0xea83d ./Drivers/STM32G4xx_HAL_Driver/Src/stm32g4xx_hal_dma.o
 .debug_str     0x000f6a21    0xea5ee ./Drivers/STM32G4xx_HAL_Driver/Src/stm32g4xx_hal_gpio.o
 .debug_str     0x000f6a21    0xea931 ./Drivers/STM32G4xx_HAL_Driver/Src/stm32g4xx_hal_opamp.o
 .debug_str     0x000f6a21    0xea951 ./Drivers/STM32G4xx_HAL_Driver/Src/stm32g4xx_hal_pwr_ex.o
 .debug_str     0x000f6a21    0xeab82 ./Drivers/STM32G4xx_HAL_Driver/Src/stm32g4xx_hal_rcc.o
 .debug_str     0x000f6a21    0xeabac ./Drivers/STM32G4xx_HAL_Driver/Src/stm32g4xx_hal_rcc_ex.o
 .debug_str     0x000f6a21    0xead95 ./Drivers/STM32G4xx_HAL_Driver/Src/stm32g4xx_hal_spi.o
 .debug_str     0x000f6a21    0xeb961 ./Drivers/STM32G4xx_HAL_Driver/Src/stm32g4xx_hal_tim.o
 .debug_str     0x000f6a21    0xeb5d5 ./Drivers/STM32G4xx_HAL_Driver/Src/stm32g4xx_hal_tim_ex.o
 .debug_str     0x000f6a21    0xeb41e ./Drivers/STM32G4xx_HAL_Driver/Src/stm32g4xx_hal_uart.o
 .debug_str     0x000f6a21    0xeac1c ./Drivers/STM32G4xx_HAL_Driver/Src/stm32g4xx_hal_uart_ex.o

.comment        0x00000000       0x43
 .comment       0x00000000       0x43 ./Core/Src/main.o
                                 0x44 (size before relaxing)
 .comment       0x00000043       0x44 ./Core/Src/stm32g4xx_hal_msp.o
 .comment       0x00000043       0x44 ./Core/Src/stm32g4xx_it.o
 .comment       0x00000043       0x44 ./Core/Src/sysmem.o
 .comment       0x00000043       0x44 ./Core/Src/system_stm32g4xx.o
 .comment       0x00000043       0x44 ./Drivers/STM32G4xx_HAL_Driver/Src/stm32g4xx_hal.o
 .comment       0x00000043       0x44 ./Drivers/STM32G4xx_HAL_Driver/Src/stm32g4xx_hal_adc.o
 .comment       0x00000043       0x44 ./Drivers/STM32G4xx_HAL_Driver/Src/stm32g4xx_hal_adc_ex.o
 .comment       0x00000043       0x44 ./Drivers/STM32G4xx_HAL_Driver/Src/stm32g4xx_hal_cortex.o