2025-04-01 20:33:22,219 [INFO] Activator:176 - 


2025-04-01 20:33:22,227 [INFO] Activator:177 - !SESSION log4j initialized
2025-04-01 20:33:26,335 [INFO] LogOutputStream:77 - [STDOUT_REDIRECT] 
2025-04-01 20:33:28,589 [INFO] ApplicationProperties:184 - Using Application install path: C:\ST\STM32CubeIDE_1.18.0\STM32CubeIDE\plugins\com.st.stm32cube.common.mx_6.14.0.202502271554
2025-04-01 20:33:28,611 [INFO] DbMcusXml:78 - Set database path to: C:\ST\STM32CubeIDE_1.18.0\STM32CubeIDE\plugins\com.st.stm32cube.common.mx_6.14.0.202502271554\\db\/mcu/
2025-04-01 20:33:28,612 [INFO] ApiDb:274 - Set plugin database path to: C:\ST\STM32CubeIDE_1.18.0\STM32CubeIDE\plugins\com.st.stm32cube.common.mx_6.14.0.202502271554\\db\/plugins/boardmanager/
2025-04-01 20:33:28,614 [WARN] ApiDb:259 - Overriding images path with different value:  => C:\ST\STM32CubeIDE_1.18.0\STM32CubeIDE\plugins\com.st.stm32cube.common.mx_6.14.0.202502271554\\db\/plugins/mcufinder/images/
2025-04-01 20:33:28,623 [INFO] ApiDb:250 - Set database path to: C:\Users\peter\.stmcufinder\plugins\mcufinder//mcu/
2025-04-01 20:33:28,625 [INFO] DbMcusAds:125 - Set database path to: C:\Users\peter\.stmcufinder\plugins\mcufinder//mcu/
2025-04-01 20:33:28,627 [INFO] CrossReferenceDbSqlite:203 - Set database path to: C:\Users\peter\.stmcufinder\plugins\mcufinder//mcu/cs/
2025-04-01 20:33:28,811 [INFO] RulesReader:64 - Compatibility file has been processed (301 Rules)
2025-04-01 20:33:28,935 [INFO] DbMcusXml:78 - Set database path to: C:\ST\STM32CubeIDE_1.18.0\STM32CubeIDE\plugins\com.st.stm32cube.common.mx_6.14.0.202502271554\\db\/mcu/
2025-04-01 20:33:28,935 [INFO] ApiDb:274 - Set plugin database path to: C:\ST\STM32CubeIDE_1.18.0\STM32CubeIDE\plugins\com.st.stm32cube.common.mx_6.14.0.202502271554\\db\/plugins/boardmanager/
2025-04-01 20:33:28,935 [INFO] ApiDb:261 - Set plugin images path to: C:\ST\STM32CubeIDE_1.18.0\STM32CubeIDE\plugins\com.st.stm32cube.common.mx_6.14.0.202502271554\\db\/plugins/mcufinder/images/
2025-04-01 20:33:28,935 [WARN] DbFile:41 - Overriding database path with different value: C:\Users\peter\.stmcufinder\plugins\mcufinder/ => C:\Users\peter\.stmcufinder\plugins\mcufinder
2025-04-01 20:33:28,936 [INFO] ApiDb:250 - Set database path to: C:\Users\peter\.stmcufinder\plugins\mcufinder//mcu/
2025-04-01 20:33:28,936 [WARN] DbFile:41 - Overriding database path with different value: C:\Users\peter\.stmcufinder\plugins\mcufinder/ => C:\Users\peter\.stmcufinder\plugins\mcufinder
2025-04-01 20:33:28,936 [INFO] DbMcusAds:125 - Set database path to: C:\Users\peter\.stmcufinder\plugins\mcufinder//mcu/
2025-04-01 20:33:28,936 [WARN] DbFile:41 - Overriding database path with different value: C:\Users\peter\.stmcufinder\plugins\mcufinder/ => C:\Users\peter\.stmcufinder\plugins\mcufinder
2025-04-01 20:33:28,936 [WARN] DbFile:41 - Overriding database path with different value: C:\Users\peter\.stmcufinder\plugins\mcufinder/ => C:\Users\peter\.stmcufinder\plugins\mcufinder
2025-04-01 20:33:28,936 [INFO] CrossReferenceDbSqlite:203 - Set database path to: C:\Users\peter\.stmcufinder\plugins\mcufinder//mcu/cs/
2025-04-01 20:33:29,052 [INFO] MainPanel:272 - HeapMemory: 268435456
2025-04-01 20:33:29,247 [INFO] DbMcusXml:78 - Set database path to: C:\ST\STM32CubeIDE_1.18.0\STM32CubeIDE\plugins\com.st.stm32cube.common.mx_6.14.0.202502271554\\db\/mcu/
2025-04-01 20:33:29,248 [INFO] ApiDb:274 - Set plugin database path to: C:\ST\STM32CubeIDE_1.18.0\STM32CubeIDE\plugins\com.st.stm32cube.common.mx_6.14.0.202502271554\\db\/plugins/boardmanager/
2025-04-01 20:33:29,248 [INFO] ApiDb:261 - Set plugin images path to: C:\ST\STM32CubeIDE_1.18.0\STM32CubeIDE\plugins\com.st.stm32cube.common.mx_6.14.0.202502271554\\db\/plugins/mcufinder/images/
2025-04-01 20:33:29,249 [WARN] DbFile:41 - Overriding database path with different value: C:\Users\peter\.stmcufinder\plugins\mcufinder/ => C:\Users\peter\.stmcufinder\plugins\mcufinder
2025-04-01 20:33:29,249 [INFO] ApiDb:250 - Set database path to: C:\Users\peter\.stmcufinder\plugins\mcufinder//mcu/
2025-04-01 20:33:29,249 [WARN] DbFile:41 - Overriding database path with different value: C:\Users\peter\.stmcufinder\plugins\mcufinder/ => C:\Users\peter\.stmcufinder\plugins\mcufinder
2025-04-01 20:33:29,250 [INFO] DbMcusAds:125 - Set database path to: C:\Users\peter\.stmcufinder\plugins\mcufinder//mcu/
2025-04-01 20:33:29,250 [WARN] DbFile:41 - Overriding database path with different value: C:\Users\peter\.stmcufinder\plugins\mcufinder/ => C:\Users\peter\.stmcufinder\plugins\mcufinder
2025-04-01 20:33:29,250 [WARN] DbFile:41 - Overriding database path with different value: C:\Users\peter\.stmcufinder\plugins\mcufinder/ => C:\Users\peter\.stmcufinder\plugins\mcufinder
2025-04-01 20:33:29,251 [INFO] CrossReferenceDbSqlite:203 - Set database path to: C:\Users\peter\.stmcufinder\plugins\mcufinder//mcu/cs/
2025-04-01 20:33:29,301 [INFO] ApplicationProperties:184 - Using Application install path: C:\ST\STM32CubeIDE_1.18.0\STM32CubeIDE\plugins\com.st.stm32cube.common.mx_6.14.0.202502271554
2025-04-01 20:33:29,303 [INFO] PluginManage:196 - Search for loadable plugins [exclusion list=, ]
2025-04-01 20:33:29,305 [INFO] PluginManage:310 - Check plugin analytics
2025-04-01 20:33:29,588 [INFO] AnalyticsPlugin:253 - Accepted Software Licenses: STM32CubeMX.6.13.0
2025-04-01 20:33:29,589 [INFO] AnalyticsPlugin:255 - Accepted CMSIS Pack Licenses: 
2025-04-01 20:33:29,589 [INFO] AnalyticsPlugin:257 - Accepted Firmware Licenses: FW.G4.1.6.0
2025-04-01 20:33:29,592 [INFO] PluginManage:359 - Loaded plugin analytics (category:tool,tabindex:-1)
2025-04-01 20:33:29,592 [INFO] PluginManage:310 - Check plugin cadmodel
2025-04-01 20:33:29,597 [INFO] CADModel:105 - Init CAD model plugin
2025-04-01 20:33:29,597 [INFO] PluginManage:359 - Loaded plugin cadmodel (category:power,tabindex:5)
2025-04-01 20:33:29,597 [INFO] PluginManage:310 - Check plugin clock
2025-04-01 20:33:29,608 [INFO] PluginManage:359 - Loaded plugin clock (category:base,tabindex:2)
2025-04-01 20:33:29,608 [INFO] PluginManage:310 - Check plugin ddr
2025-04-01 20:33:29,610 [INFO] PluginManage:359 - Loaded plugin ddr (category:tool,tabindex:6)
2025-04-01 20:33:29,611 [INFO] PluginManage:310 - Check plugin filemanager
2025-04-01 20:33:29,816 [INFO] PluginManage:359 - Loaded plugin filemanager (category:base,tabindex:10)
2025-04-01 20:33:29,817 [INFO] PluginManage:310 - Check plugin ipmanager
2025-04-01 20:33:29,825 [INFO] PluginManage:359 - Loaded plugin ipmanager (category:base,tabindex:5)
2025-04-01 20:33:29,825 [INFO] PluginManage:310 - Check plugin lpbam
2025-04-01 20:33:29,836 [INFO] PluginManage:359 - Loaded plugin lpbam (category:base,tabindex:0)
2025-04-01 20:33:29,837 [INFO] PluginManage:310 - Check plugin memorymap
2025-04-01 20:33:29,850 [INFO] PluginManage:359 - Loaded plugin memorymap (category:base,tabindex:4)
2025-04-01 20:33:29,851 [INFO] PluginManage:310 - Check plugin pinoutandconfiguration
2025-04-01 20:33:29,860 [INFO] PluginManage:359 - Loaded plugin pinoutandconfiguration (category:base,tabindex:1)
2025-04-01 20:33:29,862 [INFO] PluginManage:310 - Check plugin pinoutconfig
2025-04-01 20:33:29,991 [WARN] SupportedApi:132 - Cannot load RTOS API schema: s4s-elt-must-match.1: The content of 'definitions' must match (annotation?, (simpleType | complexType)?, (unique | key | keyref)*)). A problem was found starting at: attribute.
2025-04-01 20:33:30,213 [INFO] PluginManage:359 - Loaded plugin pinoutconfig (category:base,tabindex:0)
2025-04-01 20:33:30,214 [INFO] PluginManage:310 - Check plugin power
2025-04-01 20:33:30,232 [INFO] PluginManage:359 - Loaded plugin power (category:power,tabindex:4)
2025-04-01 20:33:30,232 [INFO] PluginManage:310 - Check plugin projectmanager
2025-04-01 20:33:30,256 [INFO] PluginManage:359 - Loaded plugin projectmanager (category:projectmanager,tabindex:4)
2025-04-01 20:33:30,256 [INFO] PluginManage:310 - Check plugin rif
2025-04-01 20:33:30,264 [INFO] PluginManage:359 - Loaded plugin rif (category:base,tabindex:3)
2025-04-01 20:33:30,265 [INFO] PluginManage:310 - Check plugin thirdparty
2025-04-01 20:33:30,465 [INFO] PluginManage:359 - Loaded plugin thirdparty (category:base,tabindex:-1)
2025-04-01 20:33:30,465 [INFO] PluginManage:310 - Check plugin tools
2025-04-01 20:33:30,467 [WARN] IntegrityCheckThread:84 - waiting for thirdparty lock release [integrity check]
2025-04-01 20:33:30,468 [INFO] IntegrityCheckThread:86 - entering critical section [integrity check]
2025-04-01 20:33:30,468 [INFO] PluginManage:359 - Loaded plugin tools (category:base,tabindex:7)
2025-04-01 20:33:30,469 [INFO] ThirdPartyUpdaterWithRetryManager:70 - Updater plugin not ready yet. [1/15]
2025-04-01 20:33:30,469 [INFO] PluginManage:310 - Check plugin tutovideos
2025-04-01 20:33:30,691 [INFO] PluginManage:359 - Loaded plugin tutovideos (category:base,tabindex:-1)
2025-04-01 20:33:30,693 [INFO] PluginManage:310 - Check plugin updater
2025-04-01 20:33:30,731 [INFO] PluginManage:359 - Loaded plugin updater (category:base,tabindex:12)
2025-04-01 20:33:30,732 [INFO] PluginManage:310 - Check plugin userauth
2025-04-01 20:33:30,738 [INFO] UserAuth:118 - Init User Auth plugin
2025-04-01 20:33:30,739 [INFO] PluginManage:359 - Loaded plugin userauth (category:base,tabindex:14)
2025-04-01 20:33:30,740 [INFO] PluginManage:283 - PluginManage : Loaded plugins [18]
2025-04-01 20:33:31,027 [INFO] PinOutPanel:1589 - setPackage(No Configuration,No Configuration)
2025-04-01 20:33:31,145 [INFO] CADModel:165 - CPN selected for project level
2025-04-01 20:33:31,145 [INFO] CADModel:114 - Register for checkConnection events
2025-04-01 20:33:31,167 [INFO] IPUIPlugin:80 - create IPUIPlugin
2025-04-01 20:33:31,168 [INFO] PluginManager:220 - loadIPPluginJar : add adc
2025-04-01 20:33:31,171 [INFO] IPUIPlugin:80 - create IPUIPlugin
2025-04-01 20:33:31,172 [INFO] PluginManager:220 - loadIPPluginJar : add aes
2025-04-01 20:33:31,175 [INFO] IPUIPlugin:80 - create IPUIPlugin
2025-04-01 20:33:31,175 [INFO] PluginManager:220 - loadIPPluginJar : add can
2025-04-01 20:33:31,177 [INFO] IPUIPlugin:80 - create IPUIPlugin
2025-04-01 20:33:31,177 [INFO] PluginManager:220 - loadIPPluginJar : add comp
2025-04-01 20:33:31,179 [INFO] IPUIPlugin:80 - create IPUIPlugin
2025-04-01 20:33:31,180 [INFO] PluginManager:220 - loadIPPluginJar : add cryp
2025-04-01 20:33:31,183 [INFO] IPUIPlugin:80 - create IPUIPlugin
2025-04-01 20:33:31,183 [INFO] PluginManager:220 - loadIPPluginJar : add ddr_ctrl_phy
2025-04-01 20:33:31,188 [INFO] IPUIPlugin:80 - create IPUIPlugin
2025-04-01 20:33:31,189 [INFO] PluginManager:220 - loadIPPluginJar : add dfsdm
2025-04-01 20:33:31,198 [INFO] IPUIPlugin:80 - create IPUIPlugin
2025-04-01 20:33:31,199 [INFO] PluginManager:220 - loadIPPluginJar : add dma
2025-04-01 20:33:31,202 [INFO] IPUIPlugin:80 - create IPUIPlugin
2025-04-01 20:33:31,203 [INFO] PluginManager:220 - loadIPPluginJar : add dma3
2025-04-01 20:33:31,206 [INFO] IPUIPlugin:80 - create IPUIPlugin
2025-04-01 20:33:31,206 [INFO] PluginManager:220 - loadIPPluginJar : add extmemmanager
2025-04-01 20:33:31,208 [INFO] IPUIPlugin:80 - create IPUIPlugin
2025-04-01 20:33:31,208 [INFO] PluginManager:220 - loadIPPluginJar : add fatfs
2025-04-01 20:33:31,215 [INFO] IPUIPlugin:80 - create IPUIPlugin
2025-04-01 20:33:31,215 [INFO] PluginManager:220 - loadIPPluginJar : add fmc
2025-04-01 20:33:31,222 [INFO] IPUIPlugin:80 - create IPUIPlugin
2025-04-01 20:33:31,222 [INFO] PluginManager:220 - loadIPPluginJar : add freertos
2025-04-01 20:33:31,224 [INFO] IPUIPlugin:80 - create IPUIPlugin
2025-04-01 20:33:31,224 [INFO] PluginManager:220 - loadIPPluginJar : add genericplugin
2025-04-01 20:33:31,226 [INFO] IPUIPlugin:80 - create IPUIPlugin
2025-04-01 20:33:31,227 [INFO] PluginManager:220 - loadIPPluginJar : add gfxmmu
2025-04-01 20:33:31,232 [INFO] IPUIPlugin:80 - create IPUIPlugin
2025-04-01 20:33:31,232 [INFO] PluginManager:220 - loadIPPluginJar : add gic
2025-04-01 20:33:31,236 [INFO] IPUIPlugin:80 - create IPUIPlugin
2025-04-01 20:33:31,236 [INFO] PluginManager:220 - loadIPPluginJar : add gpio
2025-04-01 20:33:31,239 [INFO] IPUIPlugin:80 - create IPUIPlugin
2025-04-01 20:33:31,240 [INFO] PluginManager:220 - loadIPPluginJar : add gtzc
2025-04-01 20:33:31,242 [INFO] IPUIPlugin:80 - create IPUIPlugin
2025-04-01 20:33:31,242 [INFO] PluginManager:220 - loadIPPluginJar : add hash
2025-04-01 20:33:31,246 [INFO] IPUIPlugin:80 - create IPUIPlugin
2025-04-01 20:33:31,246 [INFO] PluginManager:220 - loadIPPluginJar : add i2c
2025-04-01 20:33:31,249 [INFO] IPUIPlugin:80 - create IPUIPlugin
2025-04-01 20:33:31,249 [INFO] PluginManager:220 - loadIPPluginJar : add i2s
2025-04-01 20:33:31,253 [INFO] IPUIPlugin:80 - create IPUIPlugin
2025-04-01 20:33:31,253 [INFO] PluginManager:220 - loadIPPluginJar : add i3c
2025-04-01 20:33:31,257 [INFO] IPUIPlugin:80 - create IPUIPlugin
2025-04-01 20:33:31,258 [INFO] PluginManager:220 - loadIPPluginJar : add ipddr
2025-04-01 20:33:31,268 [INFO] IPUIPlugin:80 - create IPUIPlugin
2025-04-01 20:33:31,268 [INFO] PluginManager:220 - loadIPPluginJar : add linkedlist
2025-04-01 20:33:31,274 [INFO] IPUIPlugin:80 - create IPUIPlugin
2025-04-01 20:33:31,274 [INFO] PluginManager:220 - loadIPPluginJar : add lorawan
2025-04-01 20:33:31,275 [INFO] IPUIPlugin:80 - create IPUIPlugin
2025-04-01 20:33:31,275 [INFO] PluginManager:220 - loadIPPluginJar : add ltdc
2025-04-01 20:33:31,283 [INFO] IPUIPlugin:80 - create IPUIPlugin
2025-04-01 20:33:31,285 [INFO] PluginManager:220 - loadIPPluginJar : add mdma
2025-04-01 20:33:31,289 [INFO] IPUIPlugin:80 - create IPUIPlugin
2025-04-01 20:33:31,289 [INFO] PluginManager:220 - loadIPPluginJar : add nvic
2025-04-01 20:33:31,293 [INFO] IPUIPlugin:80 - create IPUIPlugin
2025-04-01 20:33:31,293 [INFO] PluginManager:220 - loadIPPluginJar : add opamp
2025-04-01 20:33:31,297 [INFO] IPUIPlugin:80 - create IPUIPlugin
2025-04-01 20:33:31,297 [INFO] PluginManager:220 - loadIPPluginJar : add openamp
2025-04-01 20:33:31,300 [INFO] IPUIPlugin:80 - create IPUIPlugin
2025-04-01 20:33:31,301 [INFO] PluginManager:220 - loadIPPluginJar : add pdm2pcm
2025-04-01 20:33:31,308 [INFO] IPUIPlugin:80 - create IPUIPlugin
2025-04-01 20:33:31,311 [INFO] PluginManager:220 - loadIPPluginJar : add plateformsettings
2025-04-01 20:33:31,313 [INFO] IPUIPlugin:80 - create IPUIPlugin
2025-04-01 20:33:31,313 [INFO] PluginManager:220 - loadIPPluginJar : add quadspi
2025-04-01 20:33:31,315 [INFO] IPUIPlugin:80 - create IPUIPlugin
2025-04-01 20:33:31,316 [INFO] PluginManager:220 - loadIPPluginJar : add radio
2025-04-01 20:33:31,321 [INFO] IPUIPlugin:80 - create IPUIPlugin
2025-04-01 20:33:31,322 [INFO] PluginManager:220 - loadIPPluginJar : add resmgrutility
2025-04-01 20:33:31,325 [INFO] IPUIPlugin:80 - create IPUIPlugin
2025-04-01 20:33:31,325 [INFO] PluginManager:220 - loadIPPluginJar : add sai
2025-04-01 20:33:31,328 [INFO] IPUIPlugin:80 - create IPUIPlugin
2025-04-01 20:33:31,328 [INFO] PluginManager:220 - loadIPPluginJar : add spi
2025-04-01 20:33:31,336 [INFO] IPUIPlugin:80 - create IPUIPlugin
2025-04-01 20:33:31,336 [INFO] PluginManager:220 - loadIPPluginJar : add stm32_wpan
2025-04-01 20:33:31,338 [INFO] IPUIPlugin:80 - create IPUIPlugin
2025-04-01 20:33:31,338 [INFO] PluginManager:220 - loadIPPluginJar : add tim
2025-04-01 20:33:31,343 [INFO] IPUIPlugin:80 - create IPUIPlugin
2025-04-01 20:33:31,343 [INFO] PluginManager:220 - loadIPPluginJar : add touchsensing
2025-04-01 20:33:31,345 [INFO] IPUIPlugin:80 - create IPUIPlugin
2025-04-01 20:33:31,345 [INFO] PluginManager:220 - loadIPPluginJar : add tracer_emb
2025-04-01 20:33:31,347 [INFO] IPUIPlugin:80 - create IPUIPlugin
2025-04-01 20:33:31,347 [INFO] PluginManager:220 - loadIPPluginJar : add ts
2025-04-01 20:33:31,349 [INFO] IPUIPlugin:80 - create IPUIPlugin
2025-04-01 20:33:31,349 [INFO] PluginManager:220 - loadIPPluginJar : add tsc
2025-04-01 20:33:31,351 [INFO] IPUIPlugin:80 - create IPUIPlugin
2025-04-01 20:33:31,351 [INFO] PluginManager:220 - loadIPPluginJar : add ucpd
2025-04-01 20:33:31,353 [INFO] IPUIPlugin:80 - create IPUIPlugin
2025-04-01 20:33:31,353 [INFO] PluginManager:220 - loadIPPluginJar : add usart
2025-04-01 20:33:31,357 [INFO] IPUIPlugin:80 - create IPUIPlugin
2025-04-01 20:33:31,357 [INFO] PluginManager:220 - loadIPPluginJar : add usbx
2025-04-01 20:33:31,506 [FATAL] Updater:351 - Updater called before beeing initialized
2025-04-01 20:33:31,557 [INFO] RulesReader:64 - Compatibility file has been processed (301 Rules)
2025-04-01 20:33:31,625 [INFO] RulesReader:64 - Compatibility file has been processed (301 Rules)
2025-04-01 20:33:31,659 [INFO] CADModel:165 - CPN selected for project level
2025-04-01 20:33:31,660 [INFO] CADModel:114 - Register for checkConnection events
2025-04-01 20:33:31,660 [FATAL] Updater:351 - Updater called before beeing initialized
2025-04-01 20:33:31,660 [ERROR] CADModel:125 - Updater not yet initialized, retry later 
2025-04-01 20:33:31,898 [FATAL] Updater:351 - Updater called before beeing initialized
2025-04-01 20:33:31,900 [INFO] CADModel:165 - CPN selected for project level
2025-04-01 20:33:31,900 [INFO] CADModel:114 - Register for checkConnection events
2025-04-01 20:33:31,900 [FATAL] Updater:351 - Updater called before beeing initialized
2025-04-01 20:33:31,900 [ERROR] CADModel:125 - Updater not yet initialized, retry later 
2025-04-01 20:33:31,905 [FATAL] Updater:351 - Updater called before beeing initialized
2025-04-01 20:33:32,046 [FATAL] Updater:351 - Updater called before beeing initialized
2025-04-01 20:33:32,052 [INFO] DbMcusAds:53 - JSON generation date=Tue Dec 17 11:01:15 EST 2024 (1734451275143)
2025-04-01 20:33:32,053 [FATAL] Updater:351 - Updater called before beeing initialized
2025-04-01 20:33:32,092 [WARN] DetailPanel:346 - Failed to get advertising image, set to default
2025-04-01 20:33:32,375 [FATAL] Updater:351 - Updater called before beeing initialized
2025-04-01 20:33:32,379 [FATAL] Updater:351 - Updater called before beeing initialized
2025-04-01 20:33:32,379 [FATAL] Updater:351 - Updater called before beeing initialized
2025-04-01 20:33:32,379 [WARN] DetailPanel:346 - Failed to get advertising image, set to default
2025-04-01 20:33:32,381 [FATAL] Updater:351 - Updater called before beeing initialized
2025-04-01 20:33:32,467 [ERROR] Updater:1198 - MainUpdater not yet initialized. External WinMGr cannot be set.
2025-04-01 20:33:32,469 [INFO] Updater:1134 - Updater Version found : 6.14.0
2025-04-01 20:33:32,507 [INFO] ApplicationProperties:184 - Using Application install path: C:\ST\STM32CubeIDE_1.18.0\STM32CubeIDE\plugins\com.st.stm32cube.common.mx_6.14.0.202502271554
2025-04-01 20:33:33,470 [INFO] ThirdPartyUpdaterWithRetryManager:70 - Updater plugin not ready yet. [2/15]
2025-04-01 20:33:34,088 [ERROR] LogOutputStream:75 - [STDERR_REDIRECT] Apr 01, 2025 8:33:34 PM java.util.prefs.WindowsPreferences <init>
2025-04-01 20:33:34,092 [ERROR] LogOutputStream:75 - [STDERR_REDIRECT] WARNING: Could not open/create prefs root node Software\JavaSoft\Prefs at root 0xffffffff80000002. Windows RegCreateKeyEx(...) returned error code 5.
2025-04-01 20:33:34,093 [ERROR] LogOutputStream:75 - [STDERR_REDIRECT] 
2025-04-01 20:33:35,017 [INFO] MainUpdater:2872 - connection check result : 10
2025-04-01 20:33:35,019 [INFO] MainUpdater:289 - Updater Check For Update Now.
2025-04-01 20:33:35,019 [INFO] MicroXplorer:498 - Change Database Version : DB.6.0.140
2025-04-01 20:33:35,048 [INFO] McuFinderGlobals:63 - Set McuFinder mode to 2 (CubeIDE integrated)
2025-04-01 20:33:35,050 [INFO] UserAuth:486 - Internet connection configuration mode: 1
2025-04-01 20:33:35,117 [INFO] JxBrowserEngine:152 - Initiate JxBrowser Engine with user profile folder
2025-04-01 20:33:35,337 [INFO] CheckServerUpdateThread:120 - End of CheckServer Thread
2025-04-01 20:33:35,999 [INFO] WebApp:169 - Instantiating new browser for Auth
2025-04-01 20:33:36,795 [WARN] PackLoader:240 - Cannot read IP mode file for STMicroelectronics.FP-SNS-MOTENVWB1.1.4.0
2025-04-01 20:33:36,835 [WARN] PackLoader:240 - Cannot read IP mode file for STMicroelectronics.FP-ATR-ASTRA1.2.0.2
2025-04-01 20:33:36,854 [WARN] PackLoader:240 - Cannot read IP mode file for STMicroelectronics.X-CUBE-SMBUS.2.1.0
2025-04-01 20:33:36,869 [WARN] PackLoader:240 - Cannot read IP mode file for STMicroelectronics.X-CUBE-WB05N.1.1.0
2025-04-01 20:33:36,946 [WARN] PackLoader:240 - Cannot read IP mode file for STMicroelectronics.X-CUBE-AZRTOS-F7.1.1.0
2025-04-01 20:33:36,957 [WARN] PackLoader:240 - Cannot read IP mode file for STMicroelectronics.FP-SNS-FLIGHT1.5.0.2
2025-04-01 20:33:37,012 [WARN] PackLoader:240 - Cannot read IP mode file for Infineon.AIROC-Wi-Fi-Bluetooth-STM32.1.7.0
2025-04-01 20:33:37,042 [WARN] PackLoader:240 - Cannot read IP mode file for STMicroelectronics.X-CUBE-DISPLAY.3.0.0
2025-04-01 20:33:37,050 [INFO] WebApp:463 - Apply proxy settings
2025-04-01 20:33:37,051 [INFO] WebApp:548 - Chromium requires no authentication
2025-04-01 20:33:37,057 [WARN] PackLoader:240 - Cannot read IP mode file for STMicroelectronics.X-CUBE-BLE1.7.0.0
2025-04-01 20:33:37,064 [WARN] PackLoader:240 - Cannot read IP mode file for STMicroelectronics.X-CUBE-NFC10.1.0.0
2025-04-01 20:33:37,076 [WARN] PackLoader:240 - Cannot read IP mode file for STMicroelectronics.X-CUBE-BLEMGR.4.0.0
2025-04-01 20:33:37,102 [WARN] PackLoader:240 - Cannot read IP mode file for emotas.I-CUBE-CANOPEN.1.3.0
2025-04-01 20:33:37,109 [WARN] PackLoader:240 - Cannot read IP mode file for STMicroelectronics.X-CUBE-AI.10.0.0
2025-04-01 20:33:37,114 [WARN] PackLoader:240 - Cannot read IP mode file for STMicroelectronics.FP-SNS-SMARTAG2.1.2.0
2025-04-01 20:33:37,119 [WARN] PackLoader:240 - Cannot read IP mode file for STMicroelectronics.FP-SNS-FLIGHT1.5.1.0
2025-04-01 20:33:37,158 [WARN] PackLoader:240 - Cannot read IP mode file for STMicroelectronics.X-CUBE-MEMS1.11.1.0
2025-04-01 20:33:37,158 [INFO] WebApp:491 - Direct internet connection detected
2025-04-01 20:33:37,296 [INFO] LogOutputStream:77 - [STDOUT_REDIRECT] 1 : Invalid condition id : UX_CORESTACK_Condition cause : null
2025-04-01 20:33:37,299 [INFO] LogOutputStream:77 - [STDOUT_REDIRECT] 1 : Invalid condition id : UX_CORESTACK_Condition cause : null
2025-04-01 20:33:37,301 [INFO] LogOutputStream:77 - [STDOUT_REDIRECT] 1 : Invalid condition id : UX_CORESTACK_Condition cause : null
2025-04-01 20:33:37,304 [INFO] LogOutputStream:77 - [STDOUT_REDIRECT] 1 : Invalid condition id : UX_CORESTACK_Condition cause : null
2025-04-01 20:33:37,306 [INFO] LogOutputStream:77 - [STDOUT_REDIRECT] 1 : Invalid condition id : UX_CORESTACK_Condition cause : null
2025-04-01 20:33:37,309 [WARN] PackLoader:240 - Cannot read IP mode file for STMicroelectronics.X-CUBE-AZRTOS-WL.2.0.0
2025-04-01 20:33:37,321 [WARN] PackLoader:240 - Cannot read IP mode file for STMicroelectronics.FP-SNS-MOTENV1.5.0.0
2025-04-01 20:33:37,346 [WARN] PackLoader:240 - Cannot read IP mode file for WES.I-CUBE-Cesium.1.3.0
2025-04-01 20:33:37,359 [WARN] PackLoader:240 - Cannot read IP mode file for STMicroelectronics.X-CUBE-BLE2.3.3.0
2025-04-01 20:33:37,372 [WARN] PackLoader:240 - Cannot read IP mode file for STMicroelectronics.X-CUBE-NFC9.1.0.0
2025-04-01 20:33:37,384 [WARN] PackLoader:240 - Cannot read IP mode file for STMicroelectronics.X-CUBE-BLE1.7.1.0
2025-04-01 20:33:37,394 [WARN] PackLoader:240 - Cannot read IP mode file for wolfSSL.I-CUBE-wolfMQTT.1.19.2
2025-04-01 20:33:37,433 [WARN] PackLoader:240 - Cannot read IP mode file for STMicroelectronics.X-CUBE-AZRTOS-G0.1.1.0
2025-04-01 20:33:37,455 [WARN] PackLoader:240 - Cannot read IP mode file for STMicroelectronics.X-CUBE-SAFEA1.1.2.2
2025-04-01 20:33:37,573 [WARN] PackLoader:240 - Cannot read IP mode file for STMicroelectronics.X-CUBE-NFC4.3.0.0
2025-04-01 20:33:37,583 [INFO] WebApp:191 - Connection restablished
2025-04-01 20:33:37,595 [WARN] PackLoader:240 - Cannot read IP mode file for EmbeddedOffice.I-CUBE-FS-RTOS.1.0.1
2025-04-01 20:33:37,607 [WARN] PackLoader:240 - Cannot read IP mode file for wolfSSL.I-CUBE-wolfTPM.3.8.0
2025-04-01 20:33:37,618 [WARN] PackLoader:240 - Cannot read IP mode file for STMicroelectronics.X-CUBE-TCPP.4.2.0
2025-04-01 20:33:37,635 [WARN] PackLoader:240 - Cannot read IP mode file for RealThread.X-CUBE-RT-Thread_Nano.4.1.1
2025-04-01 20:33:37,646 [WARN] PackLoader:240 - Cannot read IP mode file for STMicroelectronics.FP-ATR-SIGFOX1.3.2.0
2025-04-01 20:33:37,657 [WARN] ConditionMgr:438 - getConditionDescription Invalid condition id : Cortex-A Device cause : null
2025-04-01 20:33:37,699 [WARN] ConditionMgr:1044 - genDependencies : Invalid condition id : Cortex-A Device cause : null
2025-04-01 20:33:37,700 [WARN] ConditionMgr:1044 - genDependencies : Invalid condition id : Cortex-A Device cause : null
2025-04-01 20:33:37,700 [WARN] ConditionMgr:1044 - genDependencies : Invalid condition id : Cortex-A Device cause : null
2025-04-01 20:33:37,714 [WARN] PackLoader:240 - Cannot read IP mode file for STMicroelectronics.X-CUBE-EEPRMA1.5.1.0
2025-04-01 20:33:37,715 [INFO] WebApp:894 - Register for checkConnection events
2025-04-01 20:33:37,716 [INFO] WebApp:463 - Apply proxy settings
2025-04-01 20:33:37,716 [INFO] WebApp:548 - Chromium requires no authentication
2025-04-01 20:33:37,718 [INFO] WebApp:491 - Direct internet connection detected
2025-04-01 20:33:37,730 [WARN] PackLoader:240 - Cannot read IP mode file for wolfSSL.I-CUBE-wolfSSL.5.7.6
2025-04-01 20:33:37,748 [WARN] PackLoader:240 - Cannot read IP mode file for ITTIA_DB.I-CUBE-ITTIADB.8.9.0
2025-04-01 20:33:37,783 [WARN] PackLoader:240 - Cannot read IP mode file for SEGGER.I-CUBE-embOS.1.3.1
2025-04-01 20:33:37,820 [WARN] PackLoader:240 - Cannot read IP mode file for STMicroelectronics.X-CUBE-ALGOBUILD.1.4.0
2025-04-01 20:33:37,836 [WARN] PackLoader:240 - Cannot read IP mode file for STMicroelectronics.X-CUBE-AZRTOS-F4.1.1.0
2025-04-01 20:33:37,845 [WARN] PackLoader:240 - Cannot read IP mode file for STMicroelectronics.X-CUBE-ISPU.2.1.0
2025-04-01 20:33:37,860 [WARN] PackLoader:240 - Cannot read IP mode file for STMicroelectronics.X-CUBE-AZRTOS-L5.2.0.0
2025-04-01 20:33:37,875 [WARN] PackLoader:240 - Cannot read IP mode file for STMicroelectronics.X-CUBE-NFC6.3.1.0
2025-04-01 20:33:37,885 [WARN] PackLoader:240 - Cannot read IP mode file for STMicroelectronics.X-CUBE-DPower.1.2.0
2025-04-01 20:33:37,895 [WARN] PackLoader:240 - Cannot read IP mode file for STMicroelectronics.X-CUBE-FREERTOS.1.3.0
2025-04-01 20:33:37,901 [WARN] PackLoader:240 - Cannot read IP mode file for STMicroelectronics.X-CUBE-NFC7.1.0.1
2025-04-01 20:33:37,906 [WARN] PackLoader:240 - Cannot read IP mode file for STMicroelectronics.X-CUBE-DPower.1.3.0
2025-04-01 20:33:37,921 [WARN] ConditionMgr:438 - getConditionDescription Invalid condition id : LAN8742 Phy interface Condition cause : null
2025-04-01 20:33:37,922 [WARN] PackLoader:240 - Cannot read IP mode file for STMicroelectronics.X-CUBE-AZRTOS-L4.2.0.0
2025-04-01 20:33:37,923 [WARN] ConditionMgr:1044 - genDependencies : Invalid condition id : LAN8742 Phy interface Condition cause : null
2025-04-01 20:33:37,924 [WARN] ConditionMgr:1044 - genDependencies : Invalid condition id : LAN8742 Phy interface Condition cause : null
2025-04-01 20:33:37,924 [WARN] ConditionMgr:1044 - genDependencies : Invalid condition id : LAN8742 Phy interface Condition cause : null
2025-04-01 20:33:37,931 [WARN] PackLoader:240 - Cannot read IP mode file for STMicroelectronics.X-CUBE-SFXS2LP1.4.0.0
2025-04-01 20:33:37,958 [WARN] PackLoader:240 - Cannot read IP mode file for STMicroelectronics.X-CUBE-AZRTOS-H7.3.3.0
2025-04-01 20:33:37,975 [WARN] ConditionMgr:438 - getConditionDescription Invalid condition id : UX DEVICE CLASS RTOS Condition cause : null
2025-04-01 20:33:37,975 [WARN] ConditionMgr:438 - getConditionDescription Invalid condition id : UX DEVICE CLASS RTOS Condition cause : null
2025-04-01 20:33:37,976 [WARN] PackLoader:240 - Cannot read IP mode file for STMicroelectronics.X-CUBE-AZRTOS-WB.2.0.0
2025-04-01 20:33:37,977 [WARN] ConditionMgr:1044 - genDependencies : Invalid condition id : UX DEVICE CLASS RTOS Condition cause : null
2025-04-01 20:33:37,977 [WARN] ConditionMgr:1044 - genDependencies : Invalid condition id : UX DEVICE CLASS RTOS Condition cause : null
2025-04-01 20:33:37,977 [WARN] ConditionMgr:1044 - genDependencies : Invalid condition id : UX DEVICE CLASS RTOS Condition cause : null
2025-04-01 20:33:37,977 [WARN] ConditionMgr:1044 - genDependencies : Invalid condition id : UX DEVICE CLASS RTOS Condition cause : null
2025-04-01 20:33:37,978 [WARN] ConditionMgr:1044 - genDependencies : Invalid condition id : UX DEVICE CLASS RTOS Condition cause : null
2025-04-01 20:33:37,986 [WARN] PackLoader:240 - Cannot read IP mode file for STMicroelectronics.X-CUBE-GNSS1.7.0.1
2025-04-01 20:33:37,997 [WARN] PackLoader:240 - Cannot read IP mode file for STMicroelectronics.X-CUBE-TOUCHGFX.4.25.0
2025-04-01 20:33:38,007 [WARN] PackLoader:240 - Cannot read IP mode file for STMicroelectronics.FP-SNS-STBOX1.2.0.0
2025-04-01 20:33:38,020 [WARN] PackLoader:240 - Cannot read IP mode file for STMicroelectronics.X-CUBE-SUBG2.5.0.0
2025-04-01 20:33:38,042 [WARN] PackLoader:240 - Cannot read IP mode file for STMicroelectronics.X-CUBE-AZRTOS-H7RS.1.1.0
2025-04-01 20:33:38,053 [WARN] PackLoader:240 - Cannot read IP mode file for Cesanta.I-CUBE-Mongoose.7.13.0
2025-04-01 20:33:38,069 [WARN] PackLoader:240 - Cannot read IP mode file for STMicroelectronics.X-CUBE-AZRTOS-G4.2.0.0
2025-04-01 20:33:38,078 [WARN] PackLoader:240 - Cannot read IP mode file for wolfSSL.I-CUBE-wolfSSH.1.4.20
2025-04-01 20:33:38,090 [WARN] PackLoader:240 - Cannot read IP mode file for STMicroelectronics.X-CUBE-IPS.3.1.0
2025-04-01 20:33:38,105 [WARN] PackLoader:240 - Cannot read IP mode file for STMicroelectronics.X-CUBE-ALS.1.0.2
2025-04-01 20:33:38,111 [WARN] PackLoader:240 - Cannot read IP mode file for STMicroelectronics.X-CUBE-TOUCHGFX.4.24.2
2025-04-01 20:33:38,121 [WARN] PackLoader:240 - Cannot read IP mode file for portGmbH.I-Cube-SoM-uGOAL.1.1.0
2025-04-01 20:33:38,140 [WARN] PackLoader:240 - Cannot read IP mode file for STMicroelectronics.X-CUBE-AZRTOS-H7RS.1.0.0
2025-04-01 20:33:38,153 [WARN] PackLoader:240 - Cannot read IP mode file for STMicroelectronics.X-CUBE-TOF1.3.4.2
2025-04-01 20:33:38,161 [INFO] ThirdParty:978 - Integrity check success = true
2025-04-01 20:33:38,161 [INFO] IntegrityCheckThread:100 - exiting critical section [integrity check]
2025-04-01 20:33:38,162 [INFO] IntegrityCheckThread:103 - End integrity checks thread
2025-04-01 20:33:38,674 [INFO] WebApp:225 - Starting web application
2025-04-01 20:33:38,674 [INFO] WebApp:593 - Web application path used C:\ST\STM32CubeIDE_1.18.0\STM32CubeIDE\plugins\com.st.stm32cube.common.mx_6.14.0.202502271554\db\plugins\mcufinder\reactClient1\index.html
2025-04-01 20:33:38,789 [INFO] UserAuth:486 - Internet connection configuration mode: 1
2025-04-01 20:33:54,373 [ERROR] LogOutputStream:75 - [STDERR_REDIRECT] 
2025-04-01 20:33:54,375 [ERROR] LogOutputStream:75 - [STDERR_REDIRECT] 
2025-04-01 20:36:54,323 [INFO] Activator:176 - 


2025-04-01 20:36:54,326 [INFO] Activator:177 - !SESSION log4j initialized
2025-04-01 20:37:00,084 [INFO] LogOutputStream:77 - [STDOUT_REDIRECT] 
2025-04-01 20:37:02,821 [INFO] ApplicationProperties:184 - Using Application install path: C:\ST\STM32CubeIDE_1.18.0\STM32CubeIDE\plugins\com.st.stm32cube.common.mx_6.14.0.202502271554
2025-04-01 20:37:02,841 [INFO] DbMcusXml:78 - Set database path to: C:\ST\STM32CubeIDE_1.18.0\STM32CubeIDE\plugins\com.st.stm32cube.common.mx_6.14.0.202502271554\\db\/mcu/
2025-04-01 20:37:02,841 [INFO] ApiDb:274 - Set plugin database path to: C:\ST\STM32CubeIDE_1.18.0\STM32CubeIDE\plugins\com.st.stm32cube.common.mx_6.14.0.202502271554\\db\/plugins/boardmanager/
2025-04-01 20:37:02,841 [WARN] ApiDb:259 - Overriding images path with different value:  => C:\ST\STM32CubeIDE_1.18.0\STM32CubeIDE\plugins\com.st.stm32cube.common.mx_6.14.0.202502271554\\db\/plugins/mcufinder/images/
2025-04-01 20:37:02,847 [INFO] ApiDb:250 - Set database path to: C:\Users\peter\.stmcufinder\plugins\mcufinder//mcu/
2025-04-01 20:37:02,848 [INFO] DbMcusAds:125 - Set database path to: C:\Users\peter\.stmcufinder\plugins\mcufinder//mcu/
2025-04-01 20:37:02,850 [INFO] CrossReferenceDbSqlite:203 - Set database path to: C:\Users\peter\.stmcufinder\plugins\mcufinder//mcu/cs/
2025-04-01 20:37:03,066 [INFO] RulesReader:64 - Compatibility file has been processed (301 Rules)
2025-04-01 20:37:03,189 [INFO] DbMcusXml:78 - Set database path to: C:\ST\STM32CubeIDE_1.18.0\STM32CubeIDE\plugins\com.st.stm32cube.common.mx_6.14.0.202502271554\\db\/mcu/
2025-04-01 20:37:03,189 [INFO] ApiDb:274 - Set plugin database path to: C:\ST\STM32CubeIDE_1.18.0\STM32CubeIDE\plugins\com.st.stm32cube.common.mx_6.14.0.202502271554\\db\/plugins/boardmanager/
2025-04-01 20:37:03,189 [INFO] ApiDb:261 - Set plugin images path to: C:\ST\STM32CubeIDE_1.18.0\STM32CubeIDE\plugins\com.st.stm32cube.common.mx_6.14.0.202502271554\\db\/plugins/mcufinder/images/
2025-04-01 20:37:03,190 [WARN] DbFile:41 - Overriding database path with different value: C:\Users\peter\.stmcufinder\plugins\mcufinder/ => C:\Users\peter\.stmcufinder\plugins\mcufinder
2025-04-01 20:37:03,190 [INFO] ApiDb:250 - Set database path to: C:\Users\peter\.stmcufinder\plugins\mcufinder//mcu/
2025-04-01 20:37:03,191 [WARN] DbFile:41 - Overriding database path with different value: C:\Users\peter\.stmcufinder\plugins\mcufinder/ => C:\Users\peter\.stmcufinder\plugins\mcufinder
2025-04-01 20:37:03,191 [INFO] DbMcusAds:125 - Set database path to: C:\Users\peter\.stmcufinder\plugins\mcufinder//mcu/
2025-04-01 20:37:03,191 [WARN] DbFile:41 - Overriding database path with different value: C:\Users\peter\.stmcufinder\plugins\mcufinder/ => C:\Users\peter\.stmcufinder\plugins\mcufinder
2025-04-01 20:37:03,191 [WARN] DbFile:41 - Overriding database path with different value: C:\Users\peter\.stmcufinder\plugins\mcufinder/ => C:\Users\peter\.stmcufinder\plugins\mcufinder
2025-04-01 20:37:03,191 [INFO] CrossReferenceDbSqlite:203 - Set database path to: C:\Users\peter\.stmcufinder\plugins\mcufinder//mcu/cs/
2025-04-01 20:37:03,290 [INFO] MainPanel:272 - HeapMemory: 268435456
2025-04-01 20:37:03,455 [INFO] DbMcusXml:78 - Set database path to: C:\ST\STM32CubeIDE_1.18.0\STM32CubeIDE\plugins\com.st.stm32cube.common.mx_6.14.0.202502271554\\db\/mcu/
2025-04-01 20:37:03,455 [INFO] ApiDb:274 - Set plugin database path to: C:\ST\STM32CubeIDE_1.18.0\STM32CubeIDE\plugins\com.st.stm32cube.common.mx_6.14.0.202502271554\\db\/plugins/boardmanager/
2025-04-01 20:37:03,455 [INFO] ApiDb:261 - Set plugin images path to: C:\ST\STM32CubeIDE_1.18.0\STM32CubeIDE\plugins\com.st.stm32cube.common.mx_6.14.0.202502271554\\db\/plugins/mcufinder/images/
2025-04-01 20:37:03,456 [WARN] DbFile:41 - Overriding database path with different value: C:\Users\peter\.stmcufinder\plugins\mcufinder/ => C:\Users\peter\.stmcufinder\plugins\mcufinder
2025-04-01 20:37:03,456 [INFO] ApiDb:250 - Set database path to: C:\Users\peter\.stmcufinder\plugins\mcufinder//mcu/
2025-04-01 20:37:03,456 [WARN] DbFile:41 - Overriding database path with different value: C:\Users\peter\.stmcufinder\plugins\mcufinder/ => C:\Users\peter\.stmcufinder\plugins\mcufinder
2025-04-01 20:37:03,456 [INFO] DbMcusAds:125 - Set database path to: C:\Users\peter\.stmcufinder\plugins\mcufinder//mcu/
2025-04-01 20:37:03,456 [WARN] DbFile:41 - Overriding database path with different value: C:\Users\peter\.stmcufinder\plugins\mcufinder/ => C:\Users\peter\.stmcufinder\plugins\mcufinder
2025-04-01 20:37:03,456 [WARN] DbFile:41 - Overriding database path with different value: C:\Users\peter\.stmcufinder\plugins\mcufinder/ => C:\Users\peter\.stmcufinder\plugins\mcufinder
2025-04-01 20:37:03,456 [INFO] CrossReferenceDbSqlite:203 - Set database path to: C:\Users\peter\.stmcufinder\plugins\mcufinder//mcu/cs/
2025-04-01 20:37:03,482 [INFO] ApplicationProperties:184 - Using Application install path: C:\ST\STM32CubeIDE_1.18.0\STM32CubeIDE\plugins\com.st.stm32cube.common.mx_6.14.0.202502271554
2025-04-01 20:37:03,483 [INFO] PluginManage:196 - Search for loadable plugins [exclusion list=, ]
2025-04-01 20:37:03,484 [INFO] PluginManage:310 - Check plugin analytics
2025-04-01 20:37:03,781 [INFO] AnalyticsPlugin:253 - Accepted Software Licenses: STM32CubeMX.6.13.0
2025-04-01 20:37:03,782 [INFO] AnalyticsPlugin:255 - Accepted CMSIS Pack Licenses: 
2025-04-01 20:37:03,783 [INFO] AnalyticsPlugin:257 - Accepted Firmware Licenses: FW.G4.1.6.0
2025-04-01 20:37:03,789 [INFO] PluginManage:359 - Loaded plugin analytics (category:tool,tabindex:-1)
2025-04-01 20:37:03,789 [INFO] PluginManage:310 - Check plugin cadmodel
2025-04-01 20:37:03,796 [INFO] CADModel:105 - Init CAD model plugin
2025-04-01 20:37:03,796 [INFO] PluginManage:359 - Loaded plugin cadmodel (category:power,tabindex:5)
2025-04-01 20:37:03,797 [INFO] PluginManage:310 - Check plugin clock
2025-04-01 20:37:03,807 [INFO] PluginManage:359 - Loaded plugin clock (category:base,tabindex:2)
2025-04-01 20:37:03,807 [INFO] PluginManage:310 - Check plugin ddr
2025-04-01 20:37:03,809 [INFO] PluginManage:359 - Loaded plugin ddr (category:tool,tabindex:6)
2025-04-01 20:37:03,810 [INFO] PluginManage:310 - Check plugin filemanager
2025-04-01 20:37:04,018 [INFO] PluginManage:359 - Loaded plugin filemanager (category:base,tabindex:10)
2025-04-01 20:37:04,018 [INFO] PluginManage:310 - Check plugin ipmanager
2025-04-01 20:37:04,033 [INFO] PluginManage:359 - Loaded plugin ipmanager (category:base,tabindex:5)
2025-04-01 20:37:04,033 [INFO] PluginManage:310 - Check plugin lpbam
2025-04-01 20:37:04,048 [INFO] PluginManage:359 - Loaded plugin lpbam (category:base,tabindex:0)
2025-04-01 20:37:04,048 [INFO] PluginManage:310 - Check plugin memorymap
2025-04-01 20:37:04,065 [INFO] PluginManage:359 - Loaded plugin memorymap (category:base,tabindex:4)
2025-04-01 20:37:04,065 [INFO] PluginManage:310 - Check plugin pinoutandconfiguration
2025-04-01 20:37:04,075 [INFO] PluginManage:359 - Loaded plugin pinoutandconfiguration (category:base,tabindex:1)
2025-04-01 20:37:04,075 [INFO] PluginManage:310 - Check plugin pinoutconfig
2025-04-01 20:37:04,204 [WARN] SupportedApi:132 - Cannot load RTOS API schema: s4s-elt-must-match.1: The content of 'definitions' must match (annotation?, (simpleType | complexType)?, (unique | key | keyref)*)). A problem was found starting at: attribute.
2025-04-01 20:37:04,373 [INFO] PluginManage:359 - Loaded plugin pinoutconfig (category:base,tabindex:0)
2025-04-01 20:37:04,374 [INFO] PluginManage:310 - Check plugin power
2025-04-01 20:37:04,384 [INFO] PluginManage:359 - Loaded plugin power (category:power,tabindex:4)
2025-04-01 20:37:04,385 [INFO] PluginManage:310 - Check plugin projectmanager
2025-04-01 20:37:04,420 [INFO] PluginManage:359 - Loaded plugin projectmanager (category:projectmanager,tabindex:4)
2025-04-01 20:37:04,420 [INFO] PluginManage:310 - Check plugin rif
2025-04-01 20:37:04,434 [INFO] PluginManage:359 - Loaded plugin rif (category:base,tabindex:3)
2025-04-01 20:37:04,435 [INFO] PluginManage:310 - Check plugin thirdparty
2025-04-01 20:37:04,644 [INFO] PluginManage:359 - Loaded plugin thirdparty (category:base,tabindex:-1)
2025-04-01 20:37:04,644 [INFO] PluginManage:310 - Check plugin tools
2025-04-01 20:37:04,645 [WARN] IntegrityCheckThread:84 - waiting for thirdparty lock release [integrity check]
2025-04-01 20:37:04,645 [INFO] IntegrityCheckThread:86 - entering critical section [integrity check]
2025-04-01 20:37:04,646 [INFO] ThirdPartyUpdaterWithRetryManager:70 - Updater plugin not ready yet. [1/15]
2025-04-01 20:37:04,648 [INFO] PluginManage:359 - Loaded plugin tools (category:base,tabindex:7)
2025-04-01 20:37:04,648 [INFO] PluginManage:310 - Check plugin tutovideos
2025-04-01 20:37:04,884 [INFO] PluginManage:359 - Loaded plugin tutovideos (category:base,tabindex:-1)
2025-04-01 20:37:04,884 [INFO] PluginManage:310 - Check plugin updater
2025-04-01 20:37:04,949 [INFO] PluginManage:359 - Loaded plugin updater (category:base,tabindex:12)
2025-04-01 20:37:04,949 [INFO] PluginManage:310 - Check plugin userauth
2025-04-01 20:37:04,955 [INFO] UserAuth:118 - Init User Auth plugin
2025-04-01 20:37:04,956 [INFO] PluginManage:359 - Loaded plugin userauth (category:base,tabindex:14)
2025-04-01 20:37:04,957 [INFO] PluginManage:283 - PluginManage : Loaded plugins [18]
2025-04-01 20:37:05,228 [INFO] PinOutPanel:1589 - setPackage(No Configuration,No Configuration)
2025-04-01 20:37:05,341 [INFO] CADModel:165 - CPN selected for project level
2025-04-01 20:37:05,342 [INFO] CADModel:114 - Register for checkConnection events
2025-04-01 20:37:05,367 [INFO] IPUIPlugin:80 - create IPUIPlugin
2025-04-01 20:37:05,367 [INFO] PluginManager:220 - loadIPPluginJar : add adc
2025-04-01 20:37:05,371 [INFO] IPUIPlugin:80 - create IPUIPlugin
2025-04-01 20:37:05,371 [INFO] PluginManager:220 - loadIPPluginJar : add aes
2025-04-01 20:37:05,375 [INFO] IPUIPlugin:80 - create IPUIPlugin
2025-04-01 20:37:05,376 [INFO] PluginManager:220 - loadIPPluginJar : add can
2025-04-01 20:37:05,378 [INFO] IPUIPlugin:80 - create IPUIPlugin
2025-04-01 20:37:05,378 [INFO] PluginManager:220 - loadIPPluginJar : add comp
2025-04-01 20:37:05,381 [INFO] IPUIPlugin:80 - create IPUIPlugin
2025-04-01 20:37:05,381 [INFO] PluginManager:220 - loadIPPluginJar : add cryp
2025-04-01 20:37:05,384 [INFO] IPUIPlugin:80 - create IPUIPlugin
2025-04-01 20:37:05,384 [INFO] PluginManager:220 - loadIPPluginJar : add ddr_ctrl_phy
2025-04-01 20:37:05,386 [INFO] IPUIPlugin:80 - create IPUIPlugin
2025-04-01 20:37:05,386 [INFO] PluginManager:220 - loadIPPluginJar : add dfsdm
2025-04-01 20:37:05,395 [INFO] IPUIPlugin:80 - create IPUIPlugin
2025-04-01 20:37:05,396 [INFO] PluginManager:220 - loadIPPluginJar : add dma
2025-04-01 20:37:05,399 [INFO] IPUIPlugin:80 - create IPUIPlugin
2025-04-01 20:37:05,399 [INFO] PluginManager:220 - loadIPPluginJar : add dma3
2025-04-01 20:37:05,403 [INFO] IPUIPlugin:80 - create IPUIPlugin
2025-04-01 20:37:05,403 [INFO] PluginManager:220 - loadIPPluginJar : add extmemmanager
2025-04-01 20:37:05,405 [INFO] IPUIPlugin:80 - create IPUIPlugin
2025-04-01 20:37:05,405 [INFO] PluginManager:220 - loadIPPluginJar : add fatfs
2025-04-01 20:37:05,411 [INFO] IPUIPlugin:80 - create IPUIPlugin
2025-04-01 20:37:05,412 [INFO] PluginManager:220 - loadIPPluginJar : add fmc
2025-04-01 20:37:05,419 [INFO] IPUIPlugin:80 - create IPUIPlugin
2025-04-01 20:37:05,419 [INFO] PluginManager:220 - loadIPPluginJar : add freertos
2025-04-01 20:37:05,422 [INFO] IPUIPlugin:80 - create IPUIPlugin
2025-04-01 20:37:05,422 [INFO] PluginManager:220 - loadIPPluginJar : add genericplugin
2025-04-01 20:37:05,424 [INFO] IPUIPlugin:80 - create IPUIPlugin
2025-04-01 20:37:05,424 [INFO] PluginManager:220 - loadIPPluginJar : add gfxmmu
2025-04-01 20:37:05,430 [INFO] IPUIPlugin:80 - create IPUIPlugin
2025-04-01 20:37:05,430 [INFO] PluginManager:220 - loadIPPluginJar : add gic
2025-04-01 20:37:05,434 [INFO] IPUIPlugin:80 - create IPUIPlugin
2025-04-01 20:37:05,435 [INFO] PluginManager:220 - loadIPPluginJar : add gpio
2025-04-01 20:37:05,439 [INFO] IPUIPlugin:80 - create IPUIPlugin
2025-04-01 20:37:05,439 [INFO] PluginManager:220 - loadIPPluginJar : add gtzc
2025-04-01 20:37:05,442 [INFO] IPUIPlugin:80 - create IPUIPlugin
2025-04-01 20:37:05,442 [INFO] PluginManager:220 - loadIPPluginJar : add hash
2025-04-01 20:37:05,445 [INFO] IPUIPlugin:80 - create IPUIPlugin
2025-04-01 20:37:05,445 [INFO] PluginManager:220 - loadIPPluginJar : add i2c
2025-04-01 20:37:05,448 [INFO] IPUIPlugin:80 - create IPUIPlugin
2025-04-01 20:37:05,448 [INFO] PluginManager:220 - loadIPPluginJar : add i2s
2025-04-01 20:37:05,451 [INFO] IPUIPlugin:80 - create IPUIPlugin
2025-04-01 20:37:05,451 [INFO] PluginManager:220 - loadIPPluginJar : add i3c
2025-04-01 20:37:05,456 [INFO] IPUIPlugin:80 - create IPUIPlugin
2025-04-01 20:37:05,456 [INFO] PluginManager:220 - loadIPPluginJar : add ipddr
2025-04-01 20:37:05,467 [INFO] IPUIPlugin:80 - create IPUIPlugin
2025-04-01 20:37:05,468 [INFO] PluginManager:220 - loadIPPluginJar : add linkedlist
2025-04-01 20:37:05,474 [INFO] IPUIPlugin:80 - create IPUIPlugin
2025-04-01 20:37:05,474 [INFO] PluginManager:220 - loadIPPluginJar : add lorawan
2025-04-01 20:37:05,475 [INFO] IPUIPlugin:80 - create IPUIPlugin
2025-04-01 20:37:05,476 [INFO] PluginManager:220 - loadIPPluginJar : add ltdc
2025-04-01 20:37:05,482 [INFO] IPUIPlugin:80 - create IPUIPlugin
2025-04-01 20:37:05,482 [INFO] PluginManager:220 - loadIPPluginJar : add mdma
2025-04-01 20:37:05,485 [INFO] IPUIPlugin:80 - create IPUIPlugin
2025-04-01 20:37:05,485 [INFO] PluginManager:220 - loadIPPluginJar : add nvic
2025-04-01 20:37:05,489 [INFO] IPUIPlugin:80 - create IPUIPlugin
2025-04-01 20:37:05,490 [INFO] PluginManager:220 - loadIPPluginJar : add opamp
2025-04-01 20:37:05,494 [INFO] IPUIPlugin:80 - create IPUIPlugin
2025-04-01 20:37:05,494 [INFO] PluginManager:220 - loadIPPluginJar : add openamp
2025-04-01 20:37:05,497 [INFO] IPUIPlugin:80 - create IPUIPlugin
2025-04-01 20:37:05,497 [INFO] PluginManager:220 - loadIPPluginJar : add pdm2pcm
2025-04-01 20:37:05,505 [INFO] IPUIPlugin:80 - create IPUIPlugin
2025-04-01 20:37:05,507 [INFO] PluginManager:220 - loadIPPluginJar : add plateformsettings
2025-04-01 20:37:05,509 [INFO] IPUIPlugin:80 - create IPUIPlugin
2025-04-01 20:37:05,510 [INFO] PluginManager:220 - loadIPPluginJar : add quadspi
2025-04-01 20:37:05,511 [INFO] IPUIPlugin:80 - create IPUIPlugin
2025-04-01 20:37:05,512 [INFO] PluginManager:220 - loadIPPluginJar : add radio
2025-04-01 20:37:05,516 [INFO] IPUIPlugin:80 - create IPUIPlugin
2025-04-01 20:37:05,516 [INFO] PluginManager:220 - loadIPPluginJar : add resmgrutility
2025-04-01 20:37:05,520 [INFO] IPUIPlugin:80 - create IPUIPlugin
2025-04-01 20:37:05,520 [INFO] PluginManager:220 - loadIPPluginJar : add sai
2025-04-01 20:37:05,524 [INFO] IPUIPlugin:80 - create IPUIPlugin
2025-04-01 20:37:05,524 [INFO] PluginManager:220 - loadIPPluginJar : add spi
2025-04-01 20:37:05,532 [INFO] IPUIPlugin:80 - create IPUIPlugin
2025-04-01 20:37:05,532 [INFO] PluginManager:220 - loadIPPluginJar : add stm32_wpan
2025-04-01 20:37:05,535 [INFO] IPUIPlugin:80 - create IPUIPlugin
2025-04-01 20:37:05,535 [INFO] PluginManager:220 - loadIPPluginJar : add tim
2025-04-01 20:37:05,539 [INFO] IPUIPlugin:80 - create IPUIPlugin
2025-04-01 20:37:05,539 [INFO] PluginManager:220 - loadIPPluginJar : add touchsensing
2025-04-01 20:37:05,542 [INFO] IPUIPlugin:80 - create IPUIPlugin
2025-04-01 20:37:05,542 [INFO] PluginManager:220 - loadIPPluginJar : add tracer_emb
2025-04-01 20:37:05,545 [INFO] IPUIPlugin:80 - create IPUIPlugin
2025-04-01 20:37:05,545 [INFO] PluginManager:220 - loadIPPluginJar : add ts
2025-04-01 20:37:05,547 [INFO] IPUIPlugin:80 - create IPUIPlugin
2025-04-01 20:37:05,547 [INFO] PluginManager:220 - loadIPPluginJar : add tsc
2025-04-01 20:37:05,549 [INFO] IPUIPlugin:80 - create IPUIPlugin
2025-04-01 20:37:05,549 [INFO] PluginManager:220 - loadIPPluginJar : add ucpd
2025-04-01 20:37:05,552 [INFO] IPUIPlugin:80 - create IPUIPlugin
2025-04-01 20:37:05,552 [INFO] PluginManager:220 - loadIPPluginJar : add usart
2025-04-01 20:37:05,557 [INFO] IPUIPlugin:80 - create IPUIPlugin
2025-04-01 20:37:05,557 [INFO] PluginManager:220 - loadIPPluginJar : add usbx
2025-04-01 20:37:05,706 [FATAL] Updater:351 - Updater called before beeing initialized
2025-04-01 20:37:05,760 [INFO] RulesReader:64 - Compatibility file has been processed (301 Rules)
2025-04-01 20:37:05,780 [INFO] RulesReader:64 - Compatibility file has been processed (301 Rules)
2025-04-01 20:37:05,814 [INFO] CADModel:165 - CPN selected for project level
2025-04-01 20:37:05,814 [INFO] CADModel:114 - Register for checkConnection events
2025-04-01 20:37:05,814 [FATAL] Updater:351 - Updater called before beeing initialized
2025-04-01 20:37:05,814 [ERROR] CADModel:125 - Updater not yet initialized, retry later 
2025-04-01 20:37:06,130 [FATAL] Updater:351 - Updater called before beeing initialized
2025-04-01 20:37:06,132 [INFO] CADModel:165 - CPN selected for project level
2025-04-01 20:37:06,132 [INFO] CADModel:114 - Register for checkConnection events
2025-04-01 20:37:06,132 [FATAL] Updater:351 - Updater called before beeing initialized
2025-04-01 20:37:06,132 [ERROR] CADModel:125 - Updater not yet initialized, retry later 
2025-04-01 20:37:06,137 [FATAL] Updater:351 - Updater called before beeing initialized
2025-04-01 20:37:06,292 [FATAL] Updater:351 - Updater called before beeing initialized
2025-04-01 20:37:06,298 [INFO] DbMcusAds:53 - JSON generation date=Tue Dec 17 11:01:15 EST 2024 (1734451275143)
2025-04-01 20:37:06,299 [FATAL] Updater:351 - Updater called before beeing initialized
2025-04-01 20:37:06,342 [WARN] DetailPanel:346 - Failed to get advertising image, set to default
2025-04-01 20:37:06,681 [FATAL] Updater:351 - Updater called before beeing initialized
2025-04-01 20:37:06,686 [FATAL] Updater:351 - Updater called before beeing initialized
2025-04-01 20:37:06,686 [FATAL] Updater:351 - Updater called before beeing initialized
2025-04-01 20:37:06,687 [WARN] DetailPanel:346 - Failed to get advertising image, set to default
2025-04-01 20:37:06,689 [FATAL] Updater:351 - Updater called before beeing initialized
2025-04-01 20:37:06,792 [ERROR] Updater:1198 - MainUpdater not yet initialized. External WinMGr cannot be set.
2025-04-01 20:37:06,796 [INFO] Updater:1134 - Updater Version found : 6.14.0
2025-04-01 20:37:06,833 [INFO] ApplicationProperties:184 - Using Application install path: C:\ST\STM32CubeIDE_1.18.0\STM32CubeIDE\plugins\com.st.stm32cube.common.mx_6.14.0.202502271554
2025-04-01 20:37:07,646 [INFO] ThirdPartyUpdaterWithRetryManager:70 - Updater plugin not ready yet. [2/15]
2025-04-01 20:37:08,463 [ERROR] LogOutputStream:75 - [STDERR_REDIRECT] Apr 01, 2025 8:37:08 PM java.util.prefs.WindowsPreferences <init>
2025-04-01 20:37:08,469 [ERROR] LogOutputStream:75 - [STDERR_REDIRECT] WARNING: Could not open/create prefs root node Software\JavaSoft\Prefs at root 0xffffffff80000002. Windows RegCreateKeyEx(...) returned error code 5.
2025-04-01 20:37:08,470 [ERROR] LogOutputStream:75 - [STDERR_REDIRECT] 
2025-04-01 20:37:09,503 [INFO] MainUpdater:2872 - connection check result : 10
2025-04-01 20:37:09,505 [INFO] MainUpdater:289 - Updater Check For Update Now.
2025-04-01 20:37:09,505 [INFO] MicroXplorer:498 - Change Database Version : DB.6.0.140
2025-04-01 20:37:09,519 [INFO] McuFinderGlobals:63 - Set McuFinder mode to 2 (CubeIDE integrated)
2025-04-01 20:37:09,529 [INFO] UserAuth:486 - Internet connection configuration mode: 1
2025-04-01 20:37:09,723 [INFO] JxBrowserEngine:152 - Initiate JxBrowser Engine with user profile folder
2025-04-01 20:37:09,993 [INFO] CheckServerUpdateThread:120 - End of CheckServer Thread
2025-04-01 20:37:11,200 [WARN] PackLoader:240 - Cannot read IP mode file for STMicroelectronics.FP-SNS-MOTENVWB1.1.4.0
2025-04-01 20:37:11,221 [WARN] PackLoader:240 - Cannot read IP mode file for STMicroelectronics.FP-ATR-ASTRA1.2.0.2
2025-04-01 20:37:11,245 [WARN] PackLoader:240 - Cannot read IP mode file for STMicroelectronics.X-CUBE-SMBUS.2.1.0
2025-04-01 20:37:11,263 [WARN] PackLoader:240 - Cannot read IP mode file for STMicroelectronics.X-CUBE-WB05N.1.1.0
2025-04-01 20:37:11,332 [WARN] PackLoader:240 - Cannot read IP mode file for STMicroelectronics.X-CUBE-AZRTOS-F7.1.1.0
2025-04-01 20:37:11,349 [WARN] PackLoader:240 - Cannot read IP mode file for STMicroelectronics.FP-SNS-FLIGHT1.5.0.2
2025-04-01 20:37:11,409 [WARN] PackLoader:240 - Cannot read IP mode file for Infineon.AIROC-Wi-Fi-Bluetooth-STM32.1.7.0
2025-04-01 20:37:11,441 [WARN] PackLoader:240 - Cannot read IP mode file for STMicroelectronics.X-CUBE-DISPLAY.3.0.0
2025-04-01 20:37:11,456 [INFO] WebApp:169 - Instantiating new browser for Auth
2025-04-01 20:37:11,462 [WARN] PackLoader:240 - Cannot read IP mode file for STMicroelectronics.X-CUBE-BLE1.7.0.0
2025-04-01 20:37:11,482 [WARN] PackLoader:240 - Cannot read IP mode file for STMicroelectronics.X-CUBE-NFC10.1.0.0
2025-04-01 20:37:11,508 [WARN] PackLoader:240 - Cannot read IP mode file for STMicroelectronics.X-CUBE-BLEMGR.4.0.0
2025-04-01 20:37:11,525 [WARN] PackLoader:240 - Cannot read IP mode file for emotas.I-CUBE-CANOPEN.1.3.0
2025-04-01 20:37:11,538 [WARN] PackLoader:240 - Cannot read IP mode file for STMicroelectronics.X-CUBE-AI.10.0.0
2025-04-01 20:37:11,564 [WARN] PackLoader:240 - Cannot read IP mode file for STMicroelectronics.FP-SNS-SMARTAG2.1.2.0
2025-04-01 20:37:11,589 [WARN] PackLoader:240 - Cannot read IP mode file for STMicroelectronics.FP-SNS-FLIGHT1.5.1.0
2025-04-01 20:37:11,699 [WARN] PackLoader:240 - Cannot read IP mode file for STMicroelectronics.X-CUBE-MEMS1.11.1.0
2025-04-01 20:37:11,941 [INFO] LogOutputStream:77 - [STDOUT_REDIRECT] 1 : Invalid condition id : UX_CORESTACK_Condition cause : null
2025-04-01 20:37:11,948 [INFO] LogOutputStream:77 - [STDOUT_REDIRECT] 1 : Invalid condition id : UX_CORESTACK_Condition cause : null
2025-04-01 20:37:11,952 [INFO] LogOutputStream:77 - [STDOUT_REDIRECT] 1 : Invalid condition id : UX_CORESTACK_Condition cause : null
2025-04-01 20:37:11,956 [INFO] LogOutputStream:77 - [STDOUT_REDIRECT] 1 : Invalid condition id : UX_CORESTACK_Condition cause : null
2025-04-01 20:37:11,960 [INFO] LogOutputStream:77 - [STDOUT_REDIRECT] 1 : Invalid condition id : UX_CORESTACK_Condition cause : null
2025-04-01 20:37:11,965 [WARN] PackLoader:240 - Cannot read IP mode file for STMicroelectronics.X-CUBE-AZRTOS-WL.2.0.0
2025-04-01 20:37:11,976 [WARN] PackLoader:240 - Cannot read IP mode file for STMicroelectronics.FP-SNS-MOTENV1.5.0.0
2025-04-01 20:37:12,006 [WARN] PackLoader:240 - Cannot read IP mode file for WES.I-CUBE-Cesium.1.3.0
2025-04-01 20:37:12,015 [WARN] PackLoader:240 - Cannot read IP mode file for STMicroelectronics.X-CUBE-BLE2.3.3.0
2025-04-01 20:37:12,024 [WARN] PackLoader:240 - Cannot read IP mode file for STMicroelectronics.X-CUBE-NFC9.1.0.0
2025-04-01 20:37:12,031 [WARN] PackLoader:240 - Cannot read IP mode file for STMicroelectronics.X-CUBE-BLE1.7.1.0
2025-04-01 20:37:12,040 [WARN] PackLoader:240 - Cannot read IP mode file for wolfSSL.I-CUBE-wolfMQTT.1.19.2
2025-04-01 20:37:12,056 [WARN] PackLoader:240 - Cannot read IP mode file for STMicroelectronics.X-CUBE-AZRTOS-G0.1.1.0
2025-04-01 20:37:12,066 [WARN] PackLoader:240 - Cannot read IP mode file for STMicroelectronics.X-CUBE-SAFEA1.1.2.2
2025-04-01 20:37:12,075 [WARN] PackLoader:240 - Cannot read IP mode file for STMicroelectronics.X-CUBE-NFC4.3.0.0
2025-04-01 20:37:12,090 [WARN] PackLoader:240 - Cannot read IP mode file for EmbeddedOffice.I-CUBE-FS-RTOS.1.0.1
2025-04-01 20:37:12,097 [WARN] PackLoader:240 - Cannot read IP mode file for wolfSSL.I-CUBE-wolfTPM.3.8.0
2025-04-01 20:37:12,105 [WARN] PackLoader:240 - Cannot read IP mode file for STMicroelectronics.X-CUBE-TCPP.4.2.0
2025-04-01 20:37:12,118 [WARN] PackLoader:240 - Cannot read IP mode file for RealThread.X-CUBE-RT-Thread_Nano.4.1.1
2025-04-01 20:37:12,126 [WARN] PackLoader:240 - Cannot read IP mode file for STMicroelectronics.FP-ATR-SIGFOX1.3.2.0
2025-04-01 20:37:12,136 [WARN] ConditionMgr:438 - getConditionDescription Invalid condition id : Cortex-A Device cause : null
2025-04-01 20:37:12,172 [WARN] ConditionMgr:1044 - genDependencies : Invalid condition id : Cortex-A Device cause : null
2025-04-01 20:37:12,173 [WARN] ConditionMgr:1044 - genDependencies : Invalid condition id : Cortex-A Device cause : null
2025-04-01 20:37:12,173 [WARN] ConditionMgr:1044 - genDependencies : Invalid condition id : Cortex-A Device cause : null
2025-04-01 20:37:12,182 [WARN] PackLoader:240 - Cannot read IP mode file for STMicroelectronics.X-CUBE-EEPRMA1.5.1.0
2025-04-01 20:37:12,191 [WARN] PackLoader:240 - Cannot read IP mode file for wolfSSL.I-CUBE-wolfSSL.5.7.6
2025-04-01 20:37:12,201 [WARN] PackLoader:240 - Cannot read IP mode file for ITTIA_DB.I-CUBE-ITTIADB.8.9.0
2025-04-01 20:37:12,257 [WARN] PackLoader:240 - Cannot read IP mode file for SEGGER.I-CUBE-embOS.1.3.1
2025-04-01 20:37:12,428 [WARN] PackLoader:240 - Cannot read IP mode file for STMicroelectronics.X-CUBE-ALGOBUILD.1.4.0
2025-04-01 20:37:12,463 [WARN] PackLoader:240 - Cannot read IP mode file for STMicroelectronics.X-CUBE-AZRTOS-F4.1.1.0
2025-04-01 20:37:12,477 [WARN] PackLoader:240 - Cannot read IP mode file for STMicroelectronics.X-CUBE-ISPU.2.1.0
2025-04-01 20:37:12,510 [WARN] PackLoader:240 - Cannot read IP mode file for STMicroelectronics.X-CUBE-AZRTOS-L5.2.0.0
2025-04-01 20:37:12,528 [WARN] PackLoader:240 - Cannot read IP mode file for STMicroelectronics.X-CUBE-NFC6.3.1.0
2025-04-01 20:37:12,546 [WARN] PackLoader:240 - Cannot read IP mode file for STMicroelectronics.X-CUBE-DPower.1.2.0
2025-04-01 20:37:12,560 [WARN] PackLoader:240 - Cannot read IP mode file for STMicroelectronics.X-CUBE-FREERTOS.1.3.0
2025-04-01 20:37:12,571 [WARN] PackLoader:240 - Cannot read IP mode file for STMicroelectronics.X-CUBE-NFC7.1.0.1
2025-04-01 20:37:12,580 [WARN] PackLoader:240 - Cannot read IP mode file for STMicroelectronics.X-CUBE-DPower.1.3.0
2025-04-01 20:37:12,607 [WARN] ConditionMgr:438 - getConditionDescription Invalid condition id : LAN8742 Phy interface Condition cause : null
2025-04-01 20:37:12,609 [WARN] PackLoader:240 - Cannot read IP mode file for STMicroelectronics.X-CUBE-AZRTOS-L4.2.0.0
2025-04-01 20:37:12,611 [WARN] ConditionMgr:1044 - genDependencies : Invalid condition id : LAN8742 Phy interface Condition cause : null
2025-04-01 20:37:12,611 [WARN] ConditionMgr:1044 - genDependencies : Invalid condition id : LAN8742 Phy interface Condition cause : null
2025-04-01 20:37:12,612 [WARN] ConditionMgr:1044 - genDependencies : Invalid condition id : LAN8742 Phy interface Condition cause : null
2025-04-01 20:37:12,624 [WARN] PackLoader:240 - Cannot read IP mode file for STMicroelectronics.X-CUBE-SFXS2LP1.4.0.0
2025-04-01 20:37:12,657 [WARN] PackLoader:240 - Cannot read IP mode file for STMicroelectronics.X-CUBE-AZRTOS-H7.3.3.0
2025-04-01 20:37:12,684 [WARN] ConditionMgr:438 - getConditionDescription Invalid condition id : UX DEVICE CLASS RTOS Condition cause : null
2025-04-01 20:37:12,685 [WARN] ConditionMgr:438 - getConditionDescription Invalid condition id : UX DEVICE CLASS RTOS Condition cause : null
2025-04-01 20:37:12,689 [WARN] PackLoader:240 - Cannot read IP mode file for STMicroelectronics.X-CUBE-AZRTOS-WB.2.0.0
2025-04-01 20:37:12,690 [WARN] ConditionMgr:1044 - genDependencies : Invalid condition id : UX DEVICE CLASS RTOS Condition cause : null
2025-04-01 20:37:12,690 [WARN] ConditionMgr:1044 - genDependencies : Invalid condition id : UX DEVICE CLASS RTOS Condition cause : null
2025-04-01 20:37:12,691 [WARN] ConditionMgr:1044 - genDependencies : Invalid condition id : UX DEVICE CLASS RTOS Condition cause : null
2025-04-01 20:37:12,691 [WARN] ConditionMgr:1044 - genDependencies : Invalid condition id : UX DEVICE CLASS RTOS Condition cause : null
2025-04-01 20:37:12,692 [WARN] ConditionMgr:1044 - genDependencies : Invalid condition id : UX DEVICE CLASS RTOS Condition cause : null
2025-04-01 20:37:12,703 [WARN] PackLoader:240 - Cannot read IP mode file for STMicroelectronics.X-CUBE-GNSS1.7.0.1
2025-04-01 20:37:12,724 [WARN] PackLoader:240 - Cannot read IP mode file for STMicroelectronics.X-CUBE-TOUCHGFX.4.25.0
2025-04-01 20:37:12,734 [WARN] PackLoader:240 - Cannot read IP mode file for STMicroelectronics.FP-SNS-STBOX1.2.0.0
2025-04-01 20:37:12,754 [WARN] PackLoader:240 - Cannot read IP mode file for STMicroelectronics.X-CUBE-SUBG2.5.0.0
2025-04-01 20:37:12,824 [WARN] PackLoader:240 - Cannot read IP mode file for STMicroelectronics.X-CUBE-AZRTOS-H7RS.1.1.0
2025-04-01 20:37:12,840 [WARN] PackLoader:240 - Cannot read IP mode file for Cesanta.I-CUBE-Mongoose.7.13.0
2025-04-01 20:37:12,855 [WARN] PackLoader:240 - Cannot read IP mode file for STMicroelectronics.X-CUBE-AZRTOS-G4.2.0.0
2025-04-01 20:37:12,864 [WARN] PackLoader:240 - Cannot read IP mode file for wolfSSL.I-CUBE-wolfSSH.1.4.20
2025-04-01 20:37:12,878 [WARN] PackLoader:240 - Cannot read IP mode file for STMicroelectronics.X-CUBE-IPS.3.1.0
2025-04-01 20:37:12,892 [WARN] PackLoader:240 - Cannot read IP mode file for STMicroelectronics.X-CUBE-ALS.1.0.2
2025-04-01 20:37:12,900 [WARN] PackLoader:240 - Cannot read IP mode file for STMicroelectronics.X-CUBE-TOUCHGFX.4.24.2
2025-04-01 20:37:12,914 [WARN] PackLoader:240 - Cannot read IP mode file for portGmbH.I-Cube-SoM-uGOAL.1.1.0
2025-04-01 20:37:12,944 [WARN] PackLoader:240 - Cannot read IP mode file for STMicroelectronics.X-CUBE-AZRTOS-H7RS.1.0.0
2025-04-01 20:37:12,964 [WARN] PackLoader:240 - Cannot read IP mode file for STMicroelectronics.X-CUBE-TOF1.3.4.2
2025-04-01 20:37:12,978 [INFO] ThirdParty:978 - Integrity check success = true
2025-04-01 20:37:12,978 [INFO] IntegrityCheckThread:100 - exiting critical section [integrity check]
2025-04-01 20:37:12,978 [INFO] IntegrityCheckThread:103 - End integrity checks thread
2025-04-01 20:37:14,280 [INFO] WebApp:463 - Apply proxy settings
2025-04-01 20:37:14,282 [INFO] WebApp:548 - Chromium requires no authentication
2025-04-01 20:37:14,298 [INFO] WebApp:491 - Direct internet connection detected
2025-04-01 20:37:14,335 [INFO] WebApp:894 - Register for checkConnection events
2025-04-01 20:37:14,335 [INFO] WebApp:463 - Apply proxy settings
2025-04-01 20:37:14,335 [INFO] WebApp:548 - Chromium requires no authentication
2025-04-01 20:37:14,337 [INFO] WebApp:491 - Direct internet connection detected
2025-04-01 20:37:14,527 [INFO] WebApp:191 - Connection restablished
2025-04-01 20:37:14,627 [INFO] WebApp:225 - Starting web application
2025-04-01 20:37:14,628 [INFO] WebApp:593 - Web application path used C:\ST\STM32CubeIDE_1.18.0\STM32CubeIDE\plugins\com.st.stm32cube.common.mx_6.14.0.202502271554\db\plugins\mcufinder\reactClient1\index.html
2025-04-01 20:37:14,761 [INFO] UserAuth:486 - Internet connection configuration mode: 1
2025-04-01 20:40:33,591 [ERROR] LogOutputStream:75 - [STDERR_REDIRECT] 
