../Core/Src/main.c:119:5:main	1
../Core/Src/main.c:201:6:SystemClock_Config	3
../Core/Src/main.c:242:13:MX_ADC1_Init	4
../Core/Src/main.c:312:13:MX_ADC2_Init	3
../Core/Src/main.c:369:13:MX_ADC3_Init	4
../Core/Src/main.c:439:13:MX_ADC4_Init	3
../Core/Src/main.c:496:13:MX_DAC1_Init	4
../Core/Src/main.c:550:13:MX_OPAMP3_Init	2
../Core/Src/main.c:583:13:MX_OPAMP4_Init	2
../Core/Src/main.c:616:13:MX_OPAMP5_Init	2
../Core/Src/main.c:649:13:MX_SPI1_Init	2
../Core/Src/main.c:688:13:MX_TIM1_Init	9
../Core/Src/main.c:783:13:MX_TIM2_Init	5
../Core/Src/main.c:845:13:MX_TIM3_Init	5
../Core/Src/main.c:899:13:MX_TIM4_Init	5
../Core/Src/main.c:953:13:MX_TIM5_Init	5
../Core/Src/main.c:1015:13:MX_TIM8_Init	12
../Core/Src/main.c:1123:13:MX_TIM16_Init	6
../Core/Src/main.c:1194:13:MX_TIM17_Init	6
../Core/Src/main.c:1265:13:MX_TIM20_Init	11
../Core/Src/main.c:1369:13:MX_USART1_UART_Init	5
../Core/Src/main.c:1415:13:MX_DMA_Init	1
../Core/Src/main.c:1438:13:MX_GPIO_Init	1
../Core/Src/main.c:1540:6:HAL_ADC_ConvHalfCpltCallback	3
../Core/Src/main.c:1556:6:HAL_ADC_ConvCpltCallback	3
../Core/Src/main.c:1577:6:Error_Handler	1
