../Core/Src/main.c:134:5:main	8	static
../Core/Src/main.c:238:6:SystemClock_Config	88	static
../Core/Src/main.c:279:13:MX_ADC1_Init	56	static
../Core/Src/main.c:349:13:MX_ADC2_Init	40	static
../Core/Src/main.c:406:13:MX_ADC3_Init	56	static
../Core/Src/main.c:476:13:MX_ADC4_Init	40	static
../Core/Src/main.c:533:13:MX_DAC1_Init	56	static
../Core/Src/main.c:580:13:MX_OPAMP4_Init	8	static
../Core/Src/main.c:613:13:MX_OPAMP5_Init	8	static
../Core/Src/main.c:646:13:MX_SPI1_Init	8	static
../Core/Src/main.c:685:13:MX_TIM1_Init	136	static
../Core/Src/main.c:780:13:MX_TIM2_Init	72	static
../Core/Src/main.c:842:13:MX_TIM3_Init	56	static
../Core/Src/main.c:896:13:MX_TIM4_Init	56	static
../Core/Src/main.c:950:13:MX_TIM5_Init	72	static
../Core/Src/main.c:1012:13:MX_TIM8_Init	136	static
../Core/Src/main.c:1120:13:MX_TIM16_Init	104	static
../Core/Src/main.c:1191:13:MX_TIM17_Init	104	static
../Core/Src/main.c:1262:13:MX_TIM20_Init	136	static
../Core/Src/main.c:1366:13:MX_USART1_UART_Init	8	static
../Core/Src/main.c:1412:13:MX_DMA_Init	24	static
../Core/Src/main.c:1435:13:MX_GPIO_Init	56	static
../Core/Src/main.c:1529:6:HAL_ADC_ConvHalfCpltCallback	16	static
../Core/Src/main.c:1550:6:HAL_ADC_ConvCpltCallback	56	static
../Core/Src/main.c:1588:10:DWT_Delay_Init	4	static,ignoring_inline_asm
../Core/Src/main.c:1624:6:Error_Handler	8	static,ignoring_inline_asm
