../Core/Src/main.c:142:5:main	80	static
../Core/Src/main.c:273:6:SystemClock_Config	88	static
../Core/Src/main.c:314:13:MX_ADC1_Init	56	static
../Core/Src/main.c:384:13:MX_ADC2_Init	40	static
../Core/Src/main.c:441:13:MX_ADC3_Init	56	static
../Core/Src/main.c:511:13:MX_ADC4_Init	40	static
../Core/Src/main.c:568:13:MX_DAC1_Init	56	static
../Core/Src/main.c:615:13:MX_OPAMP4_Init	8	static
../Core/Src/main.c:648:13:MX_OPAMP5_Init	8	static
../Core/Src/main.c:681:13:MX_SPI1_Init	8	static
../Core/Src/main.c:720:13:MX_TIM1_Init	136	static
../Core/Src/main.c:815:13:MX_TIM2_Init	72	static
../Core/Src/main.c:877:13:MX_TIM3_Init	56	static
../Core/Src/main.c:931:13:MX_TIM4_Init	56	static
../Core/Src/main.c:985:13:MX_TIM5_Init	72	static
../Core/Src/main.c:1047:13:MX_TIM8_Init	136	static
../Core/Src/main.c:1155:13:MX_TIM16_Init	104	static
../Core/Src/main.c:1226:13:MX_TIM17_Init	104	static
../Core/Src/main.c:1297:13:MX_TIM20_Init	136	static
../Core/Src/main.c:1401:13:MX_USART1_UART_Init	8	static
../Core/Src/main.c:1447:13:MX_DMA_Init	24	static
../Core/Src/main.c:1470:13:MX_GPIO_Init	56	static
../Core/Src/main.c:1564:6:HAL_ADC_ConvHalfCpltCallback	16	static
../Core/Src/main.c:1576:6:HAL_ADC_ConvCpltCallback	16	static
../Core/Src/main.c:1600:10:DWT_Delay_Init	4	static,ignoring_inline_asm
../Core/Src/main.c:1636:6:Error_Handler	8	static,ignoring_inline_asm
