../Core/Src/stm32g4xx_hal_msp.c:68:6:HAL_MspInit	16	static
../Core/Src/stm32g4xx_hal_msp.c:98:6:HAL_ADC_MspInit	168	static
../Core/Src/stm32g4xx_hal_msp.c:317:6:HAL_ADC_MspDeInit	16	static
../Core/Src/stm32g4xx_hal_msp.c:447:6:HAL_DAC_MspInit	48	static
../Core/Src/stm32g4xx_hal_msp.c:481:6:HAL_DAC_MspDeInit	16	static
../Core/Src/stm32g4xx_hal_msp.c:509:6:HAL_OPAMP_MspInit	48	static
../Core/Src/stm32g4xx_hal_msp.c:569:6:HAL_OPAMP_MspDeInit	16	static
../Core/Src/stm32g4xx_hal_msp.c:616:6:HAL_SPI_MspInit	48	static
../Core/Src/stm32g4xx_hal_msp.c:655:6:HAL_SPI_MspDeInit	16	static
../Core/Src/stm32g4xx_hal_msp.c:686:6:HAL_TIM_Base_MspInit	112	static
../Core/Src/stm32g4xx_hal_msp.c:916:6:HAL_TIM_IC_MspInit	56	static
../Core/Src/stm32g4xx_hal_msp.c:972:6:HAL_TIM_MspPostInit	72	static
../Core/Src/stm32g4xx_hal_msp.c:1122:6:HAL_TIM_Base_MspDeInit	16	static
../Core/Src/stm32g4xx_hal_msp.c:1300:6:HAL_TIM_IC_MspDeInit	16	static
../Core/Src/stm32g4xx_hal_msp.c:1349:6:HAL_UART_MspInit	136	static
../Core/Src/stm32g4xx_hal_msp.c:1405:6:HAL_UART_MspDeInit	16	static
