17:51:50 **** Incremental Build of configuration Debug for project test ****
make -j16 all 
arm-none-eabi-gcc "../Core/Src/main.c" -mcpu=cortex-m4 -std=gnu11 -g3 -DDEBUG -DUSE_HAL_DRIVER -DSTM32G473xx -c -I../Core/Inc -I../Drivers/STM32G4xx_HAL_Driver/Inc -I../Drivers/STM32G4xx_HAL_Driver/Inc/Legacy -I../Drivers/CMSIS/Device/ST/STM32G4xx/Include -I../Drivers/CMSIS/Include -O0 -ffunction-sections -fdata-sections -Wall -fstack-usage -fcyclomatic-complexity -MMD -MP -MF"Core/Src/main.d" -MT"Core/Src/main.o" --specs=nano.specs -mfpu=fpv4-sp-d16 -mfloat-abi=hard -mthumb -o "Core/Src/main.o"
arm-none-eabi-gcc -o "test.elf" @"objects.list"   -mcpu=cortex-m4 -T"C:\Users\priya\STM32CubeIDE\tutorial\test\STM32G473QETX_FLASH.ld" --specs=nosys.specs -Wl,-Map="test.map" -Wl,--gc-sections -static --specs=nano.specs -mfpu=fpv4-sp-d16 -mfloat-abi=hard -mthumb -Wl,--start-group -lc -lm -Wl,--end-group
Finished building target: test.elf
 
arm-none-eabi-size  test.elf 
arm-none-eabi-objdump -h -S test.elf  > "test.list"
   text	   data	    bss	    dec	    hex	filename
  40956	     92	   3492	  44540	   adfc	test.elf
Finished building: default.size.stdout
 
Finished building: test.list
 
17:51:55 **** Incremental Build of configuration Debug for project test ****
make -j16 all 
arm-none-eabi-size  test.elf 
   text	   data	    bss	    dec	    hex	filename
  40956	     92	   3492	  44540	   adfc	test.elf
Finished building: default.size.stdout
 
17:54:21 **** Incremental Build of configuration Debug for project test ****
make -j16 all 
arm-none-eabi-gcc "../Core/Src/main.c" -mcpu=cortex-m4 -std=gnu11 -g3 -DDEBUG -DUSE_HAL_DRIVER -DSTM32G473xx -c -I../Core/Inc -I../Drivers/STM32G4xx_HAL_Driver/Inc -I../Drivers/STM32G4xx_HAL_Driver/Inc/Legacy -I../Drivers/CMSIS/Device/ST/STM32G4xx/Include -I../Drivers/CMSIS/Include -O0 -ffunction-sections -fdata-sections -Wall -fstack-usage -fcyclomatic-complexity -MMD -MP -MF"Core/Src/main.d" -MT"Core/Src/main.o" --specs=nano.specs -mfpu=fpv4-sp-d16 -mfloat-abi=hard -mthumb -o "Core/Src/main.o"
arm-none-eabi-gcc -o "test.elf" @"objects.list"   -mcpu=cortex-m4 -T"C:\Users\priya\STM32CubeIDE\tutorial\test\STM32G473QETX_FLASH.ld" --specs=nosys.specs -Wl,-Map="test.map" -Wl,--gc-sections -static --specs=nano.specs -mfpu=fpv4-sp-d16 -mfloat-abi=hard -mthumb -Wl,--start-group -lc -lm -Wl,--end-group
Finished building target: test.elf
 
arm-none-eabi-size  test.elf 
arm-none-eabi-objdump -h -S test.elf  > "test.list"
   text	   data	    bss	    dec	    hex	filename
  40992	     92	   3492	  44576	   ae20	test.elf
Finished building: default.size.stdout
 
Finished building: test.list
 
17:55:10 **** Incremental Build of configuration Debug for project test ****
make -j16 all 
arm-none-eabi-gcc "../Core/Src/main.c" -mcpu=cortex-m4 -std=gnu11 -g3 -DDEBUG -DUSE_HAL_DRIVER -DSTM32G473xx -c -I../Core/Inc -I../Drivers/STM32G4xx_HAL_Driver/Inc -I../Drivers/STM32G4xx_HAL_Driver/Inc/Legacy -I../Drivers/CMSIS/Device/ST/STM32G4xx/Include -I../Drivers/CMSIS/Include -O0 -ffunction-sections -fdata-sections -Wall -fstack-usage -fcyclomatic-complexity -MMD -MP -MF"Core/Src/main.d" -MT"Core/Src/main.o" --specs=nano.specs -mfpu=fpv4-sp-d16 -mfloat-abi=hard -mthumb -o "Core/Src/main.o"
arm-none-eabi-gcc -o "test.elf" @"objects.list"   -mcpu=cortex-m4 -T"C:\Users\priya\STM32CubeIDE\tutorial\test\STM32G473QETX_FLASH.ld" --specs=nosys.specs -Wl,-Map="test.map" -Wl,--gc-sections -static --specs=nano.specs -mfpu=fpv4-sp-d16 -mfloat-abi=hard -mthumb -Wl,--start-group -lc -lm -Wl,--end-group
Finished building target: test.elf
 
arm-none-eabi-size  test.elf 
arm-none-eabi-objdump -h -S test.elf  > "test.list"
   text	   data	    bss	    dec	    hex	filename
  40992	     92	   3492	  44576	   ae20	test.elf
Finished building: default.size.stdout
 
Finished building: test.list
 
17:56:12 **** Incremental Build of configuration Debug for project test ****
make -j16 all 
arm-none-eabi-gcc "../Core/Src/main.c" -mcpu=cortex-m4 -std=gnu11 -g3 -DDEBUG -DUSE_HAL_DRIVER -DSTM32G473xx -c -I../Core/Inc -I../Drivers/STM32G4xx_HAL_Driver/Inc -I../Drivers/STM32G4xx_HAL_Driver/Inc/Legacy -I../Drivers/CMSIS/Device/ST/STM32G4xx/Include -I../Drivers/CMSIS/Include -O0 -ffunction-sections -fdata-sections -Wall -fstack-usage -fcyclomatic-complexity -MMD -MP -MF"Core/Src/main.d" -MT"Core/Src/main.o" --specs=nano.specs -mfpu=fpv4-sp-d16 -mfloat-abi=hard -mthumb -o "Core/Src/main.o"
arm-none-eabi-gcc -o "test.elf" @"objects.list"   -mcpu=cortex-m4 -T"C:\Users\priya\STM32CubeIDE\tutorial\test\STM32G473QETX_FLASH.ld" --specs=nosys.specs -Wl,-Map="test.map" -Wl,--gc-sections -static --specs=nano.specs -mfpu=fpv4-sp-d16 -mfloat-abi=hard -mthumb -Wl,--start-group -lc -lm -Wl,--end-group
Finished building target: test.elf
 
arm-none-eabi-size  test.elf 
arm-none-eabi-objdump -h -S test.elf  > "test.list"
   text	   data	    bss	    dec	    hex	filename
  40992	     92	   3492	  44576	   ae20	test.elf
Finished building: default.size.stdout
 
Finished building: test.list
 
17:56:42 **** Incremental Build of configuration Debug for project test ****
make -j16 all 
arm-none-eabi-gcc "../Core/Src/main.c" -mcpu=cortex-m4 -std=gnu11 -g3 -DDEBUG -DUSE_HAL_DRIVER -DSTM32G473xx -c -I../Core/Inc -I../Drivers/STM32G4xx_HAL_Driver/Inc -I../Drivers/STM32G4xx_HAL_Driver/Inc/Legacy -I../Drivers/CMSIS/Device/ST/STM32G4xx/Include -I../Drivers/CMSIS/Include -O0 -ffunction-sections -fdata-sections -Wall -fstack-usage -fcyclomatic-complexity -MMD -MP -MF"Core/Src/main.d" -MT"Core/Src/main.o" --specs=nano.specs -mfpu=fpv4-sp-d16 -mfloat-abi=hard -mthumb -o "Core/Src/main.o"
arm-none-eabi-gcc -o "test.elf" @"objects.list"   -mcpu=cortex-m4 -T"C:\Users\priya\STM32CubeIDE\tutorial\test\STM32G473QETX_FLASH.ld" --specs=nosys.specs -Wl,-Map="test.map" -Wl,--gc-sections -static --specs=nano.specs -mfpu=fpv4-sp-d16 -mfloat-abi=hard -mthumb -Wl,--start-group -lc -lm -Wl,--end-group
Finished building target: test.elf
 
arm-none-eabi-size  test.elf 
arm-none-eabi-objdump -h -S test.elf  > "test.list"
   text	   data	    bss	    dec	    hex	filename
  40992	     92	   3492	  44576	   ae20	test.elf
Finished building: default.size.stdout
 
Finished building: test.list
 
17:58:48 **** Incremental Build of configuration Debug for project test ****
make -j16 all 
arm-none-eabi-gcc "../Core/Src/main.c" -mcpu=cortex-m4 -std=gnu11 -g3 -DDEBUG -DUSE_HAL_DRIVER -DSTM32G473xx -c -I../Core/Inc -I../Drivers/STM32G4xx_HAL_Driver/Inc -I../Drivers/STM32G4xx_HAL_Driver/Inc/Legacy -I../Drivers/CMSIS/Device/ST/STM32G4xx/Include -I../Drivers/CMSIS/Include -O0 -ffunction-sections -fdata-sections -Wall -fstack-usage -fcyclomatic-complexity -MMD -MP -MF"Core/Src/main.d" -MT"Core/Src/main.o" --specs=nano.specs -mfpu=fpv4-sp-d16 -mfloat-abi=hard -mthumb -o "Core/Src/main.o"
arm-none-eabi-gcc -o "test.elf" @"objects.list"   -mcpu=cortex-m4 -T"C:\Users\priya\STM32CubeIDE\tutorial\test\STM32G473QETX_FLASH.ld" --specs=nosys.specs -Wl,-Map="test.map" -Wl,--gc-sections -static --specs=nano.specs -mfpu=fpv4-sp-d16 -mfloat-abi=hard -mthumb -Wl,--start-group -lc -lm -Wl,--end-group
Finished building target: test.elf
 
arm-none-eabi-size  test.elf 
arm-none-eabi-objdump -h -S test.elf  > "test.list"
   text	   data	    bss	    dec	    hex	filename
  40848	     92	   3492	  44432	   ad90	test.elf
Finished building: default.size.stdout
 
Finished building: test.list
 
17:59:07 **** Incremental Build of configuration Debug for project test ****
make -j16 all 
arm-none-eabi-gcc "../Core/Src/main.c" -mcpu=cortex-m4 -std=gnu11 -g3 -DDEBUG -DUSE_HAL_DRIVER -DSTM32G473xx -c -I../Core/Inc -I../Drivers/STM32G4xx_HAL_Driver/Inc -I../Drivers/STM32G4xx_HAL_Driver/Inc/Legacy -I../Drivers/CMSIS/Device/ST/STM32G4xx/Include -I../Drivers/CMSIS/Include -O0 -ffunction-sections -fdata-sections -Wall -fstack-usage -fcyclomatic-complexity -MMD -MP -MF"Core/Src/main.d" -MT"Core/Src/main.o" --specs=nano.specs -mfpu=fpv4-sp-d16 -mfloat-abi=hard -mthumb -o "Core/Src/main.o"
arm-none-eabi-gcc -o "test.elf" @"objects.list"   -mcpu=cortex-m4 -T"C:\Users\priya\STM32CubeIDE\tutorial\test\STM32G473QETX_FLASH.ld" --specs=nosys.specs -Wl,-Map="test.map" -Wl,--gc-sections -static --specs=nano.specs -mfpu=fpv4-sp-d16 -mfloat-abi=hard -mthumb -Wl,--start-group -lc -lm -Wl,--end-group
Finished building target: test.elf
 
arm-none-eabi-size  test.elf 
arm-none-eabi-objdump -h -S test.elf  > "test.list"
   text	   data	    bss	    dec	    hex	filename
  40852	     92	   3492	  44436	   ad94	test.elf
Finished building: default.size.stdout
 
Finished building: test.list
 
17:59:33 **** Incremental Build of configuration Debug for project test ****
make -j16 all 
arm-none-eabi-gcc "../Core/Src/main.c" -mcpu=cortex-m4 -std=gnu11 -g3 -DDEBUG -DUSE_HAL_DRIVER -DSTM32G473xx -c -I../Core/Inc -I../Drivers/STM32G4xx_HAL_Driver/Inc -I../Drivers/STM32G4xx_HAL_Driver/Inc/Legacy -I../Drivers/CMSIS/Device/ST/STM32G4xx/Include -I../Drivers/CMSIS/Include -O0 -ffunction-sections -fdata-sections -Wall -fstack-usage -fcyclomatic-complexity -MMD -MP -MF"Core/Src/main.d" -MT"Core/Src/main.o" --specs=nano.specs -mfpu=fpv4-sp-d16 -mfloat-abi=hard -mthumb -o "Core/Src/main.o"
arm-none-eabi-gcc -o "test.elf" @"objects.list"   -mcpu=cortex-m4 -T"C:\Users\priya\STM32CubeIDE\tutorial\test\STM32G473QETX_FLASH.ld" --specs=nosys.specs -Wl,-Map="test.map" -Wl,--gc-sections -static --specs=nano.specs -mfpu=fpv4-sp-d16 -mfloat-abi=hard -mthumb -Wl,--start-group -lc -lm -Wl,--end-group
Finished building target: test.elf
 
arm-none-eabi-size  test.elf 
arm-none-eabi-objdump -h -S test.elf  > "test.list"
   text	   data	    bss	    dec	    hex	filename
  40852	     92	   3492	  44436	   ad94	test.elf
Finished building: default.size.stdout
 
Finished building: test.list
 
18:05:05 **** Incremental Build of configuration Debug for project test ****
make -j16 all 
arm-none-eabi-gcc "../Core/Src/main.c" -mcpu=cortex-m4 -std=gnu11 -g3 -DDEBUG -DUSE_HAL_DRIVER -DSTM32G473xx -c -I../Core/Inc -I../Drivers/STM32G4xx_HAL_Driver/Inc -I../Drivers/STM32G4xx_HAL_Driver/Inc/Legacy -I../Drivers/CMSIS/Device/ST/STM32G4xx/Include -I../Drivers/CMSIS/Include -O0 -ffunction-sections -fdata-sections -Wall -fstack-usage -fcyclomatic-complexity -MMD -MP -MF"Core/Src/main.d" -MT"Core/Src/main.o" --specs=nano.specs -mfpu=fpv4-sp-d16 -mfloat-abi=hard -mthumb -o "Core/Src/main.o"
arm-none-eabi-gcc -o "test.elf" @"objects.list"   -mcpu=cortex-m4 -T"C:\Users\priya\STM32CubeIDE\tutorial\test\STM32G473QETX_FLASH.ld" --specs=nosys.specs -Wl,-Map="test.map" -Wl,--gc-sections -static --specs=nano.specs -mfpu=fpv4-sp-d16 -mfloat-abi=hard -mthumb -Wl,--start-group -lc -lm -Wl,--end-group
Finished building target: test.elf
 
arm-none-eabi-size  test.elf 
arm-none-eabi-objdump -h -S test.elf  > "test.list"
   text	   data	    bss	    dec	    hex	filename
  40852	     92	   3500	  44444	   ad9c	test.elf
Finished building: default.size.stdout
 
Finished building: test.list
 
17:45:58 **** Incremental Build of configuration Debug for project test ****
make -j16 all 
arm-none-eabi-gcc "../Core/Src/main.c" -mcpu=cortex-m4 -std=gnu11 -g3 -DDEBUG -DUSE_HAL_DRIVER -DSTM32G473xx -c -I../Core/Inc -I../Drivers/STM32G4xx_HAL_Driver/Inc -I../Drivers/STM32G4xx_HAL_Driver/Inc/Legacy -I../Drivers/CMSIS/Device/ST/STM32G4xx/Include -I../Drivers/CMSIS/Include -O0 -ffunction-sections -fdata-sections -Wall -fstack-usage -fcyclomatic-complexity -MMD -MP -MF"Core/Src/main.d" -MT"Core/Src/main.o" --specs=nano.specs -mfpu=fpv4-sp-d16 -mfloat-abi=hard -mthumb -o "Core/Src/main.o"
arm-none-eabi-gcc -o "test.elf" @"objects.list"   -mcpu=cortex-m4 -T"C:\Users\priya\STM32CubeIDE\tutorial\test\STM32G473QETX_FLASH.ld" --specs=nosys.specs -Wl,-Map="test.map" -Wl,--gc-sections -static --specs=nano.specs -mfpu=fpv4-sp-d16 -mfloat-abi=hard -mthumb -Wl,--start-group -lc -lm -Wl,--end-group
Finished building target: test.elf
 
arm-none-eabi-size  test.elf 
arm-none-eabi-objdump -h -S test.elf  > "test.list"
   text	   data	    bss	    dec	    hex	filename
  40856	     92	   3500	  44448	   ada0	test.elf
Finished building: default.size.stdout
 
Finished building: test.list
 
17:46:58 **** Incremental Build of configuration Debug for project test ****
make -j16 all 
arm-none-eabi-gcc "../Core/Src/main.c" -mcpu=cortex-m4 -std=gnu11 -g3 -DDEBUG -DUSE_HAL_DRIVER -DSTM32G473xx -c -I../Core/Inc -I../Drivers/STM32G4xx_HAL_Driver/Inc -I../Drivers/STM32G4xx_HAL_Driver/Inc/Legacy -I../Drivers/CMSIS/Device/ST/STM32G4xx/Include -I../Drivers/CMSIS/Include -O0 -ffunction-sections -fdata-sections -Wall -fstack-usage -fcyclomatic-complexity -MMD -MP -MF"Core/Src/main.d" -MT"Core/Src/main.o" --specs=nano.specs -mfpu=fpv4-sp-d16 -mfloat-abi=hard -mthumb -o "Core/Src/main.o"
arm-none-eabi-gcc -o "test.elf" @"objects.list"   -mcpu=cortex-m4 -T"C:\Users\priya\STM32CubeIDE\tutorial\test\STM32G473QETX_FLASH.ld" --specs=nosys.specs -Wl,-Map="test.map" -Wl,--gc-sections -static --specs=nano.specs -mfpu=fpv4-sp-d16 -mfloat-abi=hard -mthumb -Wl,--start-group -lc -lm -Wl,--end-group
Finished building target: test.elf
 
arm-none-eabi-size  test.elf 
arm-none-eabi-objdump -h -S test.elf  > "test.list"
   text	   data	    bss	    dec	    hex	filename
  40852	     92	   3500	  44444	   ad9c	test.elf
Finished building: default.size.stdout
 
Finished building: test.list
 
17:54:01 **** Incremental Build of configuration Debug for project test ****
make -j16 all 
arm-none-eabi-gcc "../Core/Src/main.c" -mcpu=cortex-m4 -std=gnu11 -g3 -DDEBUG -DUSE_HAL_DRIVER -DSTM32G473xx -c -I../Core/Inc -I../Drivers/STM32G4xx_HAL_Driver/Inc -I../Drivers/STM32G4xx_HAL_Driver/Inc/Legacy -I../Drivers/CMSIS/Device/ST/STM32G4xx/Include -I../Drivers/CMSIS/Include -O0 -ffunction-sections -fdata-sections -Wall -fstack-usage -fcyclomatic-complexity -MMD -MP -MF"Core/Src/main.d" -MT"Core/Src/main.o" --specs=nano.specs -mfpu=fpv4-sp-d16 -mfloat-abi=hard -mthumb -o "Core/Src/main.o"
arm-none-eabi-gcc -o "test.elf" @"objects.list"   -mcpu=cortex-m4 -T"C:\Users\priya\STM32CubeIDE\tutorial\test\STM32G473QETX_FLASH.ld" --specs=nosys.specs -Wl,-Map="test.map" -Wl,--gc-sections -static --specs=nano.specs -mfpu=fpv4-sp-d16 -mfloat-abi=hard -mthumb -Wl,--start-group -lc -lm -Wl,--end-group
Finished building target: test.elf
 
arm-none-eabi-size  test.elf 
arm-none-eabi-objdump -h -S test.elf  > "test.list"
   text	   data	    bss	    dec	    hex	filename
  40848	     92	   3500	  44440	   ad98	test.elf
Finished building: default.size.stdout
 
Finished building: test.list
 
17:58:24 **** Incremental Build of configuration Debug for project test ****
make -j16 all 
arm-none-eabi-gcc "../Core/Src/main.c" -mcpu=cortex-m4 -std=gnu11 -g3 -DDEBUG -DUSE_HAL_DRIVER -DSTM32G473xx -c -I../Core/Inc -I../Drivers/STM32G4xx_HAL_Driver/Inc -I../Drivers/STM32G4xx_HAL_Driver/Inc/Legacy -I../Drivers/CMSIS/Device/ST/STM32G4xx/Include -I../Drivers/CMSIS/Include -O0 -ffunction-sections -fdata-sections -Wall -fstack-usage -fcyclomatic-complexity -MMD -MP -MF"Core/Src/main.d" -MT"Core/Src/main.o" --specs=nano.specs -mfpu=fpv4-sp-d16 -mfloat-abi=hard -mthumb -o "Core/Src/main.o"
arm-none-eabi-gcc -o "test.elf" @"objects.list"   -mcpu=cortex-m4 -T"C:\Users\priya\STM32CubeIDE\tutorial\test\STM32G473QETX_FLASH.ld" --specs=nosys.specs -Wl,-Map="test.map" -Wl,--gc-sections -static --specs=nano.specs -mfpu=fpv4-sp-d16 -mfloat-abi=hard -mthumb -Wl,--start-group -lc -lm -Wl,--end-group
Finished building target: test.elf
 
arm-none-eabi-size  test.elf 
arm-none-eabi-objdump -h -S test.elf  > "test.list"
   text	   data	    bss	    dec	    hex	filename
  40848	     92	   3500	  44440	   ad98	test.elf
Finished building: default.size.stdout
 
Finished building: test.list
 
18:03:34 **** Incremental Build of configuration Debug for project test ****
make -j16 all 
arm-none-eabi-size  test.elf 
   text	   data	    bss	    dec	    hex	filename
  40848	     92	   3500	  44440	   ad98	test.elf
Finished building: default.size.stdout
 
18:05:18 **** Incremental Build of configuration Debug for project test ****
make -j16 all 
arm-none-eabi-gcc "../Core/Src/main.c" -mcpu=cortex-m4 -std=gnu11 -g3 -DDEBUG -DUSE_HAL_DRIVER -DSTM32G473xx -c -I../Core/Inc -I../Drivers/STM32G4xx_HAL_Driver/Inc -I../Drivers/STM32G4xx_HAL_Driver/Inc/Legacy -I../Drivers/CMSIS/Device/ST/STM32G4xx/Include -I../Drivers/CMSIS/Include -O0 -ffunction-sections -fdata-sections -Wall -fstack-usage -fcyclomatic-complexity -MMD -MP -MF"Core/Src/main.d" -MT"Core/Src/main.o" --specs=nano.specs -mfpu=fpv4-sp-d16 -mfloat-abi=hard -mthumb -o "Core/Src/main.o"
arm-none-eabi-gcc -o "test.elf" @"objects.list"   -mcpu=cortex-m4 -T"C:\Users\priya\STM32CubeIDE\tutorial\test\STM32G473QETX_FLASH.ld" --specs=nosys.specs -Wl,-Map="test.map" -Wl,--gc-sections -static --specs=nano.specs -mfpu=fpv4-sp-d16 -mfloat-abi=hard -mthumb -Wl,--start-group -lc -lm -Wl,--end-group
Finished building target: test.elf
 
arm-none-eabi-size  test.elf 
arm-none-eabi-objdump -h -S test.elf  > "test.list"
   text	   data	    bss	    dec	    hex	filename
  40852	     92	   3500	  44444	   ad9c	test.elf
Finished building: default.size.stdout
 
Finished building: test.list
 
18:18:45 **** Incremental Build of configuration Debug for project test ****
make -j16 all 
arm-none-eabi-gcc "../Core/Src/main.c" -mcpu=cortex-m4 -std=gnu11 -g3 -DDEBUG -DUSE_HAL_DRIVER -DSTM32G473xx -c -I../Core/Inc -I../Drivers/STM32G4xx_HAL_Driver/Inc -I../Drivers/STM32G4xx_HAL_Driver/Inc/Legacy -I../Drivers/CMSIS/Device/ST/STM32G4xx/Include -I../Drivers/CMSIS/Include -O0 -ffunction-sections -fdata-sections -Wall -fstack-usage -fcyclomatic-complexity -MMD -MP -MF"Core/Src/main.d" -MT"Core/Src/main.o" --specs=nano.specs -mfpu=fpv4-sp-d16 -mfloat-abi=hard -mthumb -o "Core/Src/main.o"
arm-none-eabi-gcc -o "test.elf" @"objects.list"   -mcpu=cortex-m4 -T"C:\Users\priya\STM32CubeIDE\tutorial\test\STM32G473QETX_FLASH.ld" --specs=nosys.specs -Wl,-Map="test.map" -Wl,--gc-sections -static --specs=nano.specs -mfpu=fpv4-sp-d16 -mfloat-abi=hard -mthumb -Wl,--start-group -lc -lm -Wl,--end-group
Finished building target: test.elf
 
arm-none-eabi-size  test.elf 
arm-none-eabi-objdump -h -S test.elf  > "test.list"
   text	   data	    bss	    dec	    hex	filename
  40816	     92	   3500	  44408	   ad78	test.elf
Finished building: default.size.stdout
 
Finished building: test.list
 
