17:30:06 **** Incremental Build of configuration Debug for project simplerCode ****
make -j22 all 
arm-none-eabi-gcc "../Drivers/STM32G4xx_HAL_Driver/Src/stm32g4xx_hal_adc_ex.c" -mcpu=cortex-m4 -std=gnu11 -g3 -DDEBUG -DARM_MATH_CM4 -DUSE_HAL_DRIVER -DSTM32G473xx -c -I../Core/Inc -I../Drivers/CMSIS/DSP/PrivateInclude -I../Drivers/STM32G4xx_HAL_Driver/Inc -I../Drivers/STM32G4xx_HAL_Driver/Inc/Legacy -I../Drivers/CMSIS/Device/ST/STM32G4xx/Include -I../Drivers/CMSIS/Include -I../Drivers/CMSIS/DSP/Include -O0 -ffunction-sections -fdata-sections -Wall -fstack-usage -fcyclomatic-complexity -MMD -MP -MF"Drivers/STM32G4xx_HAL_Driver/Src/stm32g4xx_hal_adc_ex.d" -MT"Drivers/STM32G4xx_HAL_Driver/Src/stm32g4xx_hal_adc_ex.o" --specs=nano.specs -mfpu=fpv4-sp-d16 -mfloat-abi=hard -mthumb -o "Drivers/STM32G4xx_HAL_Driver/Src/stm32g4xx_hal_adc_ex.o"
arm-none-eabi-gcc -o "simplerCode.elf" @"objects.list"  -larm_cortexM4lf_math -mcpu=cortex-m4 -T"C:\Users\peter\OneDrive\Documents\IEEEMTTSCode\PhasedArrayRadar_IEEE_MTTS\STM32_Code\tutorial\simplerCode\STM32G473QETX_FLASH.ld" --specs=nosys.specs -Wl,-Map="simplerCode.map" -Wl,--gc-sections -static -L../Drivers/CMSIS/Lib/GCC -u_printf_float --specs=nano.specs -mfpu=fpv4-sp-d16 -mfloat-abi=hard -mthumb -Wl,--start-group -lc -lm -Wl,--end-group
Finished building target: simplerCode.elf
 
arm-none-eabi-size  simplerCode.elf 
arm-none-eabi-objdump -h -S simplerCode.elf  > "simplerCode.list"
   text	   data	    bss	    dec	    hex	filename
 142972	    468	  85572	 229012	  37e94	simplerCode.elf
Finished building: default.size.stdout
 
Finished building: simplerCode.list
 
17:30:27 **** Incremental Build of configuration Debug for project test ****
make -j22 all 
arm-none-eabi-size  test.elf 
   text	   data	    bss	    dec	    hex	filename
 120644	    468	  77396	 198508	  3076c	test.elf
Finished building: default.size.stdout
 
17:31:00 **** Incremental Build of configuration Debug for project simplerCode ****
make -j22 all 
arm-none-eabi-size  simplerCode.elf 
   text	   data	    bss	    dec	    hex	filename
 142972	    468	  85572	 229012	  37e94	simplerCode.elf
Finished building: default.size.stdout
 
17:35:26 **** Incremental Build of configuration Debug for project simplerCode ****
make -j22 all 
arm-none-eabi-gcc "../Drivers/STM32G4xx_HAL_Driver/Src/stm32g4xx_hal_adc_ex.c" -mcpu=cortex-m4 -std=gnu11 -g3 -DDEBUG -DARM_MATH_CM4 -DUSE_HAL_DRIVER -DSTM32G473xx -c -I../Core/Inc -I../Drivers/CMSIS/DSP/PrivateInclude -I../Drivers/STM32G4xx_HAL_Driver/Inc -I../Drivers/STM32G4xx_HAL_Driver/Inc/Legacy -I../Drivers/CMSIS/Device/ST/STM32G4xx/Include -I../Drivers/CMSIS/Include -I../Drivers/CMSIS/DSP/Include -O0 -ffunction-sections -fdata-sections -Wall -fstack-usage -fcyclomatic-complexity -MMD -MP -MF"Drivers/STM32G4xx_HAL_Driver/Src/stm32g4xx_hal_adc_ex.d" -MT"Drivers/STM32G4xx_HAL_Driver/Src/stm32g4xx_hal_adc_ex.o" --specs=nano.specs -mfpu=fpv4-sp-d16 -mfloat-abi=hard -mthumb -o "Drivers/STM32G4xx_HAL_Driver/Src/stm32g4xx_hal_adc_ex.o"
arm-none-eabi-gcc "../Core/Src/main.c" -mcpu=cortex-m4 -std=gnu11 -g3 -DDEBUG -DARM_MATH_CM4 -DUSE_HAL_DRIVER -DSTM32G473xx -c -I../Core/Inc -I../Drivers/CMSIS/DSP/PrivateInclude -I../Drivers/STM32G4xx_HAL_Driver/Inc -I../Drivers/STM32G4xx_HAL_Driver/Inc/Legacy -I../Drivers/CMSIS/Device/ST/STM32G4xx/Include -I../Drivers/CMSIS/Include -I../Drivers/CMSIS/DSP/Include -O0 -ffunction-sections -fdata-sections -Wall -fstack-usage -fcyclomatic-complexity -MMD -MP -MF"Core/Src/main.d" -MT"Core/Src/main.o" --specs=nano.specs -mfpu=fpv4-sp-d16 -mfloat-abi=hard -mthumb -o "Core/Src/main.o"
../Core/Src/main.c:27: warning: "ARM_MATH_CM4" redefined
   27 | #define ARM_MATH_CM4
      | 
<command-line>: note: this is the location of the previous definition
../Core/Src/main.c: In function 'main':
../Core/Src/main.c:182:9: warning: unused variable 'phaseDifferenceResult' [-Wunused-variable]
  182 |   float phaseDifferenceResult;
      |         ^~~~~~~~~~~~~~~~~~~~~
../Core/Src/main.c:176:7: warning: unused variable 'maxAmplitudeIndexADC4' [-Wunused-variable]
  176 |   int maxAmplitudeIndexADC4 = -1;
      |       ^~~~~~~~~~~~~~~~~~~~~
../Core/Src/main.c:175:7: warning: unused variable 'maxAmplitudeADC4' [-Wunused-variable]
  175 |   int maxAmplitudeADC4 = 0;
      |       ^~~~~~~~~~~~~~~~
../Core/Src/main.c:173:7: warning: unused variable 'maxAmplitudeIndexADC3' [-Wunused-variable]
  173 |   int maxAmplitudeIndexADC3 = -1;
      |       ^~~~~~~~~~~~~~~~~~~~~
../Core/Src/main.c:172:7: warning: unused variable 'maxAmplitudeADC3' [-Wunused-variable]
  172 |   int maxAmplitudeADC3 = 0;
      |       ^~~~~~~~~~~~~~~~
../Core/Src/main.c:170:7: warning: unused variable 'maxAmplitudeIndexADC2' [-Wunused-variable]
  170 |   int maxAmplitudeIndexADC2 = -1;
      |       ^~~~~~~~~~~~~~~~~~~~~
../Core/Src/main.c:169:7: warning: unused variable 'maxAmplitudeADC2' [-Wunused-variable]
  169 |   int maxAmplitudeADC2 = 0;
      |       ^~~~~~~~~~~~~~~~
arm-none-eabi-gcc -o "simplerCode.elf" @"objects.list"  -larm_cortexM4lf_math -mcpu=cortex-m4 -T"C:\Users\peter\OneDrive\Documents\IEEEMTTSCode\PhasedArrayRadar_IEEE_MTTS\STM32_Code\tutorial\simplerCode\STM32G473QETX_FLASH.ld" --specs=nosys.specs -Wl,-Map="simplerCode.map" -Wl,--gc-sections -static -L../Drivers/CMSIS/Lib/GCC -u_printf_float --specs=nano.specs -mfpu=fpv4-sp-d16 -mfloat-abi=hard -mthumb -Wl,--start-group -lc -lm -Wl,--end-group
Finished building target: simplerCode.elf
 
arm-none-eabi-size  simplerCode.elf 
arm-none-eabi-objdump -h -S simplerCode.elf  > "simplerCode.list"
   text	   data	    bss	    dec	    hex	filename
 142972	    468	  85572	 229012	  37e94	simplerCode.elf
Finished building: default.size.stdout
 
Finished building: simplerCode.list
 
17:38:27 **** Incremental Build of configuration Debug for project simplerCode ****
make -j22 all 
arm-none-eabi-gcc "../Core/Src/stm32g4xx_hal_msp.c" -mcpu=cortex-m4 -std=gnu11 -g3 -DDEBUG -DARM_MATH_CM4 -DUSE_HAL_DRIVER -DSTM32G473xx -c -I../Core/Inc -I../Drivers/CMSIS/DSP/PrivateInclude -I../Drivers/STM32G4xx_HAL_Driver/Inc -I../Drivers/STM32G4xx_HAL_Driver/Inc/Legacy -I../Drivers/CMSIS/Device/ST/STM32G4xx/Include -I../Drivers/CMSIS/Include -I../Drivers/CMSIS/DSP/Include -O0 -ffunction-sections -fdata-sections -Wall -fstack-usage -fcyclomatic-complexity -MMD -MP -MF"Core/Src/stm32g4xx_hal_msp.d" -MT"Core/Src/stm32g4xx_hal_msp.o" --specs=nano.specs -mfpu=fpv4-sp-d16 -mfloat-abi=hard -mthumb -o "Core/Src/stm32g4xx_hal_msp.o"
arm-none-eabi-gcc "../Core/Src/stm32g4xx_it.c" -mcpu=cortex-m4 -std=gnu11 -g3 -DDEBUG -DARM_MATH_CM4 -DUSE_HAL_DRIVER -DSTM32G473xx -c -I../Core/Inc -I../Drivers/CMSIS/DSP/PrivateInclude -I../Drivers/STM32G4xx_HAL_Driver/Inc -I../Drivers/STM32G4xx_HAL_Driver/Inc/Legacy -I../Drivers/CMSIS/Device/ST/STM32G4xx/Include -I../Drivers/CMSIS/Include -I../Drivers/CMSIS/DSP/Include -O0 -ffunction-sections -fdata-sections -Wall -fstack-usage -fcyclomatic-complexity -MMD -MP -MF"Core/Src/stm32g4xx_it.d" -MT"Core/Src/stm32g4xx_it.o" --specs=nano.specs -mfpu=fpv4-sp-d16 -mfloat-abi=hard -mthumb -o "Core/Src/stm32g4xx_it.o"
arm-none-eabi-gcc -o "simplerCode.elf" @"objects.list"  -larm_cortexM4lf_math -mcpu=cortex-m4 -T"C:\Users\peter\OneDrive\Documents\IEEEMTTSCode\PhasedArrayRadar_IEEE_MTTS\STM32_Code\tutorial\simplerCode\STM32G473QETX_FLASH.ld" --specs=nosys.specs -Wl,-Map="simplerCode.map" -Wl,--gc-sections -static -L../Drivers/CMSIS/Lib/GCC -u_printf_float --specs=nano.specs -mfpu=fpv4-sp-d16 -mfloat-abi=hard -mthumb -Wl,--start-group -lc -lm -Wl,--end-group
Finished building target: simplerCode.elf
 
arm-none-eabi-size  simplerCode.elf 
arm-none-eabi-objdump -h -S simplerCode.elf  > "simplerCode.list"
   text	   data	    bss	    dec	    hex	filename
 142876	    468	  85572	 228916	  37e34	simplerCode.elf
Finished building: default.size.stdout
 
Finished building: simplerCode.list
 
17:40:27 **** Incremental Build of configuration Debug for project simplerCode ****
make -j22 all 
arm-none-eabi-gcc "../Core/Src/main.c" -mcpu=cortex-m4 -std=gnu11 -g3 -DDEBUG -DARM_MATH_CM4 -DUSE_HAL_DRIVER -DSTM32G473xx -c -I../Core/Inc -I../Drivers/CMSIS/DSP/PrivateInclude -I../Drivers/STM32G4xx_HAL_Driver/Inc -I../Drivers/STM32G4xx_HAL_Driver/Inc/Legacy -I../Drivers/CMSIS/Device/ST/STM32G4xx/Include -I../Drivers/CMSIS/Include -I../Drivers/CMSIS/DSP/Include -O0 -ffunction-sections -fdata-sections -Wall -fstack-usage -fcyclomatic-complexity -MMD -MP -MF"Core/Src/main.d" -MT"Core/Src/main.o" --specs=nano.specs -mfpu=fpv4-sp-d16 -mfloat-abi=hard -mthumb -o "Core/Src/main.o"
../Core/Src/main.c: In function 'main':
../Core/Src/main.c:337:58: warning: format '%u' expects argument of type 'unsigned int', but argument 5 has type 'uint32_t' {aka 'long unsigned int'} [-Wformat=]
  337 |                         sprintf(bufferNumbers, "%lf,%lf,%u, %d\r\n", fftBufOutADC1[j],fftBufOutADC1[j + 1], frequency, j);
      |                                                         ~^                                                  ~~~~~~~~~
      |                                                          |                                                  |
      |                                                          unsigned int                                       uint32_t {aka long unsigned int}
      |                                                         %lu
arm-none-eabi-gcc -o "simplerCode.elf" @"objects.list"  -larm_cortexM4lf_math -mcpu=cortex-m4 -T"C:\Users\peter\OneDrive\Documents\IEEEMTTSCode\PhasedArrayRadar_IEEE_MTTS\STM32_Code\tutorial\simplerCode\STM32G473QETX_FLASH.ld" --specs=nosys.specs -Wl,-Map="simplerCode.map" -Wl,--gc-sections -static -L../Drivers/CMSIS/Lib/GCC -u_printf_float --specs=nano.specs -mfpu=fpv4-sp-d16 -mfloat-abi=hard -mthumb -Wl,--start-group -lc -lm -Wl,--end-group
Finished building target: simplerCode.elf
 
arm-none-eabi-size  simplerCode.elf 
arm-none-eabi-objdump -h -S simplerCode.elf  > "simplerCode.list"
   text	   data	    bss	    dec	    hex	filename
 139884	    468	  77404	 217756	  3529c	simplerCode.elf
Finished building: default.size.stdout
 
Finished building: simplerCode.list
 
17:41:27 **** Incremental Build of configuration Debug for project simplerCode ****
make -j22 all 
arm-none-eabi-size  simplerCode.elf 
   text	   data	    bss	    dec	    hex	filename
 139884	    468	  77404	 217756	  3529c	simplerCode.elf
Finished building: default.size.stdout
 
17:42:31 **** Incremental Build of configuration Debug for project simplerCode ****
make -j22 all 
arm-none-eabi-gcc "../Core/Src/main.c" -mcpu=cortex-m4 -std=gnu11 -g3 -DDEBUG -DARM_MATH_CM4 -DUSE_HAL_DRIVER -DSTM32G473xx -c -I../Core/Inc -I../Drivers/CMSIS/DSP/PrivateInclude -I../Drivers/STM32G4xx_HAL_Driver/Inc -I../Drivers/STM32G4xx_HAL_Driver/Inc/Legacy -I../Drivers/CMSIS/Device/ST/STM32G4xx/Include -I../Drivers/CMSIS/Include -I../Drivers/CMSIS/DSP/Include -O0 -ffunction-sections -fdata-sections -Wall -fstack-usage -fcyclomatic-complexity -MMD -MP -MF"Core/Src/main.d" -MT"Core/Src/main.o" --specs=nano.specs -mfpu=fpv4-sp-d16 -mfloat-abi=hard -mthumb -o "Core/Src/main.o"
../Core/Src/main.c:27: warning: "ARM_MATH_CM4" redefined
   27 | #define ARM_MATH_CM4
      | 
<command-line>: note: this is the location of the previous definition
../Core/Src/main.c: In function 'main':
../Core/Src/main.c:182:9: warning: unused variable 'phaseDifferenceResult' [-Wunused-variable]
  182 |   float phaseDifferenceResult;
      |         ^~~~~~~~~~~~~~~~~~~~~
../Core/Src/main.c:176:7: warning: unused variable 'maxAmplitudeIndexADC4' [-Wunused-variable]
  176 |   int maxAmplitudeIndexADC4 = -1;
      |       ^~~~~~~~~~~~~~~~~~~~~
../Core/Src/main.c:175:7: warning: unused variable 'maxAmplitudeADC4' [-Wunused-variable]
  175 |   int maxAmplitudeADC4 = 0;
      |       ^~~~~~~~~~~~~~~~
../Core/Src/main.c:173:7: warning: unused variable 'maxAmplitudeIndexADC3' [-Wunused-variable]
  173 |   int maxAmplitudeIndexADC3 = -1;
      |       ^~~~~~~~~~~~~~~~~~~~~
../Core/Src/main.c:172:7: warning: unused variable 'maxAmplitudeADC3' [-Wunused-variable]
  172 |   int maxAmplitudeADC3 = 0;
      |       ^~~~~~~~~~~~~~~~
../Core/Src/main.c:170:7: warning: unused variable 'maxAmplitudeIndexADC2' [-Wunused-variable]
  170 |   int maxAmplitudeIndexADC2 = -1;
      |       ^~~~~~~~~~~~~~~~~~~~~
../Core/Src/main.c:169:7: warning: unused variable 'maxAmplitudeADC2' [-Wunused-variable]
  169 |   int maxAmplitudeADC2 = 0;
      |       ^~~~~~~~~~~~~~~~
arm-none-eabi-gcc -o "simplerCode.elf" @"objects.list"  -larm_cortexM4lf_math -mcpu=cortex-m4 -T"C:\Users\peter\OneDrive\Documents\IEEEMTTSCode\PhasedArrayRadar_IEEE_MTTS\STM32_Code\tutorial\simplerCode\STM32G473QETX_FLASH.ld" --specs=nosys.specs -Wl,-Map="simplerCode.map" -Wl,--gc-sections -static -L../Drivers/CMSIS/Lib/GCC -u_printf_float --specs=nano.specs -mfpu=fpv4-sp-d16 -mfloat-abi=hard -mthumb -Wl,--start-group -lc -lm -Wl,--end-group
Finished building target: simplerCode.elf
 
arm-none-eabi-size  simplerCode.elf 
arm-none-eabi-objdump -h -S simplerCode.elf  > "simplerCode.list"
   text	   data	    bss	    dec	    hex	filename
 142876	    468	  85572	 228916	  37e34	simplerCode.elf
Finished building: default.size.stdout
 
Finished building: simplerCode.list
 
17:47:37 **** Incremental Build of configuration Debug for project simplerCode ****
make -j22 all 
arm-none-eabi-gcc "../Core/Src/main.c" -mcpu=cortex-m4 -std=gnu11 -g3 -DDEBUG -DARM_MATH_CM4 -DUSE_HAL_DRIVER -DSTM32G473xx -c -I../Core/Inc -I../Drivers/CMSIS/DSP/PrivateInclude -I../Drivers/STM32G4xx_HAL_Driver/Inc -I../Drivers/STM32G4xx_HAL_Driver/Inc/Legacy -I../Drivers/CMSIS/Device/ST/STM32G4xx/Include -I../Drivers/CMSIS/Include -I../Drivers/CMSIS/DSP/Include -O0 -ffunction-sections -fdata-sections -Wall -fstack-usage -fcyclomatic-complexity -MMD -MP -MF"Core/Src/main.d" -MT"Core/Src/main.o" --specs=nano.specs -mfpu=fpv4-sp-d16 -mfloat-abi=hard -mthumb -o "Core/Src/main.o"
../Core/Src/main.c:27: warning: "ARM_MATH_CM4" redefined
   27 | #define ARM_MATH_CM4
      | 
<command-line>: note: this is the location of the previous definition
../Core/Src/main.c: In function 'main':
../Core/Src/main.c:182:9: warning: unused variable 'phaseDifferenceResult' [-Wunused-variable]
  182 |   float phaseDifferenceResult;
      |         ^~~~~~~~~~~~~~~~~~~~~
../Core/Src/main.c:176:7: warning: unused variable 'maxAmplitudeIndexADC4' [-Wunused-variable]
  176 |   int maxAmplitudeIndexADC4 = -1;
      |       ^~~~~~~~~~~~~~~~~~~~~
../Core/Src/main.c:175:7: warning: unused variable 'maxAmplitudeADC4' [-Wunused-variable]
  175 |   int maxAmplitudeADC4 = 0;
      |       ^~~~~~~~~~~~~~~~
../Core/Src/main.c:173:7: warning: unused variable 'maxAmplitudeIndexADC3' [-Wunused-variable]
  173 |   int maxAmplitudeIndexADC3 = -1;
      |       ^~~~~~~~~~~~~~~~~~~~~
../Core/Src/main.c:172:7: warning: unused variable 'maxAmplitudeADC3' [-Wunused-variable]
  172 |   int maxAmplitudeADC3 = 0;
      |       ^~~~~~~~~~~~~~~~
../Core/Src/main.c:170:7: warning: unused variable 'maxAmplitudeIndexADC2' [-Wunused-variable]
  170 |   int maxAmplitudeIndexADC2 = -1;
      |       ^~~~~~~~~~~~~~~~~~~~~
../Core/Src/main.c:169:7: warning: unused variable 'maxAmplitudeADC2' [-Wunused-variable]
  169 |   int maxAmplitudeADC2 = 0;
      |       ^~~~~~~~~~~~~~~~
arm-none-eabi-gcc -o "simplerCode.elf" @"objects.list"  -larm_cortexM4lf_math -mcpu=cortex-m4 -T"C:\Users\peter\OneDrive\Documents\IEEEMTTSCode\PhasedArrayRadar_IEEE_MTTS\STM32_Code\tutorial\simplerCode\STM32G473QETX_FLASH.ld" --specs=nosys.specs -Wl,-Map="simplerCode.map" -Wl,--gc-sections -static -L../Drivers/CMSIS/Lib/GCC -u_printf_float --specs=nano.specs -mfpu=fpv4-sp-d16 -mfloat-abi=hard -mthumb -Wl,--start-group -lc -lm -Wl,--end-group
Finished building target: simplerCode.elf
 
arm-none-eabi-size  simplerCode.elf 
arm-none-eabi-objdump -h -S simplerCode.elf  > "simplerCode.list"
   text	   data	    bss	    dec	    hex	filename
 142836	    468	  85572	 228876	  37e0c	simplerCode.elf
Finished building: default.size.stdout
 
Finished building: simplerCode.list
 
17:48:46 **** Incremental Build of configuration Debug for project simplerCode ****
make -j22 all 
arm-none-eabi-gcc "../Core/Src/main.c" -mcpu=cortex-m4 -std=gnu11 -g3 -DDEBUG -DARM_MATH_CM4 -DUSE_HAL_DRIVER -DSTM32G473xx -c -I../Core/Inc -I../Drivers/CMSIS/DSP/PrivateInclude -I../Drivers/STM32G4xx_HAL_Driver/Inc -I../Drivers/STM32G4xx_HAL_Driver/Inc/Legacy -I../Drivers/CMSIS/Device/ST/STM32G4xx/Include -I../Drivers/CMSIS/Include -I../Drivers/CMSIS/DSP/Include -O0 -ffunction-sections -fdata-sections -Wall -fstack-usage -fcyclomatic-complexity -MMD -MP -MF"Core/Src/main.d" -MT"Core/Src/main.o" --specs=nano.specs -mfpu=fpv4-sp-d16 -mfloat-abi=hard -mthumb -o "Core/Src/main.o"
../Core/Src/main.c:27: warning: "ARM_MATH_CM4" redefined
   27 | #define ARM_MATH_CM4
      | 
<command-line>: note: this is the location of the previous definition
../Core/Src/main.c: In function 'main':
../Core/Src/main.c:182:9: warning: unused variable 'phaseDifferenceResult' [-Wunused-variable]
  182 |   float phaseDifferenceResult;
      |         ^~~~~~~~~~~~~~~~~~~~~
../Core/Src/main.c:176:7: warning: unused variable 'maxAmplitudeIndexADC4' [-Wunused-variable]
  176 |   int maxAmplitudeIndexADC4 = -1;
      |       ^~~~~~~~~~~~~~~~~~~~~
../Core/Src/main.c:175:7: warning: unused variable 'maxAmplitudeADC4' [-Wunused-variable]
  175 |   int maxAmplitudeADC4 = 0;
      |       ^~~~~~~~~~~~~~~~
../Core/Src/main.c:173:7: warning: unused variable 'maxAmplitudeIndexADC3' [-Wunused-variable]
  173 |   int maxAmplitudeIndexADC3 = -1;
      |       ^~~~~~~~~~~~~~~~~~~~~
../Core/Src/main.c:172:7: warning: unused variable 'maxAmplitudeADC3' [-Wunused-variable]
  172 |   int maxAmplitudeADC3 = 0;
      |       ^~~~~~~~~~~~~~~~
../Core/Src/main.c:170:7: warning: unused variable 'maxAmplitudeIndexADC2' [-Wunused-variable]
  170 |   int maxAmplitudeIndexADC2 = -1;
      |       ^~~~~~~~~~~~~~~~~~~~~
../Core/Src/main.c:169:7: warning: unused variable 'maxAmplitudeADC2' [-Wunused-variable]
  169 |   int maxAmplitudeADC2 = 0;
      |       ^~~~~~~~~~~~~~~~
arm-none-eabi-gcc -o "simplerCode.elf" @"objects.list"  -larm_cortexM4lf_math -mcpu=cortex-m4 -T"C:\Users\peter\OneDrive\Documents\IEEEMTTSCode\PhasedArrayRadar_IEEE_MTTS\STM32_Code\tutorial\simplerCode\STM32G473QETX_FLASH.ld" --specs=nosys.specs -Wl,-Map="simplerCode.map" -Wl,--gc-sections -static -L../Drivers/CMSIS/Lib/GCC -u_printf_float --specs=nano.specs -mfpu=fpv4-sp-d16 -mfloat-abi=hard -mthumb -Wl,--start-group -lc -lm -Wl,--end-group
Finished building target: simplerCode.elf
 
arm-none-eabi-size  simplerCode.elf 
arm-none-eabi-objdump -h -S simplerCode.elf  > "simplerCode.list"
   text	   data	    bss	    dec	    hex	filename
 141508	    468	  85572	 227548	  378dc	simplerCode.elf
Finished building: default.size.stdout
 
Finished building: simplerCode.list
 
17:49:13 **** Incremental Build of configuration Debug for project simplerCode ****
make -j22 all 
arm-none-eabi-size  simplerCode.elf 
   text	   data	    bss	    dec	    hex	filename
 141508	    468	  85572	 227548	  378dc	simplerCode.elf
Finished building: default.size.stdout
 
17:49:58 **** Incremental Build of configuration Debug for project simplerCode ****
make -j22 all 
arm-none-eabi-size  simplerCode.elf 
   text	   data	    bss	    dec	    hex	filename
 141508	    468	  85572	 227548	  378dc	simplerCode.elf
Finished building: default.size.stdout
 
17:50:37 **** Incremental Build of configuration Debug for project simplerCode ****
make -j22 all 
arm-none-eabi-size  simplerCode.elf 
   text	   data	    bss	    dec	    hex	filename
 141508	    468	  85572	 227548	  378dc	simplerCode.elf
Finished building: default.size.stdout
 
17:52:10 **** Incremental Build of configuration Debug for project simplerCode ****
make -j22 all 
arm-none-eabi-gcc "../Core/Src/main.c" -mcpu=cortex-m4 -std=gnu11 -g3 -DDEBUG -DARM_MATH_CM4 -DUSE_HAL_DRIVER -DSTM32G473xx -c -I../Core/Inc -I../Drivers/CMSIS/DSP/PrivateInclude -I../Drivers/STM32G4xx_HAL_Driver/Inc -I../Drivers/STM32G4xx_HAL_Driver/Inc/Legacy -I../Drivers/CMSIS/Device/ST/STM32G4xx/Include -I../Drivers/CMSIS/Include -I../Drivers/CMSIS/DSP/Include -O0 -ffunction-sections -fdata-sections -Wall -fstack-usage -fcyclomatic-complexity -MMD -MP -MF"Core/Src/main.d" -MT"Core/Src/main.o" --specs=nano.specs -mfpu=fpv4-sp-d16 -mfloat-abi=hard -mthumb -o "Core/Src/main.o"
../Core/Src/main.c:27: warning: "ARM_MATH_CM4" redefined
   27 | #define ARM_MATH_CM4
      | 
<command-line>: note: this is the location of the previous definition
../Core/Src/main.c: In function 'main':
../Core/Src/main.c:182:9: warning: unused variable 'phaseDifferenceResult' [-Wunused-variable]
  182 |   float phaseDifferenceResult;
      |         ^~~~~~~~~~~~~~~~~~~~~
../Core/Src/main.c:176:7: warning: unused variable 'maxAmplitudeIndexADC4' [-Wunused-variable]
  176 |   int maxAmplitudeIndexADC4 = -1;
      |       ^~~~~~~~~~~~~~~~~~~~~
../Core/Src/main.c:175:7: warning: unused variable 'maxAmplitudeADC4' [-Wunused-variable]
  175 |   int maxAmplitudeADC4 = 0;
      |       ^~~~~~~~~~~~~~~~
../Core/Src/main.c:173:7: warning: unused variable 'maxAmplitudeIndexADC3' [-Wunused-variable]
  173 |   int maxAmplitudeIndexADC3 = -1;
      |       ^~~~~~~~~~~~~~~~~~~~~
../Core/Src/main.c:172:7: warning: unused variable 'maxAmplitudeADC3' [-Wunused-variable]
  172 |   int maxAmplitudeADC3 = 0;
      |       ^~~~~~~~~~~~~~~~
../Core/Src/main.c:170:7: warning: unused variable 'maxAmplitudeIndexADC2' [-Wunused-variable]
  170 |   int maxAmplitudeIndexADC2 = -1;
      |       ^~~~~~~~~~~~~~~~~~~~~
../Core/Src/main.c:169:7: warning: unused variable 'maxAmplitudeADC2' [-Wunused-variable]
  169 |   int maxAmplitudeADC2 = 0;
      |       ^~~~~~~~~~~~~~~~
arm-none-eabi-gcc -o "simplerCode.elf" @"objects.list"  -larm_cortexM4lf_math -mcpu=cortex-m4 -T"C:\Users\peter\OneDrive\Documents\IEEEMTTSCode\PhasedArrayRadar_IEEE_MTTS\STM32_Code\tutorial\simplerCode\STM32G473QETX_FLASH.ld" --specs=nosys.specs -Wl,-Map="simplerCode.map" -Wl,--gc-sections -static -L../Drivers/CMSIS/Lib/GCC -u_printf_float --specs=nano.specs -mfpu=fpv4-sp-d16 -mfloat-abi=hard -mthumb -Wl,--start-group -lc -lm -Wl,--end-group
Finished building target: simplerCode.elf
 
arm-none-eabi-size  simplerCode.elf 
arm-none-eabi-objdump -h -S simplerCode.elf  > "simplerCode.list"
   text	   data	    bss	    dec	    hex	filename
 141228	    468	  85572	 227268	  377c4	simplerCode.elf
Finished building: default.size.stdout
 
Finished building: simplerCode.list
 
17:56:16 **** Incremental Build of configuration Debug for project simplerCode ****
make -j22 all 
arm-none-eabi-gcc "../Core/Src/main.c" -mcpu=cortex-m4 -std=gnu11 -g3 -DDEBUG -DARM_MATH_CM4 -DUSE_HAL_DRIVER -DSTM32G473xx -c -I../Core/Inc -I../Drivers/CMSIS/DSP/PrivateInclude -I../Drivers/STM32G4xx_HAL_Driver/Inc -I../Drivers/STM32G4xx_HAL_Driver/Inc/Legacy -I../Drivers/CMSIS/Device/ST/STM32G4xx/Include -I../Drivers/CMSIS/Include -I../Drivers/CMSIS/DSP/Include -O0 -ffunction-sections -fdata-sections -Wall -fstack-usage -fcyclomatic-complexity -MMD -MP -MF"Core/Src/main.d" -MT"Core/Src/main.o" --specs=nano.specs -mfpu=fpv4-sp-d16 -mfloat-abi=hard -mthumb -o "Core/Src/main.o"
../Core/Src/main.c:27: warning: "ARM_MATH_CM4" redefined
   27 | #define ARM_MATH_CM4
      | 
<command-line>: note: this is the location of the previous definition
../Core/Src/main.c: In function 'main':
../Core/Src/main.c:182:9: warning: unused variable 'phaseDifferenceResult' [-Wunused-variable]
  182 |   float phaseDifferenceResult;
      |         ^~~~~~~~~~~~~~~~~~~~~
../Core/Src/main.c:176:7: warning: unused variable 'maxAmplitudeIndexADC4' [-Wunused-variable]
  176 |   int maxAmplitudeIndexADC4 = -1;
      |       ^~~~~~~~~~~~~~~~~~~~~
../Core/Src/main.c:175:7: warning: unused variable 'maxAmplitudeADC4' [-Wunused-variable]
  175 |   int maxAmplitudeADC4 = 0;
      |       ^~~~~~~~~~~~~~~~
../Core/Src/main.c:173:7: warning: unused variable 'maxAmplitudeIndexADC3' [-Wunused-variable]
  173 |   int maxAmplitudeIndexADC3 = -1;
      |       ^~~~~~~~~~~~~~~~~~~~~
../Core/Src/main.c:172:7: warning: unused variable 'maxAmplitudeADC3' [-Wunused-variable]
  172 |   int maxAmplitudeADC3 = 0;
      |       ^~~~~~~~~~~~~~~~
../Core/Src/main.c:170:7: warning: unused variable 'maxAmplitudeIndexADC2' [-Wunused-variable]
  170 |   int maxAmplitudeIndexADC2 = -1;
      |       ^~~~~~~~~~~~~~~~~~~~~
../Core/Src/main.c:169:7: warning: unused variable 'maxAmplitudeADC2' [-Wunused-variable]
  169 |   int maxAmplitudeADC2 = 0;
      |       ^~~~~~~~~~~~~~~~
arm-none-eabi-gcc -o "simplerCode.elf" @"objects.list"  -larm_cortexM4lf_math -mcpu=cortex-m4 -T"C:\Users\peter\OneDrive\Documents\IEEEMTTSCode\PhasedArrayRadar_IEEE_MTTS\STM32_Code\tutorial\simplerCode\STM32G473QETX_FLASH.ld" --specs=nosys.specs -Wl,-Map="simplerCode.map" -Wl,--gc-sections -static -L../Drivers/CMSIS/Lib/GCC -u_printf_float --specs=nano.specs -mfpu=fpv4-sp-d16 -mfloat-abi=hard -mthumb -Wl,--start-group -lc -lm -Wl,--end-group
Finished building target: simplerCode.elf
 
arm-none-eabi-size  simplerCode.elf 
arm-none-eabi-objdump -h -S simplerCode.elf  > "simplerCode.list"
   text	   data	    bss	    dec	    hex	filename
 141492	    468	  85572	 227532	  378cc	simplerCode.elf
Finished building: default.size.stdout
 
Finished building: simplerCode.list
 
17:57:45 **** Incremental Build of configuration Debug for project simplerCode ****
make -j22 all 
arm-none-eabi-gcc "../Core/Src/main.c" -mcpu=cortex-m4 -std=gnu11 -g3 -DDEBUG -DARM_MATH_CM4 -DUSE_HAL_DRIVER -DSTM32G473xx -c -I../Core/Inc -I../Drivers/CMSIS/DSP/PrivateInclude -I../Drivers/STM32G4xx_HAL_Driver/Inc -I../Drivers/STM32G4xx_HAL_Driver/Inc/Legacy -I../Drivers/CMSIS/Device/ST/STM32G4xx/Include -I../Drivers/CMSIS/Include -I../Drivers/CMSIS/DSP/Include -O0 -ffunction-sections -fdata-sections -Wall -fstack-usage -fcyclomatic-complexity -MMD -MP -MF"Core/Src/main.d" -MT"Core/Src/main.o" --specs=nano.specs -mfpu=fpv4-sp-d16 -mfloat-abi=hard -mthumb -o "Core/Src/main.o"
../Core/Src/main.c:27: warning: "ARM_MATH_CM4" redefined
   27 | #define ARM_MATH_CM4
      | 
<command-line>: note: this is the location of the previous definition
../Core/Src/main.c: In function 'main':
../Core/Src/main.c:182:9: warning: unused variable 'phaseDifferenceResult' [-Wunused-variable]
  182 |   float phaseDifferenceResult;
      |         ^~~~~~~~~~~~~~~~~~~~~
../Core/Src/main.c:176:7: warning: unused variable 'maxAmplitudeIndexADC4' [-Wunused-variable]
  176 |   int maxAmplitudeIndexADC4 = -1;
      |       ^~~~~~~~~~~~~~~~~~~~~
../Core/Src/main.c:175:7: warning: unused variable 'maxAmplitudeADC4' [-Wunused-variable]
  175 |   int maxAmplitudeADC4 = 0;
      |       ^~~~~~~~~~~~~~~~
../Core/Src/main.c:173:7: warning: unused variable 'maxAmplitudeIndexADC3' [-Wunused-variable]
  173 |   int maxAmplitudeIndexADC3 = -1;
      |       ^~~~~~~~~~~~~~~~~~~~~
../Core/Src/main.c:172:7: warning: unused variable 'maxAmplitudeADC3' [-Wunused-variable]
  172 |   int maxAmplitudeADC3 = 0;
      |       ^~~~~~~~~~~~~~~~
../Core/Src/main.c:170:7: warning: unused variable 'maxAmplitudeIndexADC2' [-Wunused-variable]
  170 |   int maxAmplitudeIndexADC2 = -1;
      |       ^~~~~~~~~~~~~~~~~~~~~
../Core/Src/main.c:169:7: warning: unused variable 'maxAmplitudeADC2' [-Wunused-variable]
  169 |   int maxAmplitudeADC2 = 0;
      |       ^~~~~~~~~~~~~~~~
arm-none-eabi-gcc -o "simplerCode.elf" @"objects.list"  -larm_cortexM4lf_math -mcpu=cortex-m4 -T"C:\Users\peter\OneDrive\Documents\IEEEMTTSCode\PhasedArrayRadar_IEEE_MTTS\STM32_Code\tutorial\simplerCode\STM32G473QETX_FLASH.ld" --specs=nosys.specs -Wl,-Map="simplerCode.map" -Wl,--gc-sections -static -L../Drivers/CMSIS/Lib/GCC -u_printf_float --specs=nano.specs -mfpu=fpv4-sp-d16 -mfloat-abi=hard -mthumb -Wl,--start-group -lc -lm -Wl,--end-group
Finished building target: simplerCode.elf
 
arm-none-eabi-size  simplerCode.elf 
arm-none-eabi-objdump -h -S simplerCode.elf  > "simplerCode.list"
   text	   data	    bss	    dec	    hex	filename
 141500	    468	  85572	 227540	  378d4	simplerCode.elf
Finished building: default.size.stdout
 
Finished building: simplerCode.list
 
18:00:17 **** Incremental Build of configuration Debug for project simplerCode ****
make -j22 all 
arm-none-eabi-gcc "../Core/Src/main.c" -mcpu=cortex-m4 -std=gnu11 -g3 -DDEBUG -DARM_MATH_CM4 -DUSE_HAL_DRIVER -DSTM32G473xx -c -I../Core/Inc -I../Drivers/CMSIS/DSP/PrivateInclude -I../Drivers/STM32G4xx_HAL_Driver/Inc -I../Drivers/STM32G4xx_HAL_Driver/Inc/Legacy -I../Drivers/CMSIS/Device/ST/STM32G4xx/Include -I../Drivers/CMSIS/Include -I../Drivers/CMSIS/DSP/Include -O0 -ffunction-sections -fdata-sections -Wall -fstack-usage -fcyclomatic-complexity -MMD -MP -MF"Core/Src/main.d" -MT"Core/Src/main.o" --specs=nano.specs -mfpu=fpv4-sp-d16 -mfloat-abi=hard -mthumb -o "Core/Src/main.o"
../Core/Src/main.c:27: warning: "ARM_MATH_CM4" redefined
   27 | #define ARM_MATH_CM4
      | 
<command-line>: note: this is the location of the previous definition
../Core/Src/main.c: In function 'main':
../Core/Src/main.c:182:9: warning: unused variable 'phaseDifferenceResult' [-Wunused-variable]
  182 |   float phaseDifferenceResult;
      |         ^~~~~~~~~~~~~~~~~~~~~
../Core/Src/main.c:176:7: warning: unused variable 'maxAmplitudeIndexADC4' [-Wunused-variable]
  176 |   int maxAmplitudeIndexADC4 = -1;
      |       ^~~~~~~~~~~~~~~~~~~~~
../Core/Src/main.c:175:7: warning: unused variable 'maxAmplitudeADC4' [-Wunused-variable]
  175 |   int maxAmplitudeADC4 = 0;
      |       ^~~~~~~~~~~~~~~~
../Core/Src/main.c:173:7: warning: unused variable 'maxAmplitudeIndexADC3' [-Wunused-variable]
  173 |   int maxAmplitudeIndexADC3 = -1;
      |       ^~~~~~~~~~~~~~~~~~~~~
../Core/Src/main.c:172:7: warning: unused variable 'maxAmplitudeADC3' [-Wunused-variable]
  172 |   int maxAmplitudeADC3 = 0;
      |       ^~~~~~~~~~~~~~~~
../Core/Src/main.c:170:7: warning: unused variable 'maxAmplitudeIndexADC2' [-Wunused-variable]
  170 |   int maxAmplitudeIndexADC2 = -1;
      |       ^~~~~~~~~~~~~~~~~~~~~
../Core/Src/main.c:169:7: warning: unused variable 'maxAmplitudeADC2' [-Wunused-variable]
  169 |   int maxAmplitudeADC2 = 0;
      |       ^~~~~~~~~~~~~~~~
arm-none-eabi-gcc -o "simplerCode.elf" @"objects.list"  -larm_cortexM4lf_math -mcpu=cortex-m4 -T"C:\Users\peter\OneDrive\Documents\IEEEMTTSCode\PhasedArrayRadar_IEEE_MTTS\STM32_Code\tutorial\simplerCode\STM32G473QETX_FLASH.ld" --specs=nosys.specs -Wl,-Map="simplerCode.map" -Wl,--gc-sections -static -L../Drivers/CMSIS/Lib/GCC -u_printf_float --specs=nano.specs -mfpu=fpv4-sp-d16 -mfloat-abi=hard -mthumb -Wl,--start-group -lc -lm -Wl,--end-group
Finished building target: simplerCode.elf
 
arm-none-eabi-size  simplerCode.elf 
arm-none-eabi-objdump -h -S simplerCode.elf  > "simplerCode.list"
   text	   data	    bss	    dec	    hex	filename
 141516	    468	  85572	 227556	  378e4	simplerCode.elf
Finished building: default.size.stdout
 
Finished building: simplerCode.list
 
18:01:42 **** Incremental Build of configuration Debug for project simplerCode ****
make -j22 all 
arm-none-eabi-gcc "../Core/Src/main.c" -mcpu=cortex-m4 -std=gnu11 -g3 -DDEBUG -DARM_MATH_CM4 -DUSE_HAL_DRIVER -DSTM32G473xx -c -I../Core/Inc -I../Drivers/CMSIS/DSP/PrivateInclude -I../Drivers/STM32G4xx_HAL_Driver/Inc -I../Drivers/STM32G4xx_HAL_Driver/Inc/Legacy -I../Drivers/CMSIS/Device/ST/STM32G4xx/Include -I../Drivers/CMSIS/Include -I../Drivers/CMSIS/DSP/Include -O0 -ffunction-sections -fdata-sections -Wall -fstack-usage -fcyclomatic-complexity -MMD -MP -MF"Core/Src/main.d" -MT"Core/Src/main.o" --specs=nano.specs -mfpu=fpv4-sp-d16 -mfloat-abi=hard -mthumb -o "Core/Src/main.o"
../Core/Src/main.c:27: warning: "ARM_MATH_CM4" redefined
   27 | #define ARM_MATH_CM4
      | 
<command-line>: note: this is the location of the previous definition
../Core/Src/main.c: In function 'main':
../Core/Src/main.c:182:9: warning: unused variable 'phaseDifferenceResult' [-Wunused-variable]
  182 |   float phaseDifferenceResult;
      |         ^~~~~~~~~~~~~~~~~~~~~
../Core/Src/main.c:176:7: warning: unused variable 'maxAmplitudeIndexADC4' [-Wunused-variable]
  176 |   int maxAmplitudeIndexADC4 = -1;
      |       ^~~~~~~~~~~~~~~~~~~~~
../Core/Src/main.c:175:7: warning: unused variable 'maxAmplitudeADC4' [-Wunused-variable]
  175 |   int maxAmplitudeADC4 = 0;
      |       ^~~~~~~~~~~~~~~~
../Core/Src/main.c:173:7: warning: unused variable 'maxAmplitudeIndexADC3' [-Wunused-variable]
  173 |   int maxAmplitudeIndexADC3 = -1;
      |       ^~~~~~~~~~~~~~~~~~~~~
../Core/Src/main.c:172:7: warning: unused variable 'maxAmplitudeADC3' [-Wunused-variable]
  172 |   int maxAmplitudeADC3 = 0;
      |       ^~~~~~~~~~~~~~~~
../Core/Src/main.c:170:7: warning: unused variable 'maxAmplitudeIndexADC2' [-Wunused-variable]
  170 |   int maxAmplitudeIndexADC2 = -1;
      |       ^~~~~~~~~~~~~~~~~~~~~
../Core/Src/main.c:169:7: warning: unused variable 'maxAmplitudeADC2' [-Wunused-variable]
  169 |   int maxAmplitudeADC2 = 0;
      |       ^~~~~~~~~~~~~~~~
arm-none-eabi-gcc -o "simplerCode.elf" @"objects.list"  -larm_cortexM4lf_math -mcpu=cortex-m4 -T"C:\Users\peter\OneDrive\Documents\IEEEMTTSCode\PhasedArrayRadar_IEEE_MTTS\STM32_Code\tutorial\simplerCode\STM32G473QETX_FLASH.ld" --specs=nosys.specs -Wl,-Map="simplerCode.map" -Wl,--gc-sections -static -L../Drivers/CMSIS/Lib/GCC -u_printf_float --specs=nano.specs -mfpu=fpv4-sp-d16 -mfloat-abi=hard -mthumb -Wl,--start-group -lc -lm -Wl,--end-group
Finished building target: simplerCode.elf
 
arm-none-eabi-size  simplerCode.elf 
arm-none-eabi-objdump -h -S simplerCode.elf  > "simplerCode.list"
   text	   data	    bss	    dec	    hex	filename
 141612	    468	  85572	 227652	  37944	simplerCode.elf
Finished building: default.size.stdout
 
Finished building: simplerCode.list
 
18:04:47 **** Incremental Build of configuration Debug for project simplerCode ****
make -j22 all 
arm-none-eabi-gcc "../Core/Src/main.c" -mcpu=cortex-m4 -std=gnu11 -g3 -DDEBUG -DARM_MATH_CM4 -DUSE_HAL_DRIVER -DSTM32G473xx -c -I../Core/Inc -I../Drivers/CMSIS/DSP/PrivateInclude -I../Drivers/STM32G4xx_HAL_Driver/Inc -I../Drivers/STM32G4xx_HAL_Driver/Inc/Legacy -I../Drivers/CMSIS/Device/ST/STM32G4xx/Include -I../Drivers/CMSIS/Include -I../Drivers/CMSIS/DSP/Include -O0 -ffunction-sections -fdata-sections -Wall -fstack-usage -fcyclomatic-complexity -MMD -MP -MF"Core/Src/main.d" -MT"Core/Src/main.o" --specs=nano.specs -mfpu=fpv4-sp-d16 -mfloat-abi=hard -mthumb -o "Core/Src/main.o"
../Core/Src/main.c:27: warning: "ARM_MATH_CM4" redefined
   27 | #define ARM_MATH_CM4
      | 
<command-line>: note: this is the location of the previous definition
../Core/Src/main.c: In function 'main':
../Core/Src/main.c:182:9: warning: unused variable 'phaseDifferenceResult' [-Wunused-variable]
  182 |   float phaseDifferenceResult;
      |         ^~~~~~~~~~~~~~~~~~~~~
../Core/Src/main.c:176:7: warning: unused variable 'maxAmplitudeIndexADC4' [-Wunused-variable]
  176 |   int maxAmplitudeIndexADC4 = -1;
      |       ^~~~~~~~~~~~~~~~~~~~~
../Core/Src/main.c:175:7: warning: unused variable 'maxAmplitudeADC4' [-Wunused-variable]
  175 |   int maxAmplitudeADC4 = 0;
      |       ^~~~~~~~~~~~~~~~
../Core/Src/main.c:173:7: warning: unused variable 'maxAmplitudeIndexADC3' [-Wunused-variable]
  173 |   int maxAmplitudeIndexADC3 = -1;
      |       ^~~~~~~~~~~~~~~~~~~~~
../Core/Src/main.c:172:7: warning: unused variable 'maxAmplitudeADC3' [-Wunused-variable]
  172 |   int maxAmplitudeADC3 = 0;
      |       ^~~~~~~~~~~~~~~~
../Core/Src/main.c:170:7: warning: unused variable 'maxAmplitudeIndexADC2' [-Wunused-variable]
  170 |   int maxAmplitudeIndexADC2 = -1;
      |       ^~~~~~~~~~~~~~~~~~~~~
../Core/Src/main.c:169:7: warning: unused variable 'maxAmplitudeADC2' [-Wunused-variable]
  169 |   int maxAmplitudeADC2 = 0;
      |       ^~~~~~~~~~~~~~~~
arm-none-eabi-gcc -o "simplerCode.elf" @"objects.list"  -larm_cortexM4lf_math -mcpu=cortex-m4 -T"C:\Users\peter\OneDrive\Documents\IEEEMTTSCode\PhasedArrayRadar_IEEE_MTTS\STM32_Code\tutorial\simplerCode\STM32G473QETX_FLASH.ld" --specs=nosys.specs -Wl,-Map="simplerCode.map" -Wl,--gc-sections -static -L../Drivers/CMSIS/Lib/GCC -u_printf_float --specs=nano.specs -mfpu=fpv4-sp-d16 -mfloat-abi=hard -mthumb -Wl,--start-group -lc -lm -Wl,--end-group
Finished building target: simplerCode.elf
 
arm-none-eabi-size  simplerCode.elf 
arm-none-eabi-objdump -h -S simplerCode.elf  > "simplerCode.list"
   text	   data	    bss	    dec	    hex	filename
 142964	    468	  85572	 229004	  37e8c	simplerCode.elf
Finished building: default.size.stdout
 
Finished building: simplerCode.list
 
18:58:42 **** Incremental Build of configuration Debug for project simplerCode ****
make -j22 all 
arm-none-eabi-gcc "../Core/Src/main.c" -mcpu=cortex-m4 -std=gnu11 -g3 -DDEBUG -DARM_MATH_CM4 -DUSE_HAL_DRIVER -DSTM32G473xx -c -I../Core/Inc -I../Drivers/CMSIS/DSP/PrivateInclude -I../Drivers/STM32G4xx_HAL_Driver/Inc -I../Drivers/STM32G4xx_HAL_Driver/Inc/Legacy -I../Drivers/CMSIS/Device/ST/STM32G4xx/Include -I../Drivers/CMSIS/Include -I../Drivers/CMSIS/DSP/Include -O0 -ffunction-sections -fdata-sections -Wall -fstack-usage -fcyclomatic-complexity -MMD -MP -MF"Core/Src/main.d" -MT"Core/Src/main.o" --specs=nano.specs -mfpu=fpv4-sp-d16 -mfloat-abi=hard -mthumb -o "Core/Src/main.o"
../Core/Src/main.c:27: warning: "ARM_MATH_CM4" redefined
   27 | #define ARM_MATH_CM4
      | 
<command-line>: note: this is the location of the previous definition
../Core/Src/main.c: In function 'main':
../Core/Src/main.c:182:9: warning: unused variable 'phaseDifferenceResult' [-Wunused-variable]
  182 |   float phaseDifferenceResult;
      |         ^~~~~~~~~~~~~~~~~~~~~
../Core/Src/main.c:176:7: warning: unused variable 'maxAmplitudeIndexADC4' [-Wunused-variable]
  176 |   int maxAmplitudeIndexADC4 = -1;
      |       ^~~~~~~~~~~~~~~~~~~~~
../Core/Src/main.c:175:7: warning: unused variable 'maxAmplitudeADC4' [-Wunused-variable]
  175 |   int maxAmplitudeADC4 = 0;
      |       ^~~~~~~~~~~~~~~~
../Core/Src/main.c:173:7: warning: unused variable 'maxAmplitudeIndexADC3' [-Wunused-variable]
  173 |   int maxAmplitudeIndexADC3 = -1;
      |       ^~~~~~~~~~~~~~~~~~~~~
../Core/Src/main.c:172:7: warning: unused variable 'maxAmplitudeADC3' [-Wunused-variable]
  172 |   int maxAmplitudeADC3 = 0;
      |       ^~~~~~~~~~~~~~~~
../Core/Src/main.c:170:7: warning: unused variable 'maxAmplitudeIndexADC2' [-Wunused-variable]
  170 |   int maxAmplitudeIndexADC2 = -1;
      |       ^~~~~~~~~~~~~~~~~~~~~
../Core/Src/main.c:169:7: warning: unused variable 'maxAmplitudeADC2' [-Wunused-variable]
  169 |   int maxAmplitudeADC2 = 0;
      |       ^~~~~~~~~~~~~~~~
arm-none-eabi-gcc -o "simplerCode.elf" @"objects.list"  -larm_cortexM4lf_math -mcpu=cortex-m4 -T"C:\Users\peter\OneDrive\Documents\IEEEMTTSCode\PhasedArrayRadar_IEEE_MTTS\STM32_Code\tutorial\simplerCode\STM32G473QETX_FLASH.ld" --specs=nosys.specs -Wl,-Map="simplerCode.map" -Wl,--gc-sections -static -L../Drivers/CMSIS/Lib/GCC -u_printf_float --specs=nano.specs -mfpu=fpv4-sp-d16 -mfloat-abi=hard -mthumb -Wl,--start-group -lc -lm -Wl,--end-group
Finished building target: simplerCode.elf
 
arm-none-eabi-size  simplerCode.elf 
arm-none-eabi-objdump -h -S simplerCode.elf  > "simplerCode.list"
   text	   data	    bss	    dec	    hex	filename
 141612	    468	  85572	 227652	  37944	simplerCode.elf
Finished building: default.size.stdout
 
Finished building: simplerCode.list
 
18:59:22 **** Incremental Build of configuration Debug for project simplerCode ****
make -j22 all 
arm-none-eabi-size  simplerCode.elf 
   text	   data	    bss	    dec	    hex	filename
 141612	    468	  85572	 227652	  37944	simplerCode.elf
Finished building: default.size.stdout
 
19:04:48 **** Incremental Build of configuration Debug for project simplerCode ****
make -j22 all 
arm-none-eabi-gcc "../Core/Src/main.c" -mcpu=cortex-m4 -std=gnu11 -g3 -DDEBUG -DARM_MATH_CM4 -DUSE_HAL_DRIVER -DSTM32G473xx -c -I../Core/Inc -I../Drivers/CMSIS/DSP/PrivateInclude -I../Drivers/STM32G4xx_HAL_Driver/Inc -I../Drivers/STM32G4xx_HAL_Driver/Inc/Legacy -I../Drivers/CMSIS/Device/ST/STM32G4xx/Include -I../Drivers/CMSIS/Include -I../Drivers/CMSIS/DSP/Include -O0 -ffunction-sections -fdata-sections -Wall -fstack-usage -fcyclomatic-complexity -MMD -MP -MF"Core/Src/main.d" -MT"Core/Src/main.o" --specs=nano.specs -mfpu=fpv4-sp-d16 -mfloat-abi=hard -mthumb -o "Core/Src/main.o"
../Core/Src/main.c:27: warning: "ARM_MATH_CM4" redefined
   27 | #define ARM_MATH_CM4
      | 
<command-line>: note: this is the location of the previous definition
../Core/Src/main.c: In function 'main':
../Core/Src/main.c:182:9: warning: unused variable 'phaseDifferenceResult' [-Wunused-variable]
  182 |   float phaseDifferenceResult;
      |         ^~~~~~~~~~~~~~~~~~~~~
../Core/Src/main.c:176:7: warning: unused variable 'maxAmplitudeIndexADC4' [-Wunused-variable]
  176 |   int maxAmplitudeIndexADC4 = -1;
      |       ^~~~~~~~~~~~~~~~~~~~~
../Core/Src/main.c:175:7: warning: unused variable 'maxAmplitudeADC4' [-Wunused-variable]
  175 |   int maxAmplitudeADC4 = 0;
      |       ^~~~~~~~~~~~~~~~
../Core/Src/main.c:173:7: warning: unused variable 'maxAmplitudeIndexADC3' [-Wunused-variable]
  173 |   int maxAmplitudeIndexADC3 = -1;
      |       ^~~~~~~~~~~~~~~~~~~~~
../Core/Src/main.c:172:7: warning: unused variable 'maxAmplitudeADC3' [-Wunused-variable]
  172 |   int maxAmplitudeADC3 = 0;
      |       ^~~~~~~~~~~~~~~~
../Core/Src/main.c:170:7: warning: unused variable 'maxAmplitudeIndexADC2' [-Wunused-variable]
  170 |   int maxAmplitudeIndexADC2 = -1;
      |       ^~~~~~~~~~~~~~~~~~~~~
../Core/Src/main.c:169:7: warning: unused variable 'maxAmplitudeADC2' [-Wunused-variable]
  169 |   int maxAmplitudeADC2 = 0;
      |       ^~~~~~~~~~~~~~~~
arm-none-eabi-gcc -o "simplerCode.elf" @"objects.list"  -larm_cortexM4lf_math -mcpu=cortex-m4 -T"C:\Users\peter\OneDrive\Documents\IEEEMTTSCode\PhasedArrayRadar_IEEE_MTTS\STM32_Code\tutorial\simplerCode\STM32G473QETX_FLASH.ld" --specs=nosys.specs -Wl,-Map="simplerCode.map" -Wl,--gc-sections -static -L../Drivers/CMSIS/Lib/GCC -u_printf_float --specs=nano.specs -mfpu=fpv4-sp-d16 -mfloat-abi=hard -mthumb -Wl,--start-group -lc -lm -Wl,--end-group
Finished building target: simplerCode.elf
 
arm-none-eabi-size  simplerCode.elf 
arm-none-eabi-objdump -h -S simplerCode.elf  > "simplerCode.list"
   text	   data	    bss	    dec	    hex	filename
 141612	    468	  85572	 227652	  37944	simplerCode.elf
Finished building: default.size.stdout
 
Finished building: simplerCode.list
 
19:05:30 **** Incremental Build of configuration Debug for project simplerCode ****
make -j22 all 
arm-none-eabi-size  simplerCode.elf 
   text	   data	    bss	    dec	    hex	filename
 141612	    468	  85572	 227652	  37944	simplerCode.elf
Finished building: default.size.stdout
 
19:06:17 **** Incremental Build of configuration Debug for project simplerCode ****
make -j22 all 
arm-none-eabi-gcc "../Core/Src/main.c" -mcpu=cortex-m4 -std=gnu11 -g3 -DDEBUG -DARM_MATH_CM4 -DUSE_HAL_DRIVER -DSTM32G473xx -c -I../Core/Inc -I../Drivers/CMSIS/DSP/PrivateInclude -I../Drivers/STM32G4xx_HAL_Driver/Inc -I../Drivers/STM32G4xx_HAL_Driver/Inc/Legacy -I../Drivers/CMSIS/Device/ST/STM32G4xx/Include -I../Drivers/CMSIS/Include -I../Drivers/CMSIS/DSP/Include -O0 -ffunction-sections -fdata-sections -Wall -fstack-usage -fcyclomatic-complexity -MMD -MP -MF"Core/Src/main.d" -MT"Core/Src/main.o" --specs=nano.specs -mfpu=fpv4-sp-d16 -mfloat-abi=hard -mthumb -o "Core/Src/main.o"
../Core/Src/main.c:27: warning: "ARM_MATH_CM4" redefined
   27 | #define ARM_MATH_CM4
      | 
<command-line>: note: this is the location of the previous definition
../Core/Src/main.c: In function 'main':
../Core/Src/main.c:182:9: warning: unused variable 'phaseDifferenceResult' [-Wunused-variable]
  182 |   float phaseDifferenceResult;
      |         ^~~~~~~~~~~~~~~~~~~~~
../Core/Src/main.c:176:7: warning: unused variable 'maxAmplitudeIndexADC4' [-Wunused-variable]
  176 |   int maxAmplitudeIndexADC4 = -1;
      |       ^~~~~~~~~~~~~~~~~~~~~
../Core/Src/main.c:175:7: warning: unused variable 'maxAmplitudeADC4' [-Wunused-variable]
  175 |   int maxAmplitudeADC4 = 0;
      |       ^~~~~~~~~~~~~~~~
../Core/Src/main.c:173:7: warning: unused variable 'maxAmplitudeIndexADC3' [-Wunused-variable]
  173 |   int maxAmplitudeIndexADC3 = -1;
      |       ^~~~~~~~~~~~~~~~~~~~~
../Core/Src/main.c:172:7: warning: unused variable 'maxAmplitudeADC3' [-Wunused-variable]
  172 |   int maxAmplitudeADC3 = 0;
      |       ^~~~~~~~~~~~~~~~
../Core/Src/main.c:170:7: warning: unused variable 'maxAmplitudeIndexADC2' [-Wunused-variable]
  170 |   int maxAmplitudeIndexADC2 = -1;
      |       ^~~~~~~~~~~~~~~~~~~~~
../Core/Src/main.c:169:7: warning: unused variable 'maxAmplitudeADC2' [-Wunused-variable]
  169 |   int maxAmplitudeADC2 = 0;
      |       ^~~~~~~~~~~~~~~~
arm-none-eabi-gcc -o "simplerCode.elf" @"objects.list"  -larm_cortexM4lf_math -mcpu=cortex-m4 -T"C:\Users\peter\OneDrive\Documents\IEEEMTTSCode\PhasedArrayRadar_IEEE_MTTS\STM32_Code\tutorial\simplerCode\STM32G473QETX_FLASH.ld" --specs=nosys.specs -Wl,-Map="simplerCode.map" -Wl,--gc-sections -static -L../Drivers/CMSIS/Lib/GCC -u_printf_float --specs=nano.specs -mfpu=fpv4-sp-d16 -mfloat-abi=hard -mthumb -Wl,--start-group -lc -lm -Wl,--end-group
Finished building target: simplerCode.elf
 
arm-none-eabi-size  simplerCode.elf 
arm-none-eabi-objdump -h -S simplerCode.elf  > "simplerCode.list"
   text	   data	    bss	    dec	    hex	filename
 142964	    468	  85572	 229004	  37e8c	simplerCode.elf
Finished building: default.size.stdout
 
Finished building: simplerCode.list
 
19:07:54 **** Incremental Build of configuration Debug for project simplerCode ****
make -j22 all 
arm-none-eabi-gcc "../Core/Src/main.c" -mcpu=cortex-m4 -std=gnu11 -g3 -DDEBUG -DARM_MATH_CM4 -DUSE_HAL_DRIVER -DSTM32G473xx -c -I../Core/Inc -I../Drivers/CMSIS/DSP/PrivateInclude -I../Drivers/STM32G4xx_HAL_Driver/Inc -I../Drivers/STM32G4xx_HAL_Driver/Inc/Legacy -I../Drivers/CMSIS/Device/ST/STM32G4xx/Include -I../Drivers/CMSIS/Include -I../Drivers/CMSIS/DSP/Include -O0 -ffunction-sections -fdata-sections -Wall -fstack-usage -fcyclomatic-complexity -MMD -MP -MF"Core/Src/main.d" -MT"Core/Src/main.o" --specs=nano.specs -mfpu=fpv4-sp-d16 -mfloat-abi=hard -mthumb -o "Core/Src/main.o"
arm-none-eabi-gcc "../Core/Src/stm32g4xx_hal_msp.c" -mcpu=cortex-m4 -std=gnu11 -g3 -DDEBUG -DARM_MATH_CM4 -DUSE_HAL_DRIVER -DSTM32G473xx -c -I../Core/Inc -I../Drivers/CMSIS/DSP/PrivateInclude -I../Drivers/STM32G4xx_HAL_Driver/Inc -I../Drivers/STM32G4xx_HAL_Driver/Inc/Legacy -I../Drivers/CMSIS/Device/ST/STM32G4xx/Include -I../Drivers/CMSIS/Include -I../Drivers/CMSIS/DSP/Include -O0 -ffunction-sections -fdata-sections -Wall -fstack-usage -fcyclomatic-complexity -MMD -MP -MF"Core/Src/stm32g4xx_hal_msp.d" -MT"Core/Src/stm32g4xx_hal_msp.o" --specs=nano.specs -mfpu=fpv4-sp-d16 -mfloat-abi=hard -mthumb -o "Core/Src/stm32g4xx_hal_msp.o"
../Core/Src/main.c:27: warning: "ARM_MATH_CM4" redefined
   27 | #define ARM_MATH_CM4
      | 
<command-line>: note: this is the location of the previous definition
../Core/Src/main.c: In function 'main':
../Core/Src/main.c:182:9: warning: unused variable 'phaseDifferenceResult' [-Wunused-variable]
  182 |   float phaseDifferenceResult;
      |         ^~~~~~~~~~~~~~~~~~~~~
../Core/Src/main.c:176:7: warning: unused variable 'maxAmplitudeIndexADC4' [-Wunused-variable]
  176 |   int maxAmplitudeIndexADC4 = -1;
      |       ^~~~~~~~~~~~~~~~~~~~~
../Core/Src/main.c:175:7: warning: unused variable 'maxAmplitudeADC4' [-Wunused-variable]
  175 |   int maxAmplitudeADC4 = 0;
      |       ^~~~~~~~~~~~~~~~
../Core/Src/main.c:173:7: warning: unused variable 'maxAmplitudeIndexADC3' [-Wunused-variable]
  173 |   int maxAmplitudeIndexADC3 = -1;
      |       ^~~~~~~~~~~~~~~~~~~~~
../Core/Src/main.c:172:7: warning: unused variable 'maxAmplitudeADC3' [-Wunused-variable]
  172 |   int maxAmplitudeADC3 = 0;
      |       ^~~~~~~~~~~~~~~~
../Core/Src/main.c:170:7: warning: unused variable 'maxAmplitudeIndexADC2' [-Wunused-variable]
  170 |   int maxAmplitudeIndexADC2 = -1;
      |       ^~~~~~~~~~~~~~~~~~~~~
../Core/Src/main.c:169:7: warning: unused variable 'maxAmplitudeADC2' [-Wunused-variable]
  169 |   int maxAmplitudeADC2 = 0;
      |       ^~~~~~~~~~~~~~~~
arm-none-eabi-gcc -o "simplerCode.elf" @"objects.list"  -larm_cortexM4lf_math -mcpu=cortex-m4 -T"C:\Users\peter\OneDrive\Documents\IEEEMTTSCode\PhasedArrayRadar_IEEE_MTTS\STM32_Code\tutorial\simplerCode\STM32G473QETX_FLASH.ld" --specs=nosys.specs -Wl,-Map="simplerCode.map" -Wl,--gc-sections -static -L../Drivers/CMSIS/Lib/GCC -u_printf_float --specs=nano.specs -mfpu=fpv4-sp-d16 -mfloat-abi=hard -mthumb -Wl,--start-group -lc -lm -Wl,--end-group
Finished building target: simplerCode.elf
 
arm-none-eabi-size  simplerCode.elf 
arm-none-eabi-objdump -h -S simplerCode.elf  > "simplerCode.list"
   text	   data	    bss	    dec	    hex	filename
 141612	    468	  85572	 227652	  37944	simplerCode.elf
Finished building: default.size.stdout
 
Finished building: simplerCode.list
 
19:08:51 **** Incremental Build of configuration Debug for project simplerCode ****
make -j22 all 
arm-none-eabi-size  simplerCode.elf 
   text	   data	    bss	    dec	    hex	filename
 141612	    468	  85572	 227652	  37944	simplerCode.elf
Finished building: default.size.stdout
 
19:12:32 **** Incremental Build of configuration Debug for project simplerCode ****
make -j22 all 
arm-none-eabi-size  simplerCode.elf 
   text	   data	    bss	    dec	    hex	filename
 141612	    468	  85572	 227652	  37944	simplerCode.elf
Finished building: default.size.stdout
 
19:13:52 **** Incremental Build of configuration Debug for project simplerCode ****
make -j22 all 
arm-none-eabi-size  simplerCode.elf 
   text	   data	    bss	    dec	    hex	filename
 141612	    468	  85572	 227652	  37944	simplerCode.elf
Finished building: default.size.stdout
 
19:14:20 **** Incremental Build of configuration Debug for project simplerCode ****
make -j22 all 
arm-none-eabi-size  simplerCode.elf 
   text	   data	    bss	    dec	    hex	filename
 141612	    468	  85572	 227652	  37944	simplerCode.elf
Finished building: default.size.stdout
 
19:17:35 **** Incremental Build of configuration Debug for project simplerCode ****
make -j22 all 
arm-none-eabi-size  simplerCode.elf 
   text	   data	    bss	    dec	    hex	filename
 141612	    468	  85572	 227652	  37944	simplerCode.elf
Finished building: default.size.stdout
 
19:18:16 **** Incremental Build of configuration Debug for project simplerCode ****
make -j22 all 
arm-none-eabi-size  simplerCode.elf 
   text	   data	    bss	    dec	    hex	filename
 141612	    468	  85572	 227652	  37944	simplerCode.elf
Finished building: default.size.stdout
 
19:28:18 **** Incremental Build of configuration Debug for project simplerCode ****
make -j22 all 
arm-none-eabi-gcc "../Core/Src/main.c" -mcpu=cortex-m4 -std=gnu11 -g3 -DDEBUG -DARM_MATH_CM4 -DUSE_HAL_DRIVER -DSTM32G473xx -c -I../Core/Inc -I../Drivers/CMSIS/DSP/PrivateInclude -I../Drivers/STM32G4xx_HAL_Driver/Inc -I../Drivers/STM32G4xx_HAL_Driver/Inc/Legacy -I../Drivers/CMSIS/Device/ST/STM32G4xx/Include -I../Drivers/CMSIS/Include -I../Drivers/CMSIS/DSP/Include -O0 -ffunction-sections -fdata-sections -Wall -fstack-usage -fcyclomatic-complexity -MMD -MP -MF"Core/Src/main.d" -MT"Core/Src/main.o" --specs=nano.specs -mfpu=fpv4-sp-d16 -mfloat-abi=hard -mthumb -o "Core/Src/main.o"
../Core/Src/main.c:27: warning: "ARM_MATH_CM4" redefined
   27 | #define ARM_MATH_CM4
      | 
<command-line>: note: this is the location of the previous definition
../Core/Src/main.c: In function 'main':
../Core/Src/main.c:182:9: warning: unused variable 'phaseDifferenceResult' [-Wunused-variable]
  182 |   float phaseDifferenceResult;
      |         ^~~~~~~~~~~~~~~~~~~~~
../Core/Src/main.c:176:7: warning: unused variable 'maxAmplitudeIndexADC4' [-Wunused-variable]
  176 |   int maxAmplitudeIndexADC4 = -1;
      |       ^~~~~~~~~~~~~~~~~~~~~
../Core/Src/main.c:175:7: warning: unused variable 'maxAmplitudeADC4' [-Wunused-variable]
  175 |   int maxAmplitudeADC4 = 0;
      |       ^~~~~~~~~~~~~~~~
../Core/Src/main.c:173:7: warning: unused variable 'maxAmplitudeIndexADC3' [-Wunused-variable]
  173 |   int maxAmplitudeIndexADC3 = -1;
      |       ^~~~~~~~~~~~~~~~~~~~~
../Core/Src/main.c:172:7: warning: unused variable 'maxAmplitudeADC3' [-Wunused-variable]
  172 |   int maxAmplitudeADC3 = 0;
      |       ^~~~~~~~~~~~~~~~
../Core/Src/main.c:170:7: warning: unused variable 'maxAmplitudeIndexADC2' [-Wunused-variable]
  170 |   int maxAmplitudeIndexADC2 = -1;
      |       ^~~~~~~~~~~~~~~~~~~~~
../Core/Src/main.c:169:7: warning: unused variable 'maxAmplitudeADC2' [-Wunused-variable]
  169 |   int maxAmplitudeADC2 = 0;
      |       ^~~~~~~~~~~~~~~~
arm-none-eabi-gcc -o "simplerCode.elf" @"objects.list"  -larm_cortexM4lf_math -mcpu=cortex-m4 -T"C:\Users\peter\OneDrive\Documents\IEEEMTTSCode\PhasedArrayRadar_IEEE_MTTS\STM32_Code\tutorial\simplerCode\STM32G473QETX_FLASH.ld" --specs=nosys.specs -Wl,-Map="simplerCode.map" -Wl,--gc-sections -static -L../Drivers/CMSIS/Lib/GCC -u_printf_float --specs=nano.specs -mfpu=fpv4-sp-d16 -mfloat-abi=hard -mthumb -Wl,--start-group -lc -lm -Wl,--end-group
Finished building target: simplerCode.elf
 
arm-none-eabi-size  simplerCode.elf 
arm-none-eabi-objdump -h -S simplerCode.elf  > "simplerCode.list"
   text	   data	    bss	    dec	    hex	filename
 141612	    468	  85572	 227652	  37944	simplerCode.elf
Finished building: default.size.stdout
 
Finished building: simplerCode.list
 
19:30:23 **** Incremental Build of configuration Debug for project simplerCode ****
make -j22 all 
arm-none-eabi-size  simplerCode.elf 
   text	   data	    bss	    dec	    hex	filename
 141612	    468	  85572	 227652	  37944	simplerCode.elf
Finished building: default.size.stdout
 
19:31:34 **** Incremental Build of configuration Debug for project simplerCode ****
make -j22 all 
arm-none-eabi-size  simplerCode.elf 
   text	   data	    bss	    dec	    hex	filename
 141612	    468	  85572	 227652	  37944	simplerCode.elf
Finished building: default.size.stdout
 
19:37:15 **** Incremental Build of configuration Debug for project simplerCode ****
make -j22 all 
arm-none-eabi-gcc "../Core/Src/main.c" -mcpu=cortex-m4 -std=gnu11 -g3 -DDEBUG -DARM_MATH_CM4 -DUSE_HAL_DRIVER -DSTM32G473xx -c -I../Core/Inc -I../Drivers/CMSIS/DSP/PrivateInclude -I../Drivers/STM32G4xx_HAL_Driver/Inc -I../Drivers/STM32G4xx_HAL_Driver/Inc/Legacy -I../Drivers/CMSIS/Device/ST/STM32G4xx/Include -I../Drivers/CMSIS/Include -I../Drivers/CMSIS/DSP/Include -O0 -ffunction-sections -fdata-sections -Wall -fstack-usage -fcyclomatic-complexity -MMD -MP -MF"Core/Src/main.d" -MT"Core/Src/main.o" --specs=nano.specs -mfpu=fpv4-sp-d16 -mfloat-abi=hard -mthumb -o "Core/Src/main.o"
../Core/Src/main.c:27: warning: "ARM_MATH_CM4" redefined
   27 | #define ARM_MATH_CM4
      | 
<command-line>: note: this is the location of the previous definition
../Core/Src/main.c: In function 'main':
../Core/Src/main.c:317:52: warning: passing argument 1 of 'LL_ADC_REG_StartConversion' from incompatible pointer type [-Wincompatible-pointer-types]
  317 |                         LL_ADC_REG_StartConversion(&hadc1);
      |                                                    ^~~~~~
      |                                                    |
      |                                                    ADC_HandleTypeDef *
In file included from ../Drivers/STM32G4xx_HAL_Driver/Inc/stm32g4xx_hal_adc.h:31,
                 from ../Core/Inc/stm32g4xx_hal_conf.h:228,
                 from ../Drivers/STM32G4xx_HAL_Driver/Inc/stm32g4xx_hal.h:29,
                 from ../Core/Inc/main.h:30,
                 from ../Core/Src/main.c:20:
../Drivers/STM32G4xx_HAL_Driver/Inc/stm32g4xx_ll_adc.h:7830:62: note: expected 'ADC_TypeDef *' but argument is of type 'ADC_HandleTypeDef *'
 7830 | __STATIC_INLINE void LL_ADC_REG_StartConversion(ADC_TypeDef *ADCx)
      |                                                 ~~~~~~~~~~~~~^~~~
../Core/Src/main.c:318:52: warning: passing argument 1 of 'LL_ADC_REG_StartConversion' from incompatible pointer type [-Wincompatible-pointer-types]
  318 |                         LL_ADC_REG_StartConversion(&hadc3);
      |                                                    ^~~~~~
      |                                                    |
      |                                                    ADC_HandleTypeDef *
../Drivers/STM32G4xx_HAL_Driver/Inc/stm32g4xx_ll_adc.h:7830:62: note: expected 'ADC_TypeDef *' but argument is of type 'ADC_HandleTypeDef *'
 7830 | __STATIC_INLINE void LL_ADC_REG_StartConversion(ADC_TypeDef *ADCx)
      |                                                 ~~~~~~~~~~~~~^~~~
../Core/Src/main.c:182:9: warning: unused variable 'phaseDifferenceResult' [-Wunused-variable]
  182 |   float phaseDifferenceResult;
      |         ^~~~~~~~~~~~~~~~~~~~~
../Core/Src/main.c:176:7: warning: unused variable 'maxAmplitudeIndexADC4' [-Wunused-variable]
  176 |   int maxAmplitudeIndexADC4 = -1;
      |       ^~~~~~~~~~~~~~~~~~~~~
../Core/Src/main.c:175:7: warning: unused variable 'maxAmplitudeADC4' [-Wunused-variable]
  175 |   int maxAmplitudeADC4 = 0;
      |       ^~~~~~~~~~~~~~~~
../Core/Src/main.c:173:7: warning: unused variable 'maxAmplitudeIndexADC3' [-Wunused-variable]
  173 |   int maxAmplitudeIndexADC3 = -1;
      |       ^~~~~~~~~~~~~~~~~~~~~
../Core/Src/main.c:172:7: warning: unused variable 'maxAmplitudeADC3' [-Wunused-variable]
  172 |   int maxAmplitudeADC3 = 0;
      |       ^~~~~~~~~~~~~~~~
../Core/Src/main.c:170:7: warning: unused variable 'maxAmplitudeIndexADC2' [-Wunused-variable]
  170 |   int maxAmplitudeIndexADC2 = -1;
      |       ^~~~~~~~~~~~~~~~~~~~~
../Core/Src/main.c:169:7: warning: unused variable 'maxAmplitudeADC2' [-Wunused-variable]
  169 |   int maxAmplitudeADC2 = 0;
      |       ^~~~~~~~~~~~~~~~
arm-none-eabi-gcc -o "simplerCode.elf" @"objects.list"  -larm_cortexM4lf_math -mcpu=cortex-m4 -T"C:\Users\peter\OneDrive\Documents\IEEEMTTSCode\PhasedArrayRadar_IEEE_MTTS\STM32_Code\tutorial\simplerCode\STM32G473QETX_FLASH.ld" --specs=nosys.specs -Wl,-Map="simplerCode.map" -Wl,--gc-sections -static -L../Drivers/CMSIS/Lib/GCC -u_printf_float --specs=nano.specs -mfpu=fpv4-sp-d16 -mfloat-abi=hard -mthumb -Wl,--start-group -lc -lm -Wl,--end-group
Finished building target: simplerCode.elf
 
arm-none-eabi-size  simplerCode.elf 
arm-none-eabi-objdump -h -S simplerCode.elf  > "simplerCode.list"
   text	   data	    bss	    dec	    hex	filename
 141668	    468	  85572	 227708	  3797c	simplerCode.elf
Finished building: default.size.stdout
 
Finished building: simplerCode.list
 
19:38:12 **** Incremental Build of configuration Debug for project simplerCode ****
make -j22 all 
arm-none-eabi-gcc "../Core/Src/main.c" -mcpu=cortex-m4 -std=gnu11 -g3 -DDEBUG -DARM_MATH_CM4 -DUSE_HAL_DRIVER -DSTM32G473xx -c -I../Core/Inc -I../Drivers/CMSIS/DSP/PrivateInclude -I../Drivers/STM32G4xx_HAL_Driver/Inc -I../Drivers/STM32G4xx_HAL_Driver/Inc/Legacy -I../Drivers/CMSIS/Device/ST/STM32G4xx/Include -I../Drivers/CMSIS/Include -I../Drivers/CMSIS/DSP/Include -O0 -ffunction-sections -fdata-sections -Wall -fstack-usage -fcyclomatic-complexity -MMD -MP -MF"Core/Src/main.d" -MT"Core/Src/main.o" --specs=nano.specs -mfpu=fpv4-sp-d16 -mfloat-abi=hard -mthumb -o "Core/Src/main.o"
../Core/Src/main.c:27: warning: "ARM_MATH_CM4" redefined
   27 | #define ARM_MATH_CM4
      | 
<command-line>: note: this is the location of the previous definition
../Core/Src/main.c: In function 'main':
../Core/Src/main.c:317:58: error: invalid type argument of '->' (have 'ADC_HandleTypeDef')
  317 |                         LL_ADC_REG_StartConversion(&hadc1->Instance);
      |                                                          ^~
../Core/Src/main.c:318:58: error: invalid type argument of '->' (have 'ADC_HandleTypeDef')
  318 |                         LL_ADC_REG_StartConversion(&hadc3->Instance);
      |                                                          ^~
../Core/Src/main.c:182:9: warning: unused variable 'phaseDifferenceResult' [-Wunused-variable]
  182 |   float phaseDifferenceResult;
      |         ^~~~~~~~~~~~~~~~~~~~~
../Core/Src/main.c:176:7: warning: unused variable 'maxAmplitudeIndexADC4' [-Wunused-variable]
  176 |   int maxAmplitudeIndexADC4 = -1;
      |       ^~~~~~~~~~~~~~~~~~~~~
../Core/Src/main.c:175:7: warning: unused variable 'maxAmplitudeADC4' [-Wunused-variable]
  175 |   int maxAmplitudeADC4 = 0;
      |       ^~~~~~~~~~~~~~~~
../Core/Src/main.c:173:7: warning: unused variable 'maxAmplitudeIndexADC3' [-Wunused-variable]
  173 |   int maxAmplitudeIndexADC3 = -1;
      |       ^~~~~~~~~~~~~~~~~~~~~
../Core/Src/main.c:172:7: warning: unused variable 'maxAmplitudeADC3' [-Wunused-variable]
  172 |   int maxAmplitudeADC3 = 0;
      |       ^~~~~~~~~~~~~~~~
../Core/Src/main.c:170:7: warning: unused variable 'maxAmplitudeIndexADC2' [-Wunused-variable]
  170 |   int maxAmplitudeIndexADC2 = -1;
      |       ^~~~~~~~~~~~~~~~~~~~~
../Core/Src/main.c:169:7: warning: unused variable 'maxAmplitudeADC2' [-Wunused-variable]
  169 |   int maxAmplitudeADC2 = 0;
      |       ^~~~~~~~~~~~~~~~
make: *** [Core/Src/subdir.mk:34: Core/Src/main.o] Error 1
"make -j22 all" terminated with exit code 2. Build might be incomplete.
19:38:22 **** Incremental Build of configuration Debug for project simplerCode ****
make -j22 all 
arm-none-eabi-gcc "../Core/Src/main.c" -mcpu=cortex-m4 -std=gnu11 -g3 -DDEBUG -DARM_MATH_CM4 -DUSE_HAL_DRIVER -DSTM32G473xx -c -I../Core/Inc -I../Drivers/CMSIS/DSP/PrivateInclude -I../Drivers/STM32G4xx_HAL_Driver/Inc -I../Drivers/STM32G4xx_HAL_Driver/Inc/Legacy -I../Drivers/CMSIS/Device/ST/STM32G4xx/Include -I../Drivers/CMSIS/Include -I../Drivers/CMSIS/DSP/Include -O0 -ffunction-sections -fdata-sections -Wall -fstack-usage -fcyclomatic-complexity -MMD -MP -MF"Core/Src/main.d" -MT"Core/Src/main.o" --specs=nano.specs -mfpu=fpv4-sp-d16 -mfloat-abi=hard -mthumb -o "Core/Src/main.o"
../Core/Src/main.c:27: warning: "ARM_MATH_CM4" redefined
   27 | #define ARM_MATH_CM4
      | 
<command-line>: note: this is the location of the previous definition
../Core/Src/main.c: In function 'main':
../Core/Src/main.c:317:57: error: invalid type argument of '->' (have 'ADC_HandleTypeDef')
  317 |                         LL_ADC_REG_StartConversion(hadc1->Instance);
      |                                                         ^~
../Core/Src/main.c:318:57: error: invalid type argument of '->' (have 'ADC_HandleTypeDef')
  318 |                         LL_ADC_REG_StartConversion(hadc3->Instance);
      |                                                         ^~
../Core/Src/main.c:182:9: warning: unused variable 'phaseDifferenceResult' [-Wunused-variable]
  182 |   float phaseDifferenceResult;
      |         ^~~~~~~~~~~~~~~~~~~~~
../Core/Src/main.c:176:7: warning: unused variable 'maxAmplitudeIndexADC4' [-Wunused-variable]
  176 |   int maxAmplitudeIndexADC4 = -1;
      |       ^~~~~~~~~~~~~~~~~~~~~
../Core/Src/main.c:175:7: warning: unused variable 'maxAmplitudeADC4' [-Wunused-variable]
  175 |   int maxAmplitudeADC4 = 0;
      |       ^~~~~~~~~~~~~~~~
../Core/Src/main.c:173:7: warning: unused variable 'maxAmplitudeIndexADC3' [-Wunused-variable]
  173 |   int maxAmplitudeIndexADC3 = -1;
      |       ^~~~~~~~~~~~~~~~~~~~~
../Core/Src/main.c:172:7: warning: unused variable 'maxAmplitudeADC3' [-Wunused-variable]
  172 |   int maxAmplitudeADC3 = 0;
      |       ^~~~~~~~~~~~~~~~
../Core/Src/main.c:170:7: warning: unused variable 'maxAmplitudeIndexADC2' [-Wunused-variable]
  170 |   int maxAmplitudeIndexADC2 = -1;
      |       ^~~~~~~~~~~~~~~~~~~~~
../Core/Src/main.c:169:7: warning: unused variable 'maxAmplitudeADC2' [-Wunused-variable]
  169 |   int maxAmplitudeADC2 = 0;
      |       ^~~~~~~~~~~~~~~~
make: *** [Core/Src/subdir.mk:34: Core/Src/main.o] Error 1
"make -j22 all" terminated with exit code 2. Build might be incomplete.
19:39:53 **** Incremental Build of configuration Debug for project simplerCode ****
make -j22 all 
arm-none-eabi-gcc "../Core/Src/main.c" -mcpu=cortex-m4 -std=gnu11 -g3 -DDEBUG -DARM_MATH_CM4 -DUSE_HAL_DRIVER -DSTM32G473xx -c -I../Core/Inc -I../Drivers/CMSIS/DSP/PrivateInclude -I../Drivers/STM32G4xx_HAL_Driver/Inc -I../Drivers/STM32G4xx_HAL_Driver/Inc/Legacy -I../Drivers/CMSIS/Device/ST/STM32G4xx/Include -I../Drivers/CMSIS/Include -I../Drivers/CMSIS/DSP/Include -O0 -ffunction-sections -fdata-sections -Wall -fstack-usage -fcyclomatic-complexity -MMD -MP -MF"Core/Src/main.d" -MT"Core/Src/main.o" --specs=nano.specs -mfpu=fpv4-sp-d16 -mfloat-abi=hard -mthumb -o "Core/Src/main.o"
../Core/Src/main.c:27: warning: "ARM_MATH_CM4" redefined
   27 | #define ARM_MATH_CM4
      | 
<command-line>: note: this is the location of the previous definition
../Core/Src/main.c: In function 'main':
../Core/Src/main.c:182:9: warning: unused variable 'phaseDifferenceResult' [-Wunused-variable]
  182 |   float phaseDifferenceResult;
      |         ^~~~~~~~~~~~~~~~~~~~~
../Core/Src/main.c:176:7: warning: unused variable 'maxAmplitudeIndexADC4' [-Wunused-variable]
  176 |   int maxAmplitudeIndexADC4 = -1;
      |       ^~~~~~~~~~~~~~~~~~~~~
../Core/Src/main.c:175:7: warning: unused variable 'maxAmplitudeADC4' [-Wunused-variable]
  175 |   int maxAmplitudeADC4 = 0;
      |       ^~~~~~~~~~~~~~~~
../Core/Src/main.c:173:7: warning: unused variable 'maxAmplitudeIndexADC3' [-Wunused-variable]
  173 |   int maxAmplitudeIndexADC3 = -1;
      |       ^~~~~~~~~~~~~~~~~~~~~
../Core/Src/main.c:172:7: warning: unused variable 'maxAmplitudeADC3' [-Wunused-variable]
  172 |   int maxAmplitudeADC3 = 0;
      |       ^~~~~~~~~~~~~~~~
../Core/Src/main.c:170:7: warning: unused variable 'maxAmplitudeIndexADC2' [-Wunused-variable]
  170 |   int maxAmplitudeIndexADC2 = -1;
      |       ^~~~~~~~~~~~~~~~~~~~~
../Core/Src/main.c:169:7: warning: unused variable 'maxAmplitudeADC2' [-Wunused-variable]
  169 |   int maxAmplitudeADC2 = 0;
      |       ^~~~~~~~~~~~~~~~
arm-none-eabi-gcc -o "simplerCode.elf" @"objects.list"  -larm_cortexM4lf_math -mcpu=cortex-m4 -T"C:\Users\peter\OneDrive\Documents\IEEEMTTSCode\PhasedArrayRadar_IEEE_MTTS\STM32_Code\tutorial\simplerCode\STM32G473QETX_FLASH.ld" --specs=nosys.specs -Wl,-Map="simplerCode.map" -Wl,--gc-sections -static -L../Drivers/CMSIS/Lib/GCC -u_printf_float --specs=nano.specs -mfpu=fpv4-sp-d16 -mfloat-abi=hard -mthumb -Wl,--start-group -lc -lm -Wl,--end-group
Finished building target: simplerCode.elf
 
arm-none-eabi-size  simplerCode.elf 
arm-none-eabi-objdump -h -S simplerCode.elf  > "simplerCode.list"
   text	   data	    bss	    dec	    hex	filename
 141676	    468	  85572	 227716	  37984	simplerCode.elf
Finished building: default.size.stdout
 
Finished building: simplerCode.list
 
19:41:35 **** Incremental Build of configuration Debug for project simplerCode ****
make -j22 all 
arm-none-eabi-gcc "../Core/Src/main.c" -mcpu=cortex-m4 -std=gnu11 -g3 -DDEBUG -DARM_MATH_CM4 -DUSE_HAL_DRIVER -DSTM32G473xx -c -I../Core/Inc -I../Drivers/CMSIS/DSP/PrivateInclude -I../Drivers/STM32G4xx_HAL_Driver/Inc -I../Drivers/STM32G4xx_HAL_Driver/Inc/Legacy -I../Drivers/CMSIS/Device/ST/STM32G4xx/Include -I../Drivers/CMSIS/Include -I../Drivers/CMSIS/DSP/Include -O0 -ffunction-sections -fdata-sections -Wall -fstack-usage -fcyclomatic-complexity -MMD -MP -MF"Core/Src/main.d" -MT"Core/Src/main.o" --specs=nano.specs -mfpu=fpv4-sp-d16 -mfloat-abi=hard -mthumb -o "Core/Src/main.o"
../Core/Src/main.c:27: warning: "ARM_MATH_CM4" redefined
   27 | #define ARM_MATH_CM4
      | 
<command-line>: note: this is the location of the previous definition
../Core/Src/main.c: In function 'main':
../Core/Src/main.c:182:9: warning: unused variable 'phaseDifferenceResult' [-Wunused-variable]
  182 |   float phaseDifferenceResult;
      |         ^~~~~~~~~~~~~~~~~~~~~
../Core/Src/main.c:176:7: warning: unused variable 'maxAmplitudeIndexADC4' [-Wunused-variable]
  176 |   int maxAmplitudeIndexADC4 = -1;
      |       ^~~~~~~~~~~~~~~~~~~~~
../Core/Src/main.c:175:7: warning: unused variable 'maxAmplitudeADC4' [-Wunused-variable]
  175 |   int maxAmplitudeADC4 = 0;
      |       ^~~~~~~~~~~~~~~~
../Core/Src/main.c:173:7: warning: unused variable 'maxAmplitudeIndexADC3' [-Wunused-variable]
  173 |   int maxAmplitudeIndexADC3 = -1;
      |       ^~~~~~~~~~~~~~~~~~~~~
../Core/Src/main.c:172:7: warning: unused variable 'maxAmplitudeADC3' [-Wunused-variable]
  172 |   int maxAmplitudeADC3 = 0;
      |       ^~~~~~~~~~~~~~~~
../Core/Src/main.c:170:7: warning: unused variable 'maxAmplitudeIndexADC2' [-Wunused-variable]
  170 |   int maxAmplitudeIndexADC2 = -1;
      |       ^~~~~~~~~~~~~~~~~~~~~
../Core/Src/main.c:169:7: warning: unused variable 'maxAmplitudeADC2' [-Wunused-variable]
  169 |   int maxAmplitudeADC2 = 0;
      |       ^~~~~~~~~~~~~~~~
arm-none-eabi-gcc -o "simplerCode.elf" @"objects.list"  -larm_cortexM4lf_math -mcpu=cortex-m4 -T"C:\Users\peter\OneDrive\Documents\IEEEMTTSCode\PhasedArrayRadar_IEEE_MTTS\STM32_Code\tutorial\simplerCode\STM32G473QETX_FLASH.ld" --specs=nosys.specs -Wl,-Map="simplerCode.map" -Wl,--gc-sections -static -L../Drivers/CMSIS/Lib/GCC -u_printf_float --specs=nano.specs -mfpu=fpv4-sp-d16 -mfloat-abi=hard -mthumb -Wl,--start-group -lc -lm -Wl,--end-group
Finished building target: simplerCode.elf
 
arm-none-eabi-size  simplerCode.elf 
arm-none-eabi-objdump -h -S simplerCode.elf  > "simplerCode.list"
   text	   data	    bss	    dec	    hex	filename
 141660	    468	  85572	 227700	  37974	simplerCode.elf
Finished building: default.size.stdout
 
Finished building: simplerCode.list
 
19:43:03 **** Incremental Build of configuration Debug for project simplerCode ****
make -j22 all 
arm-none-eabi-gcc "../Core/Src/main.c" -mcpu=cortex-m4 -std=gnu11 -g3 -DDEBUG -DARM_MATH_CM4 -DUSE_HAL_DRIVER -DSTM32G473xx -c -I../Core/Inc -I../Drivers/CMSIS/DSP/PrivateInclude -I../Drivers/STM32G4xx_HAL_Driver/Inc -I../Drivers/STM32G4xx_HAL_Driver/Inc/Legacy -I../Drivers/CMSIS/Device/ST/STM32G4xx/Include -I../Drivers/CMSIS/Include -I../Drivers/CMSIS/DSP/Include -O0 -ffunction-sections -fdata-sections -Wall -fstack-usage -fcyclomatic-complexity -MMD -MP -MF"Core/Src/main.d" -MT"Core/Src/main.o" --specs=nano.specs -mfpu=fpv4-sp-d16 -mfloat-abi=hard -mthumb -o "Core/Src/main.o"
../Core/Src/main.c:27: warning: "ARM_MATH_CM4" redefined
   27 | #define ARM_MATH_CM4
      | 
<command-line>: note: this is the location of the previous definition
../Core/Src/main.c: In function 'main':
../Core/Src/main.c:182:9: warning: unused variable 'phaseDifferenceResult' [-Wunused-variable]
  182 |   float phaseDifferenceResult;
      |         ^~~~~~~~~~~~~~~~~~~~~
../Core/Src/main.c:176:7: warning: unused variable 'maxAmplitudeIndexADC4' [-Wunused-variable]
  176 |   int maxAmplitudeIndexADC4 = -1;
      |       ^~~~~~~~~~~~~~~~~~~~~
../Core/Src/main.c:175:7: warning: unused variable 'maxAmplitudeADC4' [-Wunused-variable]
  175 |   int maxAmplitudeADC4 = 0;
      |       ^~~~~~~~~~~~~~~~
../Core/Src/main.c:173:7: warning: unused variable 'maxAmplitudeIndexADC3' [-Wunused-variable]
  173 |   int maxAmplitudeIndexADC3 = -1;
      |       ^~~~~~~~~~~~~~~~~~~~~
../Core/Src/main.c:172:7: warning: unused variable 'maxAmplitudeADC3' [-Wunused-variable]
  172 |   int maxAmplitudeADC3 = 0;
      |       ^~~~~~~~~~~~~~~~
../Core/Src/main.c:170:7: warning: unused variable 'maxAmplitudeIndexADC2' [-Wunused-variable]
  170 |   int maxAmplitudeIndexADC2 = -1;
      |       ^~~~~~~~~~~~~~~~~~~~~
../Core/Src/main.c:169:7: warning: unused variable 'maxAmplitudeADC2' [-Wunused-variable]
  169 |   int maxAmplitudeADC2 = 0;
      |       ^~~~~~~~~~~~~~~~
arm-none-eabi-gcc -o "simplerCode.elf" @"objects.list"  -larm_cortexM4lf_math -mcpu=cortex-m4 -T"C:\Users\peter\OneDrive\Documents\IEEEMTTSCode\PhasedArrayRadar_IEEE_MTTS\STM32_Code\tutorial\simplerCode\STM32G473QETX_FLASH.ld" --specs=nosys.specs -Wl,-Map="simplerCode.map" -Wl,--gc-sections -static -L../Drivers/CMSIS/Lib/GCC -u_printf_float --specs=nano.specs -mfpu=fpv4-sp-d16 -mfloat-abi=hard -mthumb -Wl,--start-group -lc -lm -Wl,--end-group
Finished building target: simplerCode.elf
 
arm-none-eabi-size  simplerCode.elf 
arm-none-eabi-objdump -h -S simplerCode.elf  > "simplerCode.list"
   text	   data	    bss	    dec	    hex	filename
 141668	    468	  85572	 227708	  3797c	simplerCode.elf
Finished building: default.size.stdout
 
Finished building: simplerCode.list
 
19:43:47 **** Incremental Build of configuration Debug for project simplerCode ****
make -j22 all 
arm-none-eabi-size  simplerCode.elf 
   text	   data	    bss	    dec	    hex	filename
 141668	    468	  85572	 227708	  3797c	simplerCode.elf
Finished building: default.size.stdout
 
19:43:51 **** Incremental Build of configuration Debug for project simplerCode ****
make -j22 all 
arm-none-eabi-size  simplerCode.elf 
   text	   data	    bss	    dec	    hex	filename
 141668	    468	  85572	 227708	  3797c	simplerCode.elf
Finished building: default.size.stdout
 
19:48:53 **** Incremental Build of configuration Debug for project simplerCode ****
make -j22 all 
arm-none-eabi-size  simplerCode.elf 
   text	   data	    bss	    dec	    hex	filename
 141668	    468	  85572	 227708	  3797c	simplerCode.elf
Finished building: default.size.stdout
 
19:49:31 **** Incremental Build of configuration Debug for project simplerCode ****
make -j22 all 
arm-none-eabi-size  simplerCode.elf 
   text	   data	    bss	    dec	    hex	filename
 141668	    468	  85572	 227708	  3797c	simplerCode.elf
Finished building: default.size.stdout
 
19:49:46 **** Incremental Build of configuration Debug for project simplerCode ****
make -j22 all 
arm-none-eabi-size  simplerCode.elf 
   text	   data	    bss	    dec	    hex	filename
 141668	    468	  85572	 227708	  3797c	simplerCode.elf
Finished building: default.size.stdout
 
19:49:59 **** Incremental Build of configuration Debug for project simplerCode ****
make -j22 all 
arm-none-eabi-size  simplerCode.elf 
   text	   data	    bss	    dec	    hex	filename
 141668	    468	  85572	 227708	  3797c	simplerCode.elf
Finished building: default.size.stdout
 
19:50:04 **** Incremental Build of configuration Debug for project simplerCode ****
make -j22 all 
arm-none-eabi-size  simplerCode.elf 
   text	   data	    bss	    dec	    hex	filename
 141668	    468	  85572	 227708	  3797c	simplerCode.elf
Finished building: default.size.stdout
 
19:51:55 **** Incremental Build of configuration Debug for project simplerCode ****
make -j22 all 
arm-none-eabi-gcc "../Core/Src/main.c" -mcpu=cortex-m4 -std=gnu11 -g3 -DDEBUG -DARM_MATH_CM4 -DUSE_HAL_DRIVER -DSTM32G473xx -c -I../Core/Inc -I../Drivers/CMSIS/DSP/PrivateInclude -I../Drivers/STM32G4xx_HAL_Driver/Inc -I../Drivers/STM32G4xx_HAL_Driver/Inc/Legacy -I../Drivers/CMSIS/Device/ST/STM32G4xx/Include -I../Drivers/CMSIS/Include -I../Drivers/CMSIS/DSP/Include -O0 -ffunction-sections -fdata-sections -Wall -fstack-usage -fcyclomatic-complexity -MMD -MP -MF"Core/Src/main.d" -MT"Core/Src/main.o" --specs=nano.specs -mfpu=fpv4-sp-d16 -mfloat-abi=hard -mthumb -o "Core/Src/main.o"
../Core/Src/main.c:27: warning: "ARM_MATH_CM4" redefined
   27 | #define ARM_MATH_CM4
      | 
<command-line>: note: this is the location of the previous definition
../Core/Src/main.c: In function 'main':
../Core/Src/main.c:182:9: warning: unused variable 'phaseDifferenceResult' [-Wunused-variable]
  182 |   float phaseDifferenceResult;
      |         ^~~~~~~~~~~~~~~~~~~~~
../Core/Src/main.c:176:7: warning: unused variable 'maxAmplitudeIndexADC4' [-Wunused-variable]
  176 |   int maxAmplitudeIndexADC4 = -1;
      |       ^~~~~~~~~~~~~~~~~~~~~
../Core/Src/main.c:175:7: warning: unused variable 'maxAmplitudeADC4' [-Wunused-variable]
  175 |   int maxAmplitudeADC4 = 0;
      |       ^~~~~~~~~~~~~~~~
../Core/Src/main.c:173:7: warning: unused variable 'maxAmplitudeIndexADC3' [-Wunused-variable]
  173 |   int maxAmplitudeIndexADC3 = -1;
      |       ^~~~~~~~~~~~~~~~~~~~~
../Core/Src/main.c:172:7: warning: unused variable 'maxAmplitudeADC3' [-Wunused-variable]
  172 |   int maxAmplitudeADC3 = 0;
      |       ^~~~~~~~~~~~~~~~
../Core/Src/main.c:170:7: warning: unused variable 'maxAmplitudeIndexADC2' [-Wunused-variable]
  170 |   int maxAmplitudeIndexADC2 = -1;
      |       ^~~~~~~~~~~~~~~~~~~~~
../Core/Src/main.c:169:7: warning: unused variable 'maxAmplitudeADC2' [-Wunused-variable]
  169 |   int maxAmplitudeADC2 = 0;
      |       ^~~~~~~~~~~~~~~~
arm-none-eabi-gcc -o "simplerCode.elf" @"objects.list"  -larm_cortexM4lf_math -mcpu=cortex-m4 -T"C:\Users\peter\OneDrive\Documents\IEEEMTTSCode\PhasedArrayRadar_IEEE_MTTS\STM32_Code\tutorial\simplerCode\STM32G473QETX_FLASH.ld" --specs=nosys.specs -Wl,-Map="simplerCode.map" -Wl,--gc-sections -static -L../Drivers/CMSIS/Lib/GCC -u_printf_float --specs=nano.specs -mfpu=fpv4-sp-d16 -mfloat-abi=hard -mthumb -Wl,--start-group -lc -lm -Wl,--end-group
Finished building target: simplerCode.elf
 
arm-none-eabi-size  simplerCode.elf 
arm-none-eabi-objdump -h -S simplerCode.elf  > "simplerCode.list"
   text	   data	    bss	    dec	    hex	filename
 141668	    468	  85572	 227708	  3797c	simplerCode.elf
Finished building: default.size.stdout
 
Finished building: simplerCode.list
 
19:53:06 **** Incremental Build of configuration Debug for project simplerCode ****
make -j22 all 
arm-none-eabi-size  simplerCode.elf 
   text	   data	    bss	    dec	    hex	filename
 141668	    468	  85572	 227708	  3797c	simplerCode.elf
Finished building: default.size.stdout
 
20:36:00 **** Incremental Build of configuration Debug for project simplerCode ****
make -j22 all 
arm-none-eabi-gcc "../Core/Src/main.c" -mcpu=cortex-m4 -std=gnu11 -g3 -DDEBUG -DARM_MATH_CM4 -DUSE_HAL_DRIVER -DSTM32G473xx -c -I../Core/Inc -I../Drivers/CMSIS/DSP/PrivateInclude -I../Drivers/STM32G4xx_HAL_Driver/Inc -I../Drivers/STM32G4xx_HAL_Driver/Inc/Legacy -I../Drivers/CMSIS/Device/ST/STM32G4xx/Include -I../Drivers/CMSIS/Include -I../Drivers/CMSIS/DSP/Include -O0 -ffunction-sections -fdata-sections -Wall -fstack-usage -fcyclomatic-complexity -MMD -MP -MF"Core/Src/main.d" -MT"Core/Src/main.o" --specs=nano.specs -mfpu=fpv4-sp-d16 -mfloat-abi=hard -mthumb -o "Core/Src/main.o"
../Core/Src/main.c:27: warning: "ARM_MATH_CM4" redefined
   27 | #define ARM_MATH_CM4
      | 
<command-line>: note: this is the location of the previous definition
../Core/Src/main.c: In function 'main':
../Core/Src/main.c:182:9: warning: unused variable 'phaseDifferenceResult' [-Wunused-variable]
  182 |   float phaseDifferenceResult;
      |         ^~~~~~~~~~~~~~~~~~~~~
../Core/Src/main.c:176:7: warning: unused variable 'maxAmplitudeIndexADC4' [-Wunused-variable]
  176 |   int maxAmplitudeIndexADC4 = -1;
      |       ^~~~~~~~~~~~~~~~~~~~~
../Core/Src/main.c:175:7: warning: unused variable 'maxAmplitudeADC4' [-Wunused-variable]
  175 |   int maxAmplitudeADC4 = 0;
      |       ^~~~~~~~~~~~~~~~
../Core/Src/main.c:173:7: warning: unused variable 'maxAmplitudeIndexADC3' [-Wunused-variable]
  173 |   int maxAmplitudeIndexADC3 = -1;
      |       ^~~~~~~~~~~~~~~~~~~~~
../Core/Src/main.c:172:7: warning: unused variable 'maxAmplitudeADC3' [-Wunused-variable]
  172 |   int maxAmplitudeADC3 = 0;
      |       ^~~~~~~~~~~~~~~~
../Core/Src/main.c:170:7: warning: unused variable 'maxAmplitudeIndexADC2' [-Wunused-variable]
  170 |   int maxAmplitudeIndexADC2 = -1;
      |       ^~~~~~~~~~~~~~~~~~~~~
../Core/Src/main.c:169:7: warning: unused variable 'maxAmplitudeADC2' [-Wunused-variable]
  169 |   int maxAmplitudeADC2 = 0;
      |       ^~~~~~~~~~~~~~~~
[...]
../Core/Src/main.c:27: warning: "ARM_MATH_CM4" redefined
   27 | #define ARM_MATH_CM4
      | 
<command-line>: note: this is the location of the previous definition
../Core/Src/main.c: In function 'main':
../Core/Src/main.c:183:9: warning: unused variable 'phaseDifferenceResult' [-Wunused-variable]
  183 |   float phaseDifferenceResult;
      |         ^~~~~~~~~~~~~~~~~~~~~
../Core/Src/main.c:177:7: warning: unused variable 'maxAmplitudeIndexADC4' [-Wunused-variable]
  177 |   int maxAmplitudeIndexADC4 = -1;
      |       ^~~~~~~~~~~~~~~~~~~~~
../Core/Src/main.c:176:7: warning: unused variable 'maxAmplitudeADC4' [-Wunused-variable]
  176 |   int maxAmplitudeADC4 = 0;
      |       ^~~~~~~~~~~~~~~~
../Core/Src/main.c:174:7: warning: unused variable 'maxAmplitudeIndexADC3' [-Wunused-variable]
  174 |   int maxAmplitudeIndexADC3 = -1;
      |       ^~~~~~~~~~~~~~~~~~~~~
../Core/Src/main.c:173:7: warning: unused variable 'maxAmplitudeADC3' [-Wunused-variable]
  173 |   int maxAmplitudeADC3 = 0;
      |       ^~~~~~~~~~~~~~~~
../Core/Src/main.c:171:7: warning: unused variable 'maxAmplitudeIndexADC2' [-Wunused-variable]
  171 |   int maxAmplitudeIndexADC2 = -1;
      |       ^~~~~~~~~~~~~~~~~~~~~
../Core/Src/main.c:170:7: warning: unused variable 'maxAmplitudeADC2' [-Wunused-variable]
  170 |   int maxAmplitudeADC2 = 0;
      |       ^~~~~~~~~~~~~~~~
arm-none-eabi-gcc -o "simplerCode.elf" @"objects.list"  -larm_cortexM4lf_math -mcpu=cortex-m4 -T"C:\Users\peter\OneDrive\Documents\IEEEMTTSCode\PhasedArrayRadar_IEEE_MTTS\STM32_Code\tutorial\simplerCode\STM32G473QETX_FLASH.ld" --specs=nosys.specs -Wl,-Map="simplerCode.map" -Wl,--gc-sections -static -L../Drivers/CMSIS/Lib/GCC -u_printf_float --specs=nano.specs -mfpu=fpv4-sp-d16 -mfloat-abi=hard -mthumb -Wl,--start-group -lc -lm -Wl,--end-group
Finished building target: simplerCode.elf
 
arm-none-eabi-size  simplerCode.elf 
arm-none-eabi-objdump -h -S simplerCode.elf  > "simplerCode.list"
   text	   data	    bss	    dec	    hex	filename
 137556	    500	  52796	 190852	  2e984	simplerCode.elf
Finished building: default.size.stdout
 
Finished building: simplerCode.list
 
23:38:03 **** Incremental Build of configuration Debug for project simplerCode ****
make -j22 all 
arm-none-eabi-gcc "../Core/Src/main.c" -mcpu=cortex-m4 -std=gnu11 -g3 -DDEBUG -DARM_MATH_CM4 -DUSE_HAL_DRIVER -DSTM32G473xx -c -I../Core/Inc -I../Drivers/CMSIS/DSP/PrivateInclude -I../Drivers/STM32G4xx_HAL_Driver/Inc -I../Drivers/STM32G4xx_HAL_Driver/Inc/Legacy -I../Drivers/CMSIS/Device/ST/STM32G4xx/Include -I../Drivers/CMSIS/Include -I../Drivers/CMSIS/DSP/Include -O0 -ffunction-sections -fdata-sections -Wall -fstack-usage -fcyclomatic-complexity -MMD -MP -MF"Core/Src/main.d" -MT"Core/Src/main.o" --specs=nano.specs -mfpu=fpv4-sp-d16 -mfloat-abi=hard -mthumb -o "Core/Src/main.o"
../Core/Src/main.c:27: warning: "ARM_MATH_CM4" redefined
   27 | #define ARM_MATH_CM4
      | 
<command-line>: note: this is the location of the previous definition
../Core/Src/main.c: In function 'main':
../Core/Src/main.c:183:9: warning: unused variable 'phaseDifferenceResult' [-Wunused-variable]
  183 |   float phaseDifferenceResult;
      |         ^~~~~~~~~~~~~~~~~~~~~
../Core/Src/main.c:177:7: warning: unused variable 'maxAmplitudeIndexADC4' [-Wunused-variable]
  177 |   int maxAmplitudeIndexADC4 = -1;
      |       ^~~~~~~~~~~~~~~~~~~~~
../Core/Src/main.c:176:7: warning: unused variable 'maxAmplitudeADC4' [-Wunused-variable]
  176 |   int maxAmplitudeADC4 = 0;
      |       ^~~~~~~~~~~~~~~~
../Core/Src/main.c:174:7: warning: unused variable 'maxAmplitudeIndexADC3' [-Wunused-variable]
  174 |   int maxAmplitudeIndexADC3 = -1;
      |       ^~~~~~~~~~~~~~~~~~~~~
../Core/Src/main.c:173:7: warning: unused variable 'maxAmplitudeADC3' [-Wunused-variable]
  173 |   int maxAmplitudeADC3 = 0;
      |       ^~~~~~~~~~~~~~~~
../Core/Src/main.c:171:7: warning: unused variable 'maxAmplitudeIndexADC2' [-Wunused-variable]
  171 |   int maxAmplitudeIndexADC2 = -1;
      |       ^~~~~~~~~~~~~~~~~~~~~
../Core/Src/main.c:170:7: warning: unused variable 'maxAmplitudeADC2' [-Wunused-variable]
  170 |   int maxAmplitudeADC2 = 0;
      |       ^~~~~~~~~~~~~~~~
../Core/Src/main.c: In function 'HAL_ADC_ConvHalfCpltCallback':
../Core/Src/main.c:1813:31: error: 'n' undeclared (first use in this function)
 1813 |                 integerBuffer[n]++;
      |                               ^
../Core/Src/main.c:1813:31: note: each undeclared identifier is reported only once for each function it appears in
../Core/Src/main.c:1794:19: warning: variable 'integerBuffer' set but not used [-Wunused-but-set-variable]
 1794 |         uint16_t* integerBuffer;
      |                   ^~~~~~~~~~~~~
make: *** [Core/Src/subdir.mk:34: Core/Src/main.o] Error 1
"make -j22 all" terminated with exit code 2. Build might be incomplete.
23:38:33 **** Incremental Build of configuration Debug for project simplerCode ****
make -j22 all 
arm-none-eabi-gcc "../Core/Src/main.c" -mcpu=cortex-m4 -std=gnu11 -g3 -DDEBUG -DARM_MATH_CM4 -DUSE_HAL_DRIVER -DSTM32G473xx -c -I../Core/Inc -I../Drivers/CMSIS/DSP/PrivateInclude -I../Drivers/STM32G4xx_HAL_Driver/Inc -I../Drivers/STM32G4xx_HAL_Driver/Inc/Legacy -I../Drivers/CMSIS/Device/ST/STM32G4xx/Include -I../Drivers/CMSIS/Include -I../Drivers/CMSIS/DSP/Include -O0 -ffunction-sections -fdata-sections -Wall -fstack-usage -fcyclomatic-complexity -MMD -MP -MF"Core/Src/main.d" -MT"Core/Src/main.o" --specs=nano.specs -mfpu=fpv4-sp-d16 -mfloat-abi=hard -mthumb -o "Core/Src/main.o"
../Core/Src/main.c:27: warning: "ARM_MATH_CM4" redefined
   27 | #define ARM_MATH_CM4
      | 
<command-line>: note: this is the location of the previous definition
../Core/Src/main.c: In function 'main':
../Core/Src/main.c:183:9: warning: unused variable 'phaseDifferenceResult' [-Wunused-variable]
  183 |   float phaseDifferenceResult;
      |         ^~~~~~~~~~~~~~~~~~~~~
../Core/Src/main.c:177:7: warning: unused variable 'maxAmplitudeIndexADC4' [-Wunused-variable]
  177 |   int maxAmplitudeIndexADC4 = -1;
      |       ^~~~~~~~~~~~~~~~~~~~~
../Core/Src/main.c:176:7: warning: unused variable 'maxAmplitudeADC4' [-Wunused-variable]
  176 |   int maxAmplitudeADC4 = 0;
      |       ^~~~~~~~~~~~~~~~
../Core/Src/main.c:174:7: warning: unused variable 'maxAmplitudeIndexADC3' [-Wunused-variable]
  174 |   int maxAmplitudeIndexADC3 = -1;
      |       ^~~~~~~~~~~~~~~~~~~~~
../Core/Src/main.c:173:7: warning: unused variable 'maxAmplitudeADC3' [-Wunused-variable]
  173 |   int maxAmplitudeADC3 = 0;
      |       ^~~~~~~~~~~~~~~~
../Core/Src/main.c:171:7: warning: unused variable 'maxAmplitudeIndexADC2' [-Wunused-variable]
  171 |   int maxAmplitudeIndexADC2 = -1;
      |       ^~~~~~~~~~~~~~~~~~~~~
../Core/Src/main.c:170:7: warning: unused variable 'maxAmplitudeADC2' [-Wunused-variable]
  170 |   int maxAmplitudeADC2 = 0;
      |       ^~~~~~~~~~~~~~~~
arm-none-eabi-gcc -o "simplerCode.elf" @"objects.list"  -larm_cortexM4lf_math -mcpu=cortex-m4 -T"C:\Users\peter\OneDrive\Documents\IEEEMTTSCode\PhasedArrayRadar_IEEE_MTTS\STM32_Code\tutorial\simplerCode\STM32G473QETX_FLASH.ld" --specs=nosys.specs -Wl,-Map="simplerCode.map" -Wl,--gc-sections -static -L../Drivers/CMSIS/Lib/GCC -u_printf_float --specs=nano.specs -mfpu=fpv4-sp-d16 -mfloat-abi=hard -mthumb -Wl,--start-group -lc -lm -Wl,--end-group
Finished building target: simplerCode.elf
 
arm-none-eabi-size  simplerCode.elf 
arm-none-eabi-objdump -h -S simplerCode.elf  > "simplerCode.list"
   text	   data	    bss	    dec	    hex	filename
 137644	    500	  52796	 190940	  2e9dc	simplerCode.elf
Finished building: default.size.stdout
 
Finished building: simplerCode.list
 
23:39:07 **** Incremental Build of configuration Debug for project simplerCode ****
make -j22 all 
arm-none-eabi-gcc "../Core/Src/main.c" -mcpu=cortex-m4 -std=gnu11 -g3 -DDEBUG -DARM_MATH_CM4 -DUSE_HAL_DRIVER -DSTM32G473xx -c -I../Core/Inc -I../Drivers/CMSIS/DSP/PrivateInclude -I../Drivers/STM32G4xx_HAL_Driver/Inc -I../Drivers/STM32G4xx_HAL_Driver/Inc/Legacy -I../Drivers/CMSIS/Device/ST/STM32G4xx/Include -I../Drivers/CMSIS/Include -I../Drivers/CMSIS/DSP/Include -O0 -ffunction-sections -fdata-sections -Wall -fstack-usage -fcyclomatic-complexity -MMD -MP -MF"Core/Src/main.d" -MT"Core/Src/main.o" --specs=nano.specs -mfpu=fpv4-sp-d16 -mfloat-abi=hard -mthumb -o "Core/Src/main.o"
../Core/Src/main.c:27: warning: "ARM_MATH_CM4" redefined
   27 | #define ARM_MATH_CM4
      | 
<command-line>: note: this is the location of the previous definition
../Core/Src/main.c: In function 'main':
../Core/Src/main.c:183:9: warning: unused variable 'phaseDifferenceResult' [-Wunused-variable]
  183 |   float phaseDifferenceResult;
      |         ^~~~~~~~~~~~~~~~~~~~~
../Core/Src/main.c:177:7: warning: unused variable 'maxAmplitudeIndexADC4' [-Wunused-variable]
  177 |   int maxAmplitudeIndexADC4 = -1;
      |       ^~~~~~~~~~~~~~~~~~~~~
../Core/Src/main.c:176:7: warning: unused variable 'maxAmplitudeADC4' [-Wunused-variable]
  176 |   int maxAmplitudeADC4 = 0;
      |       ^~~~~~~~~~~~~~~~
../Core/Src/main.c:174:7: warning: unused variable 'maxAmplitudeIndexADC3' [-Wunused-variable]
  174 |   int maxAmplitudeIndexADC3 = -1;
      |       ^~~~~~~~~~~~~~~~~~~~~
../Core/Src/main.c:173:7: warning: unused variable 'maxAmplitudeADC3' [-Wunused-variable]
  173 |   int maxAmplitudeADC3 = 0;
      |       ^~~~~~~~~~~~~~~~
../Core/Src/main.c:171:7: warning: unused variable 'maxAmplitudeIndexADC2' [-Wunused-variable]
  171 |   int maxAmplitudeIndexADC2 = -1;
      |       ^~~~~~~~~~~~~~~~~~~~~
../Core/Src/main.c:170:7: warning: unused variable 'maxAmplitudeADC2' [-Wunused-variable]
  170 |   int maxAmplitudeADC2 = 0;
      |       ^~~~~~~~~~~~~~~~
../Core/Src/main.c: In function 'HAL_ADC_ConvHalfCpltCallback':
../Core/Src/main.c:1794:19: warning: variable 'integerBuffer' set but not used [-Wunused-but-set-variable]
 1794 |         uint16_t* integerBuffer;
      |                   ^~~~~~~~~~~~~
arm-none-eabi-gcc -o "simplerCode.elf" @"objects.list"  -larm_cortexM4lf_math -mcpu=cortex-m4 -T"C:\Users\peter\OneDrive\Documents\IEEEMTTSCode\PhasedArrayRadar_IEEE_MTTS\STM32_Code\tutorial\simplerCode\STM32G473QETX_FLASH.ld" --specs=nosys.specs -Wl,-Map="simplerCode.map" -Wl,--gc-sections -static -L../Drivers/CMSIS/Lib/GCC -u_printf_float --specs=nano.specs -mfpu=fpv4-sp-d16 -mfloat-abi=hard -mthumb -Wl,--start-group -lc -lm -Wl,--end-group
Finished building target: simplerCode.elf
 
arm-none-eabi-size  simplerCode.elf 
arm-none-eabi-objdump -h -S simplerCode.elf  > "simplerCode.list"
   text	   data	    bss	    dec	    hex	filename
 137620	    500	  52796	 190916	  2e9c4	simplerCode.elf
Finished building: default.size.stdout
 
Finished building: simplerCode.list
 
23:42:41 **** Incremental Build of configuration Debug for project simplerCode ****
make -j22 all 
arm-none-eabi-gcc "../Core/Src/main.c" -mcpu=cortex-m4 -std=gnu11 -g3 -DDEBUG -DARM_MATH_CM4 -DUSE_HAL_DRIVER -DSTM32G473xx -c -I../Core/Inc -I../Drivers/CMSIS/DSP/PrivateInclude -I../Drivers/STM32G4xx_HAL_Driver/Inc -I../Drivers/STM32G4xx_HAL_Driver/Inc/Legacy -I../Drivers/CMSIS/Device/ST/STM32G4xx/Include -I../Drivers/CMSIS/Include -I../Drivers/CMSIS/DSP/Include -O0 -ffunction-sections -fdata-sections -Wall -fstack-usage -fcyclomatic-complexity -MMD -MP -MF"Core/Src/main.d" -MT"Core/Src/main.o" --specs=nano.specs -mfpu=fpv4-sp-d16 -mfloat-abi=hard -mthumb -o "Core/Src/main.o"
../Core/Src/main.c:27: warning: "ARM_MATH_CM4" redefined
   27 | #define ARM_MATH_CM4
      | 
<command-line>: note: this is the location of the previous definition
../Core/Src/main.c: In function 'main':
../Core/Src/main.c:185:9: warning: unused variable 'phaseDifferenceResult' [-Wunused-variable]
  185 |   float phaseDifferenceResult;
      |         ^~~~~~~~~~~~~~~~~~~~~
../Core/Src/main.c:179:7: warning: unused variable 'maxAmplitudeIndexADC4' [-Wunused-variable]
  179 |   int maxAmplitudeIndexADC4 = -1;
      |       ^~~~~~~~~~~~~~~~~~~~~
../Core/Src/main.c:178:7: warning: unused variable 'maxAmplitudeADC4' [-Wunused-variable]
  178 |   int maxAmplitudeADC4 = 0;
      |       ^~~~~~~~~~~~~~~~
../Core/Src/main.c:176:7: warning: unused variable 'maxAmplitudeIndexADC3' [-Wunused-variable]
  176 |   int maxAmplitudeIndexADC3 = -1;
      |       ^~~~~~~~~~~~~~~~~~~~~
../Core/Src/main.c:175:7: warning: unused variable 'maxAmplitudeADC3' [-Wunused-variable]
  175 |   int maxAmplitudeADC3 = 0;
      |       ^~~~~~~~~~~~~~~~
../Core/Src/main.c:173:7: warning: unused variable 'maxAmplitudeIndexADC2' [-Wunused-variable]
  173 |   int maxAmplitudeIndexADC2 = -1;
      |       ^~~~~~~~~~~~~~~~~~~~~
../Core/Src/main.c:172:7: warning: unused variable 'maxAmplitudeADC2' [-Wunused-variable]
  172 |   int maxAmplitudeADC2 = 0;
      |       ^~~~~~~~~~~~~~~~
../Core/Src/main.c: In function 'HAL_ADC_ConvHalfCpltCallback':
../Core/Src/main.c:1813:9: error: too few arguments to function 'memcpy'
 1813 |         memcpy(dest, integerBuffer);
      |         ^~~~~~
In file included from ../Core/Src/main.c:25:
C:\ST\STM32CubeIDE_1.18.0\STM32CubeIDE\plugins\com.st.stm32cube.ide.mcu.externaltools.gnu-tools-for-stm32.13.3.rel1.win32_1.0.0.202411081344\tools\bin/../lib/gcc/arm-none-eabi/13.3.1/../../../../arm-none-eabi/include/string.h:31:10: note: declared here
   31 | void *   memcpy (void *__restrict, const void *__restrict, size_t);
      |          ^~~~~~
make: *** [Core/Src/subdir.mk:34: Core/Src/main.o] Error 1
"make -j22 all" terminated with exit code 2. Build might be incomplete.
23:42:49 **** Incremental Build of configuration Debug for project simplerCode ****
make -j22 all 
arm-none-eabi-gcc "../Core/Src/main.c" -mcpu=cortex-m4 -std=gnu11 -g3 -DDEBUG -DARM_MATH_CM4 -DUSE_HAL_DRIVER -DSTM32G473xx -c -I../Core/Inc -I../Drivers/CMSIS/DSP/PrivateInclude -I../Drivers/STM32G4xx_HAL_Driver/Inc -I../Drivers/STM32G4xx_HAL_Driver/Inc/Legacy -I../Drivers/CMSIS/Device/ST/STM32G4xx/Include -I../Drivers/CMSIS/Include -I../Drivers/CMSIS/DSP/Include -O0 -ffunction-sections -fdata-sections -Wall -fstack-usage -fcyclomatic-complexity -MMD -MP -MF"Core/Src/main.d" -MT"Core/Src/main.o" --specs=nano.specs -mfpu=fpv4-sp-d16 -mfloat-abi=hard -mthumb -o "Core/Src/main.o"
../Core/Src/main.c:27: warning: "ARM_MATH_CM4" redefined
   27 | #define ARM_MATH_CM4
      | 
<command-line>: note: this is the location of the previous definition
../Core/Src/main.c: In function 'main':
../Core/Src/main.c:185:9: warning: unused variable 'phaseDifferenceResult' [-Wunused-variable]
  185 |   float phaseDifferenceResult;
      |         ^~~~~~~~~~~~~~~~~~~~~
../Core/Src/main.c:179:7: warning: unused variable 'maxAmplitudeIndexADC4' [-Wunused-variable]
  179 |   int maxAmplitudeIndexADC4 = -1;
      |       ^~~~~~~~~~~~~~~~~~~~~
../Core/Src/main.c:178:7: warning: unused variable 'maxAmplitudeADC4' [-Wunused-variable]
  178 |   int maxAmplitudeADC4 = 0;
      |       ^~~~~~~~~~~~~~~~
../Core/Src/main.c:176:7: warning: unused variable 'maxAmplitudeIndexADC3' [-Wunused-variable]
  176 |   int maxAmplitudeIndexADC3 = -1;
      |       ^~~~~~~~~~~~~~~~~~~~~
../Core/Src/main.c:175:7: warning: unused variable 'maxAmplitudeADC3' [-Wunused-variable]
  175 |   int maxAmplitudeADC3 = 0;
      |       ^~~~~~~~~~~~~~~~
../Core/Src/main.c:173:7: warning: unused variable 'maxAmplitudeIndexADC2' [-Wunused-variable]
  173 |   int maxAmplitudeIndexADC2 = -1;
      |       ^~~~~~~~~~~~~~~~~~~~~
../Core/Src/main.c:172:7: warning: unused variable 'maxAmplitudeADC2' [-Wunused-variable]
  172 |   int maxAmplitudeADC2 = 0;
      |       ^~~~~~~~~~~~~~~~
../Core/Src/main.c: In function 'HAL_ADC_ConvHalfCpltCallback':
../Core/Src/main.c:1813:9: error: too few arguments to function 'memcpy'
 1813 |         memcpy(dest, integerBuffer);
      |         ^~~~~~
In file included from ../Core/Src/main.c:25:
C:\ST\STM32CubeIDE_1.18.0\STM32CubeIDE\plugins\com.st.stm32cube.ide.mcu.externaltools.gnu-tools-for-stm32.13.3.rel1.win32_1.0.0.202411081344\tools\bin/../lib/gcc/arm-none-eabi/13.3.1/../../../../arm-none-eabi/include/string.h:31:10: note: declared here
   31 | void *   memcpy (void *__restrict, const void *__restrict, size_t);
      |          ^~~~~~
make: *** [Core/Src/subdir.mk:34: Core/Src/main.o] Error 1
"make -j22 all" terminated with exit code 2. Build might be incomplete.
23:43:03 **** Incremental Build of configuration Debug for project simplerCode ****
make -j22 all 
arm-none-eabi-gcc "../Core/Src/main.c" -mcpu=cortex-m4 -std=gnu11 -g3 -DDEBUG -DARM_MATH_CM4 -DUSE_HAL_DRIVER -DSTM32G473xx -c -I../Core/Inc -I../Drivers/CMSIS/DSP/PrivateInclude -I../Drivers/STM32G4xx_HAL_Driver/Inc -I../Drivers/STM32G4xx_HAL_Driver/Inc/Legacy -I../Drivers/CMSIS/Device/ST/STM32G4xx/Include -I../Drivers/CMSIS/Include -I../Drivers/CMSIS/DSP/Include -O0 -ffunction-sections -fdata-sections -Wall -fstack-usage -fcyclomatic-complexity -MMD -MP -MF"Core/Src/main.d" -MT"Core/Src/main.o" --specs=nano.specs -mfpu=fpv4-sp-d16 -mfloat-abi=hard -mthumb -o "Core/Src/main.o"
../Core/Src/main.c:27: warning: "ARM_MATH_CM4" redefined
   27 | #define ARM_MATH_CM4
      | 
<command-line>: note: this is the location of the previous definition
../Core/Src/main.c: In function 'main':
../Core/Src/main.c:185:9: warning: unused variable 'phaseDifferenceResult' [-Wunused-variable]
  185 |   float phaseDifferenceResult;
      |         ^~~~~~~~~~~~~~~~~~~~~
../Core/Src/main.c:179:7: warning: unused variable 'maxAmplitudeIndexADC4' [-Wunused-variable]
  179 |   int maxAmplitudeIndexADC4 = -1;
      |       ^~~~~~~~~~~~~~~~~~~~~
../Core/Src/main.c:178:7: warning: unused variable 'maxAmplitudeADC4' [-Wunused-variable]
  178 |   int maxAmplitudeADC4 = 0;
      |       ^~~~~~~~~~~~~~~~
../Core/Src/main.c:176:7: warning: unused variable 'maxAmplitudeIndexADC3' [-Wunused-variable]
  176 |   int maxAmplitudeIndexADC3 = -1;
      |       ^~~~~~~~~~~~~~~~~~~~~
../Core/Src/main.c:175:7: warning: unused variable 'maxAmplitudeADC3' [-Wunused-variable]
  175 |   int maxAmplitudeADC3 = 0;
      |       ^~~~~~~~~~~~~~~~
../Core/Src/main.c:173:7: warning: unused variable 'maxAmplitudeIndexADC2' [-Wunused-variable]
  173 |   int maxAmplitudeIndexADC2 = -1;
      |       ^~~~~~~~~~~~~~~~~~~~~
../Core/Src/main.c:172:7: warning: unused variable 'maxAmplitudeADC2' [-Wunused-variable]
  172 |   int maxAmplitudeADC2 = 0;
      |       ^~~~~~~~~~~~~~~~
arm-none-eabi-gcc -o "simplerCode.elf" @"objects.list"  -larm_cortexM4lf_math -mcpu=cortex-m4 -T"C:\Users\peter\OneDrive\Documents\IEEEMTTSCode\PhasedArrayRadar_IEEE_MTTS\STM32_Code\tutorial\simplerCode\STM32G473QETX_FLASH.ld" --specs=nosys.specs -Wl,-Map="simplerCode.map" -Wl,--gc-sections -static -L../Drivers/CMSIS/Lib/GCC -u_printf_float --specs=nano.specs -mfpu=fpv4-sp-d16 -mfloat-abi=hard -mthumb -Wl,--start-group -lc -lm -Wl,--end-group
Finished building target: simplerCode.elf
 
arm-none-eabi-size  simplerCode.elf 
arm-none-eabi-objdump -h -S simplerCode.elf  > "simplerCode.list"
   text	   data	    bss	    dec	    hex	filename
 137616	    500	  56892	 195008	  2f9c0	simplerCode.elf
Finished building: default.size.stdout
 
Finished building: simplerCode.list
 
23:43:26 **** Incremental Build of configuration Debug for project simplerCode ****
make -j22 all 
arm-none-eabi-size  simplerCode.elf 
   text	   data	    bss	    dec	    hex	filename
 137616	    500	  56892	 195008	  2f9c0	simplerCode.elf
Finished building: default.size.stdout
 
