04:35:05 **** Incremental Build of configuration Debug for project test ****
make -j22 all 
arm-none-eabi-gcc "../Core/Src/stm32g4xx_hal_msp.c" -mcpu=cortex-m4 -std=gnu11 -g3 -DDEBUG -DUSE_HAL_DRIVER -DSTM32G473xx -c -I../Core/Inc -I../Drivers/STM32G4xx_HAL_Driver/Inc -I../Drivers/STM32G4xx_HAL_Driver/Inc/Legacy -I../Drivers/CMSIS/Device/ST/STM32G4xx/Include -I../Drivers/CMSIS/Include -O0 -ffunction-sections -fdata-sections -Wall -fstack-usage -fcyclomatic-complexity -MMD -MP -MF"Core/Src/stm32g4xx_hal_msp.d" -MT"Core/Src/stm32g4xx_hal_msp.o" --specs=nano.specs -mfpu=fpv4-sp-d16 -mfloat-abi=hard -mthumb -o "Core/Src/stm32g4xx_hal_msp.o"
arm-none-eabi-gcc -o "test.elf" @"objects.list"   -mcpu=cortex-m4 -T"C:\Users\peter\OneDrive\Documents\IEEEMTTSCode\PhasedArrayRadar_IEEE_MTTS\STM32_Code\tutorial\test\STM32G473QETX_FLASH.ld" --specs=nosys.specs -Wl,-Map="test.map" -Wl,--gc-sections -static --specs=nano.specs -mfpu=fpv4-sp-d16 -mfloat-abi=hard -mthumb -Wl,--start-group -lc -lm -Wl,--end-group
Finished building target: test.elf
 
arm-none-eabi-size  test.elf 
arm-none-eabi-objdump -h -S test.elf  > "test.list"
   text	   data	    bss	    dec	    hex	filename
  41636	     92	  36652	  78380	  1322c	test.elf
Finished building: default.size.stdout
 
Finished building: test.list
 
04:35:10 **** Incremental Build of configuration Debug for project test ****
make -j22 all 
arm-none-eabi-size  test.elf 
   text	   data	    bss	    dec	    hex	filename
  41636	     92	  36652	  78380	  1322c	test.elf
Finished building: default.size.stdout
 
